Mar 16 08:58:45 balon kernel: [50825.570919@0] [adjust link -> eth: am_adjust_link state change (new_state=true)
Mar 16 08:58:45 balon kernel: [50825.577398@0] libphy: 0:01 - Link is Down
Mar 16 09:01:05 balon kernel: [50965.581643@0] [adjust link] -> eth: full-duplex
Mar 16 09:01:05 balon kernel: [50965.586498@0] [adjust link] -> eth: phy_speed <> priv_speed)
Mar 16 09:01:05 balon kernel: [50965.591378@0] [adjust link] -> eth: switching to RGMII 100
Mar 16 09:01:05 balon kernel: [50965.596832@0] [adjust link -> eth: am_adjust_link state change (new_state=true)
Mar 16 09:01:05 balon kernel: [50965.604148@0] libphy: 0:01 - Link is Up - 100/Full
Mar 16 09:19:17 balon kernel: [    0.000000@0] Booting Linux on physical CPU 0x200
Mar 16 09:19:17 balon kernel: [    0.000000@0] Initializing cgroup subsys cpuset
Mar 16 09:19:17 balon kernel: [    0.000000@0] Initializing cgroup subsys cpu
Mar 16 09:19:17 balon kernel: [    0.000000@0] Initializing cgroup subsys cpuacct
Mar 16 09:19:17 balon kernel: [    0.000000@0] Linux version 3.10.104-185 (root@1604_builder_armhf) (gcc version 5.4.1 20160904 (Ubuntu/Linaro 5.4.1-2ubuntu1~16.04) ) #1 SMP PREEMPT Fri Feb 24 08:35:43 UTC 2017
Mar 16 09:19:17 balon kernel: [    0.000000@0] Kernel was built at commit id '3ee55a9'
Mar 16 09:19:17 balon kernel: [    0.000000@0] CPU: ARMv7 Processor [410fc051] revision 1 (ARMv7), cr=10c5387d
Mar 16 09:19:17 balon kernel: [    0.000000@0] CPU: PIPT / VIPT nonaliasing data cache, VIPT aliasing instruction cache
Mar 16 09:19:17 balon kernel: [    0.000000@0] Machine: ODROIDC, model: AMLOGIC
Mar 16 09:19:17 balon kernel: [    0.000000@0] physical memory start address is 0x200000
Mar 16 09:19:17 balon kernel: [    0.000000@0] reserved_end is e3fffff 
Mar 16 09:19:17 balon kernel: [    0.000000@0]  
Mar 16 09:19:17 balon kernel: [    0.000000@0] Total memory is 1022 MiB
Mar 16 09:19:17 balon kernel: [    0.000000@0] Reserved low memory from 0x06000000 to 0x0e3fffff, size: 132 MiB 
Mar 16 09:19:17 balon kernel: [    0.000000@0] 	mesonfb0(low)   	: 0x06100000 - 0x07900000 ( 24 MiB)
Mar 16 09:19:17 balon kernel: [    0.000000@0] 	mesonfb1(low)   	: 0x07900000 - 0x07a00000 (  1 MiB)
Mar 16 09:19:17 balon kernel: [    0.000000@0] 	mesonstream0(low)   	: 0x07a00000 - 0x09a00000 ( 32 MiB)
Mar 16 09:19:17 balon kernel: [    0.000000@0] 	vdec0(low)   	: 0x09a00000 - 0x0da00000 ( 64 MiB)
Mar 16 09:19:17 balon kernel: [    0.000000@0] 	ppmgr0(high)   	: 0x3f000000 - 0x40000000 ( 16 MiB)
Mar 16 09:19:17 balon kernel: [    0.000000@0] 	deinterlace0(high)   	: 0x3cf00000 - 0x3f000000 ( 33 MiB)
Mar 16 09:19:17 balon kernel: [    0.000000@0] 	amvideocap0(low)   	: 0x0da00000 - 0x0e400000 ( 10 MiB)
Mar 16 09:19:17 balon kernel: [    0.000000@0] cma: CMA: reserved 8 MiB at 3c400000
Mar 16 09:19:17 balon kernel: [    0.000000@0] cma: Found region@0, memory base 0, size 42 MiB
Mar 16 09:19:17 balon kernel: [    0.000000@0] cma: CMA: reserved 44 MiB at 2cc00000
Mar 16 09:19:17 balon kernel: [    0.000000@0] Memory policy: ECC disabled, Data cache writealloc
Mar 16 09:19:17 balon kernel: [    0.000000@0] On node 0 totalpages: 211712
Mar 16 09:19:17 balon kernel: [    0.000000@0] free_area_init_node: node 0, pgdat c09f7ac0, node_mem_map c0c91000
Mar 16 09:19:17 balon kernel: [    0.000000@0]   Normal zone: 1520 pages used for memmap
Mar 16 09:19:17 balon kernel: [    0.000000@0]   Normal zone: 0 pages reserved
Mar 16 09:19:17 balon kernel: [    0.000000@0]   Normal zone: 157184 pages, LIFO batch:31
Mar 16 09:19:17 balon kernel: [    0.000000@0]   HighMem zone: 426 pages used for memmap
Mar 16 09:19:17 balon kernel: [    0.000000@0]   HighMem zone: 54528 pages, LIFO batch:15
Mar 16 09:19:17 balon kernel: [    0.000000@0] Meson chip version = RevA (1B:A - 0:B72)
Mar 16 09:19:17 balon kernel: [    0.000000@0] PERCPU: Embedded 8 pages/cpu @c143a000 s8448 r8192 d16128 u32768
Mar 16 09:19:17 balon kernel: [    0.000000@0] pcpu-alloc: s8448 r8192 d16128 u32768 alloc=8*4096
Mar 16 09:19:17 balon kernel: [    0.000000@0] pcpu-alloc: [0] 0 [0] 1 [0] 2 [0] 3 
Mar 16 09:19:17 balon kernel: [    0.000000@0] Built 1 zonelists in Zone order, mobility grouping on.  Total pages: 210192
Mar 16 09:19:17 balon kernel: [    0.000000@0] Kernel command line: root=UUID=e139ce78-9841-40fe-8823-96a304a09859 rootwait ro console=tty0 console=ttyS0,115200n8 no_console_suspend fsck.repair=yes vdaccfg=0xa000 logo=osd1,loaded,0x7900000,720p,full dmfc=3 cvbsmode=576cvbs hdmimode=1080p m_bpp=32 vout=hdmi disableuhs disablehpd=true monitor_onoff=false max_freq=1536
Mar 16 09:19:17 balon kernel: [    0.000000@0] cvbs trimming line = 0xa000
Mar 16 09:19:17 balon kernel: [    0.000000@0] cvbs trimming.1.v5: 0xa0, 0x0
Mar 16 09:19:17 balon kernel: [    0.000000@0] osd1:1
Mar 16 09:19:17 balon kernel: [    0.000000@0] loaded:268435459
Mar 16 09:19:17 balon kernel: [    0.000000@0] logo has been loaded
Mar 16 09:19:17 balon kernel: [    0.000000@0] 720p:11
Mar 16 09:19:17 balon kernel: [    0.000000@0] full:2
Mar 16 09:19:17 balon kernel: [    0.000000@0] kernel get cvbsmode form uboot is 576cvbs
Mar 16 09:19:17 balon kernel: [    0.000000@0] kernel get hdmimode form uboot is 1080p
Mar 16 09:19:17 balon kernel: [    0.000000@0] PID hash table entries: 4096 (order: 2, 16384 bytes)
Mar 16 09:19:17 balon kernel: [    0.000000@0] Dentry cache hash table entries: 131072 (order: 7, 524288 bytes)
Mar 16 09:19:17 balon kernel: [    0.000000@0] Inode-cache hash table entries: 65536 (order: 6, 262144 bytes)
Mar 16 09:19:17 balon kernel: [    0.000000@0] allocated 1992704 bytes of page_cgroup
Mar 16 09:19:17 balon kernel: [    0.000000@0] please try 'cgroup_disable=memory' option if you don't want memory cgroups
Mar 16 09:19:17 balon kernel: [    0.000000@0] Memory: 64MB 16MB 747MB = 827MB total
Mar 16 09:19:17 balon kernel: [    0.000000@0] Memory: 765232k/765232k available, 81616k reserved, 209920K highmem
Mar 16 09:19:17 balon kernel: [    0.000000@0] Virtual kernel memory layout:
Mar 16 09:19:17 balon kernel: [    0.000000@0]     vector  : 0xffff0000 - 0xffff1000   (   4 kB)
Mar 16 09:19:17 balon kernel: [    0.000000@0]     fixmap  : 0xfff00000 - 0xfffe0000   ( 896 kB)
Mar 16 09:19:17 balon kernel: [    0.000000@0]     vmalloc : 0xf0000000 - 0xff000000   ( 240 MB)
Mar 16 09:19:17 balon kernel: [    0.000000@0]     lowmem  : 0xc0000000 - 0xef800000   ( 760 MB)
Mar 16 09:19:17 balon kernel: [    0.000000@0]     pkmap   : 0xbfe00000 - 0xc0000000   (   2 MB)
Mar 16 09:19:17 balon kernel: [    0.000000@0]     modules : 0xbf000000 - 0xbfe00000   (  14 MB)
Mar 16 09:19:17 balon kernel: [    0.000000@0]       .text : 0xc0008000 - 0xc09450e8   (9461 kB)
Mar 16 09:19:17 balon kernel: [    0.000000@0]       .init : 0xc0946000 - 0xc097e100   ( 225 kB)
Mar 16 09:19:17 balon kernel: [    0.000000@0]       .data : 0xc0980000 - 0xc09f8a00   ( 483 kB)
Mar 16 09:19:17 balon kernel: [    0.000000@0]        .bss : 0xc09f8a00 - 0xc0c8c4bc   (2639 kB)
Mar 16 09:19:17 balon kernel: [    0.000000@0] SLUB: HWalign=64, Order=0-3, MinObjects=0, CPUs=4, Nodes=1
Mar 16 09:19:17 balon kernel: [    0.000000@0] Preemptible hierarchical RCU implementation.
Mar 16 09:19:17 balon kernel: [    0.000000@0] NR_IRQS:256
Mar 16 09:19:17 balon kernel: [    0.000000@0] sched_clock: 32 bits at 1000kHz, resolution 1000ns, wraps every 4294967ms
Mar 16 09:19:17 balon kernel: [    0.000000@0] Global timer: MESON TIMER-F (c099b440) initialized
Mar 16 09:19:17 balon kernel: [    0.000000@0] Switching to timer-based delay loop
Mar 16 09:19:17 balon kernel: [    0.000000@0] Console: colour dummy device 80x30
Mar 16 09:19:17 balon kernel: [    0.000000@0] console [tty0] enabled
Mar 16 09:19:17 balon kernel: [    0.000000@0] meson_serial_console_setup
Mar 16 09:19:17 balon kernel: [    0.000000@0] console [ttyS0] enabled
Mar 16 09:19:17 balon kernel: [    0.375978@0] Calibrating delay loop (skipped), value calculated using timer frequency.. 2.00 BogoMIPS (lpj=10000)
Mar 16 09:19:17 balon kernel: [    0.386245@0] pid_max: default: 32768 minimum: 301
Mar 16 09:19:17 balon kernel: [    0.391252@0] Security Framework initialized
Mar 16 09:19:17 balon kernel: [    0.395291@0] AppArmor: AppArmor initialized
Mar 16 09:19:17 balon kernel: [    0.399562@0] Mount-cache hash table entries: 512
Mar 16 09:19:17 balon kernel: [    0.408787@0] Initializing cgroup subsys memory
Mar 16 09:19:17 balon kernel: [    0.408891@0] Initializing cgroup subsys devices
Mar 16 09:19:17 balon kernel: [    0.413332@0] Initializing cgroup subsys freezer
Mar 16 09:19:17 balon kernel: [    0.417857@0] Initializing cgroup subsys blkio
Mar 16 09:19:17 balon kernel: [    0.422307@0] Initializing cgroup subsys perf_event
Mar 16 09:19:17 balon kernel: [    0.427263@0] CPU: Testing write buffer coherency: ok
Mar 16 09:19:17 balon kernel: [    0.432591@0] CPU0: thread -1, cpu 0, socket 2, mpidr 80000200
Mar 16 09:19:17 balon kernel: [    0.438027@0] Setting up static identity map for 0xc06a3ca8 - 0xc06a3d00
Mar 16 09:19:17 balon kernel: [    0.444785@0] L310 cache controller enabled
Mar 16 09:19:17 balon kernel: [    0.448766@0] l2x0: 8 ways, 2048 sets, CACHE_ID 0x4100a0c9,  Cache size: 524288 B
Mar 16 09:19:17 balon kernel: [    0.456260@0]       AUX_CTRL 0x7ec60001, PERFETCH_CTRL 0x75000007, POWER_CTRL  0x00000000
Mar 16 09:19:17 balon kernel: [    0.464363@0]       TAG_LATENCY 0x00000111, DATA_LATENCY 0x00000222
Mar 16 09:19:17 balon kernel: [    0.550332@1] CPU1: Booted secondary processor
Mar 16 09:19:17 balon kernel: [    0.550353@1] CPU1: thread -1, cpu 1, socket 2, mpidr 80000201
Mar 16 09:19:17 balon kernel: [    0.570334@2] CPU2: Booted secondary processor
Mar 16 09:19:17 balon kernel: [    0.570347@2] CPU2: thread -1, cpu 2, socket 2, mpidr 80000202
Mar 16 09:19:17 balon kernel: [    0.590329@3] CPU3: Booted secondary processor
Mar 16 09:19:17 balon kernel: [    0.590342@3] CPU3: thread -1, cpu 3, socket 2, mpidr 80000203
Mar 16 09:19:17 balon kernel: [    0.590433@0] Brought up 4 CPUs
Mar 16 09:19:17 balon kernel: [    0.618618@0] SMP: Total of 4 processors activated (8.00 BogoMIPS).
Mar 16 09:19:17 balon kernel: [    0.624850@0] CPU: All CPU(s) started in SVC mode.
Mar 16 09:19:17 balon kernel: [    0.630318@0] devtmpfs: initialized
Mar 16 09:19:17 balon kernel: [    0.639755@0] clkrate [ xtal 	] : 24000000
Mar 16 09:19:17 balon kernel: [    0.639800@0] clkrate [ pll_sys 	] : 1200000000
Mar 16 09:19:17 balon kernel: [    0.642754@0] clkrate [ pll_fixed 	] : 2550000000
Mar 16 09:19:17 balon kernel: [    0.647406@0] clkrate [ pll_vid 	] : 732000000
Mar 16 09:19:17 balon kernel: [    0.651833@0] clkrate [ pll_ddr 	] : 0
Mar 16 09:19:17 balon kernel: [    0.655544@0] clkrate [ a9_clk 	] : 1200000000
Mar 16 09:19:17 balon kernel: [    0.659961@0] clkrate [ clk81 	] : 159375000
Mar 16 09:19:17 balon kernel: [    0.664580@0] pinctrl core: initialized pinctrl subsystem
Mar 16 09:19:17 balon kernel: [    0.669774@0] regulator-dummy: no parameters
Mar 16 09:19:17 balon kernel: [    0.675678@0] NET: Registered protocol family 16
Mar 16 09:19:17 balon kernel: [    0.682742@0] DMA: preallocated 4096 KiB pool for atomic coherent allocations
Mar 16 09:19:17 balon kernel: [    0.686669@0] VPU driver version: v02
Mar 16 09:19:17 balon kernel: [    0.689142@0] load vpu_clk in dts: 182150000Hz(3)
Mar 16 09:19:17 balon kernel: [    0.693869@0] vpu_probe OK
Mar 16 09:19:17 balon kernel: [    0.696712@0] cma: Assigned CMA region with name cma_0 to amvenc_avc.0 device
Mar 16 09:19:17 balon kernel: [    0.705397@0] amlogic_gpio gpio: Probed amlogic GPIO driver
Mar 16 09:19:17 balon kernel: [    0.709586@0] register lm device lm-root
Mar 16 09:19:17 balon kernel: [    0.713090@0] register lm device lm1
Mar 16 09:19:17 balon kernel: [    0.716617@0] register lm device lm0
Mar 16 09:19:17 balon kernel: [    0.720210@0] hw-breakpoint: found 2 (+1 reserved) breakpoint and 1 watchpoint registers.
Mar 16 09:19:17 balon kernel: [    0.728286@0] hw-breakpoint: maximum watchpoint size is 4 bytes.
Mar 16 09:19:17 balon kernel: [    0.734379@0] Init pinux probe!
Mar 16 09:19:17 balon kernel: [    0.738036@0] pinmux-m8b pinmux: Probed amlogic pinctrl driver
Mar 16 09:19:17 balon kernel: [    0.743226@0] tv_init_module
Mar 16 09:19:17 balon kernel: [    0.746039@0] major number 254 for disp
Mar 16 09:19:17 balon kernel: [    0.749837@0] vout_register_server
Mar 16 09:19:17 balon kernel: [    0.753228@0] register tv module server ok
Mar 16 09:19:17 balon kernel: [    0.757344@0] call aml_dvfs_init in
Mar 16 09:19:17 balon kernel: [    0.760811@0] [DVFS]aml_dvfs_probe, child name:vcck_dvfs
Mar 16 09:19:17 balon kernel: [    0.760822@0] [DVFS]dvfs table of vcck_dvfs is:
Mar 16 09:19:17 balon kernel: [    0.760829@0] [DVFS]     freq,    min_uV,    max_uV
Mar 16 09:19:17 balon kernel: [    0.760836@0] [DVFS]    96000,    825000,    825000
Mar 16 09:19:17 balon kernel: [    0.760843@0] [DVFS]   192000,    825000,    825000
Mar 16 09:19:17 balon kernel: [    0.760849@0] [DVFS]   312000,    825000,    825000
Mar 16 09:19:17 balon kernel: [    0.760855@0] [DVFS]   408000,    825000,    825000
Mar 16 09:19:17 balon kernel: [    0.760862@0] [DVFS]   504000,    825000,    825000
Mar 16 09:19:17 balon kernel: [    0.760868@0] [DVFS]   600000,    825000,    825000
Mar 16 09:19:17 balon kernel: [    0.760875@0] [DVFS]   720000,    825000,    825000
Mar 16 09:19:17 balon kernel: [    0.760881@0] [DVFS]   816000,    850000,    850000
Mar 16 09:19:17 balon kernel: [    0.760888@0] [DVFS]  1008000,    875000,    875000
Mar 16 09:19:17 balon kernel: [    0.760894@0] [DVFS]  1200000,    925000,    925000
Mar 16 09:19:17 balon kernel: [    0.760901@0] [DVFS]  1320000,   1100000,   1100000
Mar 16 09:19:17 balon kernel: [    0.760907@0] [DVFS]  1488000,   1100000,   1100000
Mar 16 09:19:17 balon kernel: [    0.760914@0] [DVFS]  1536000,   1140000,   1140000
Mar 16 09:19:17 balon kernel: [    0.760920@0] [DVFS]  1632000,   1140000,   1140000
Mar 16 09:19:17 balon kernel: [    0.760927@0] [DVFS]  1728000,   1140000,   1140000
Mar 16 09:19:17 balon kernel: [    0.760933@0] [DVFS]  1824000,   1140000,   1140000
Mar 16 09:19:17 balon kernel: [    0.761010@0] hdmitx: system: amhdmitx_init
Mar 16 09:19:17 balon kernel: [    0.764905@0] hdmitx: system: Ver: 2014May6
Mar 16 09:19:17 balon kernel: [    0.769118@0] hdmitx: system: amhdmitx_probe
Mar 16 09:19:17 balon kernel: [    0.773592@0] hdmitx: system: gate/pwr cmd: 7
Mar 16 09:19:17 balon kernel: [    0.777636@0] hdmitx: system: ALREADY init VIC = 4
Mar 16 09:19:17 balon kernel: [    0.782413@0] hdmitx: system: gate/pwr cmd: 0
Mar 16 09:19:17 balon kernel: [    0.787163@1] hdmitx: system: reset intr mask
Mar 16 09:19:17 balon kernel: [    0.817597@0] bio: create slab <bio-0> at 0
Mar 16 09:19:17 balon kernel: [    0.818287@0] SCSI subsystem initialized
Mar 16 09:19:17 balon kernel: [    0.820258@0] usbcore: registered new interface driver usbfs
Mar 16 09:19:17 balon kernel: [    0.825721@0] usbcore: registered new interface driver hub
Mar 16 09:19:17 balon kernel: [    0.831241@0] usbcore: registered new device driver usb
Mar 16 09:19:17 balon kernel: [    0.836400@0] media: Linux media interface: v0.10
Mar 16 09:19:17 balon kernel: [    0.841055@0] Linux video capture interface: v2.00
Mar 16 09:19:17 balon kernel: [    0.846201@0] request vpu clk holdings: vencp 159375000Hz
Mar 16 09:19:17 balon kernel: [    0.851157@0] TV mode 1080p selected.
Mar 16 09:19:17 balon kernel: [    0.854775@0] tvoutc_setmode[460]
Mar 16 09:19:17 balon kernel: [    0.858062@0] aml_logo: outputmode changed(11->26), reset osd1 scaler.
Mar 16 09:19:17 balon kernel: [    4.863272@0] get property:                  use_pwm, value:0x00000001, dec:       1
Mar 16 09:19:17 balon kernel: [    4.865393@0] get property:              table_count, value:0x0000001d, dec:      29
Mar 16 09:19:17 balon kernel: [    4.873123@0] meson_cs_dvfs_probe, table count:29, use_pwm:1, pwm controller:2
Mar 16 09:19:17 balon kernel: [    4.880292@0]  0, 010f001b,  860000
Mar 16 09:19:17 balon kernel: [    4.883735@0]  1, 01050025,  870000
Mar 16 09:19:17 balon kernel: [    4.887197@0]  2, 00fc002e,  880000
Mar 16 09:19:17 balon kernel: [    4.890672@0]  3, 00f30037,  890000
Mar 16 09:19:17 balon kernel: [    4.894125@0]  4, 00ea0040,  900000
Mar 16 09:19:17 balon kernel: [    4.897588@0]  5, 00e10049,  910000
Mar 16 09:19:17 balon kernel: [    4.901063@0]  6, 00d60054,  920000
Mar 16 09:19:17 balon kernel: [    4.904515@0]  7, 00cb005f,  930000
Mar 16 09:19:17 balon kernel: [    4.907979@0]  8, 00c0006a,  940000
Mar 16 09:19:17 balon kernel: [    4.911453@0]  9, 00b50075,  950000
Mar 16 09:19:17 balon kernel: [    4.914906@0] 10, 00aa0080,  960000
Mar 16 09:19:17 balon kernel: [    4.918369@0] 11, 00a0008a,  970000
Mar 16 09:19:17 balon kernel: [    4.921844@0] 12, 00960094,  980000
Mar 16 09:19:17 balon kernel: [    4.925297@0] 13, 008d009d,  990000
Mar 16 09:19:17 balon kernel: [    4.928760@0] 14, 007b00af, 1000000
Mar 16 09:19:17 balon kernel: [    4.932234@0] 15, 007200b8, 1010000
Mar 16 09:19:17 balon kernel: [    4.935687@0] 16, 006900c1, 1020000
Mar 16 09:19:17 balon kernel: [    4.939150@0] 17, 006000ca, 1030000
Mar 16 09:19:17 balon kernel: [    4.942625@0] 18, 005700d3, 1040000
Mar 16 09:19:17 balon kernel: [    4.946078@0] 19, 004e00dc, 1050000
Mar 16 09:19:17 balon kernel: [    4.949541@0] 20, 004500e5, 1060000
Mar 16 09:19:17 balon kernel: [    4.953016@0] 21, 003c00ee, 1070000
Mar 16 09:19:17 balon kernel: [    4.956469@0] 22, 003300f7, 1080000
Mar 16 09:19:17 balon kernel: [    4.959932@0] 23, 002a0100, 1090000
Mar 16 09:19:17 balon kernel: [    4.963406@0] 24, 00180109, 1100000
Mar 16 09:19:17 balon kernel: [    4.966859@0] 25, 000f011b, 1110000
Mar 16 09:19:17 balon kernel: [    4.970333@0] 26, 000a0120, 1120000
Mar 16 09:19:17 balon kernel: [    4.973786@0] 27, 00050125, 1130000
Mar 16 09:19:17 balon kernel: [    4.977249@0] 28, 0000012a, 1140000
Mar 16 09:19:17 balon kernel: [    4.980765@0] get pin for pwm--------
Mar 16 09:19:17 balon kernel: [    4.984354@0] [DVFS]aml_dvfs_register_driver, driver meson-cs-dvfs regist success, mask:1, source id:1
Mar 16 09:19:17 balon kernel: [    4.984583@0] Advanced Linux Sound Architecture Driver Initialized.
Mar 16 09:19:17 balon kernel: [    4.991024@0] Bluetooth: Core ver 2.16
Mar 16 09:19:17 balon kernel: [    4.994345@0] NET: Registered protocol family 31
Mar 16 09:19:17 balon kernel: [    4.998898@0] Bluetooth: HCI device and connection manager initialized
Mar 16 09:19:17 balon kernel: [    5.005424@0] Bluetooth: HCI socket layer initialized
Mar 16 09:19:17 balon kernel: [    5.010435@0] Bluetooth: L2CAP socket layer initialized
Mar 16 09:19:17 balon kernel: [    5.015631@0] Bluetooth: SCO socket layer initialized
Mar 16 09:19:17 balon kernel: [    5.020797@0] Loading modules backported from Linux version next-20150129-0-g828f79f
Mar 16 09:19:17 balon kernel: [    5.028346@0] Backport integrated by backports.git backports-20150129-0-gdd4a670
Mar 16 09:19:17 balon kernel: [    5.035944@0] cfg80211: Calling CRDA to update world regulatory domain
Mar 16 09:19:17 balon kernel: [    5.042947@0] Switching to clocksource Timer-E
Mar 16 09:19:17 balon kernel: [    5.046917@0] AppArmor: AppArmor Filesystem Enabled
Mar 16 09:19:17 balon kernel: [    5.058981@0] NET: Registered protocol family 2
Mar 16 09:19:17 balon kernel: [    5.059711@0] TCP established hash table entries: 8192 (order: 4, 65536 bytes)
Mar 16 09:19:17 balon kernel: [    5.065182@0] TCP bind hash table entries: 8192 (order: 4, 65536 bytes)
Mar 16 09:19:17 balon kernel: [    5.071788@0] TCP: Hash tables configured (established 8192 bind 8192)
Mar 16 09:19:17 balon kernel: [    5.078225@0] TCP: reno registered
Mar 16 09:19:17 balon kernel: [    5.081529@0] UDP hash table entries: 512 (order: 2, 16384 bytes)
Mar 16 09:19:17 balon kernel: [    5.087632@0] UDP-Lite hash table entries: 512 (order: 2, 16384 bytes)
Mar 16 09:19:17 balon kernel: [    5.094317@0] NET: Registered protocol family 1
Mar 16 09:19:17 balon kernel: [    5.098807@0] Unpacking initramfs...
Mar 16 09:19:17 balon kernel: [    5.371558@0] Freeing initrd memory: 4640K (c4e08000 - c5290000)
Mar 16 09:19:17 balon kernel: [    5.372676@0] hw perfevents: enabled with ARMv7 Cortex-A9 PMU driver, 3 counters available
Mar 16 09:19:17 balon kernel: [    5.380746@0] audit: initializing netlink socket (disabled)
Mar 16 09:19:17 balon kernel: [    5.385734@0] type=2000 audit(5.280:1): initialized
Mar 16 09:19:17 balon kernel: [    5.391260@0] bounce pool size: 64 pages
Mar 16 09:19:17 balon kernel: [    5.399664@0] VFS: Disk quotas dquot_6.5.2
Mar 16 09:19:17 balon kernel: [    5.399932@0] Dquot-cache hash table entries: 1024 (order 0, 4096 bytes)
Mar 16 09:19:17 balon kernel: [    5.407292@0] aufs 3.10.x
Mar 16 09:19:17 balon kernel: [    5.407800@0] msgmni has been set to 1181
Mar 16 09:19:17 balon kernel: [    5.413227@0] Block layer SCSI generic (bsg) driver version 0.4 loaded (major 249)
Mar 16 09:19:17 balon kernel: [    5.419343@0] io scheduler noop registered
Mar 16 09:19:17 balon kernel: [    5.423369@0] io scheduler deadline registered
Mar 16 09:19:17 balon kernel: [    5.427930@0] io scheduler cfq registered (default)
Mar 16 09:19:17 balon kernel: [    5.475279@0] [drm] Initialized drm 1.1.0 20060810
Mar 16 09:19:17 balon kernel: [    5.475448@0] gpu cooling register okay with err=0
Mar 16 09:19:17 balon kernel: [    5.482040@0] Mali: Mali device driver loaded
Mar 16 09:19:17 balon kernel: [    5.483672@0] UMP: UMP device driver -jenkins-deb_kernel_c1-185 loaded
Mar 16 09:19:17 balon kernel: [    5.492898@0] loop: module loaded
Mar 16 09:19:17 balon kernel: [    5.493816@0] tun: Universal TUN/TAP device driver, 1.6
Mar 16 09:19:17 balon kernel: [    5.498543@0] tun: (C) 1999-2004 Max Krasnyansky <maxk@qualcomm.com>
Mar 16 09:19:17 balon kernel: [    5.504973@0] PPP generic driver version 2.4.2
Mar 16 09:19:17 balon kernel: [    5.509624@0] usbcore: registered new interface driver usb-storage
Mar 16 09:19:17 balon kernel: [    5.515514@0] usbcore: registered new interface driver usbserial
Mar 16 09:19:17 balon kernel: [    5.521440@0] usbcore: registered new interface driver usbserial_generic
Mar 16 09:19:17 balon kernel: [    5.528091@0] usbserial: USB Serial support registered for generic
Mar 16 09:19:17 balon kernel: [    5.534435@0] mousedev: PS/2 mouse device common for all mice
Mar 16 09:19:17 balon kernel: [    5.540184@0] i2c /dev entries driver
Mar 16 09:19:17 balon kernel: [    5.543891@0] device-mapper: uevent: version 1.0.3
Mar 16 09:19:17 balon kernel: [    5.548612@0] device-mapper: ioctl: 4.24.0-ioctl (2013-01-15) initialised: dm-devel@redhat.com
Mar 16 09:19:17 balon kernel: [    5.557035@0] Bluetooth: HCI UART driver ver 2.2
Mar 16 09:19:17 balon kernel: [    5.561468@0] Bluetooth: HCI H4 protocol initialized
Mar 16 09:19:17 balon kernel: [    5.566401@0] Bluetooth: HCI BCSP protocol initialized
Mar 16 09:19:17 balon kernel: [    5.571529@0] Bluetooth: HCILL protocol initialized
Mar 16 09:19:17 balon kernel: [    5.576359@0] Bluetooth: HCIATH3K protocol initialized
Mar 16 09:19:17 balon kernel: [    5.581482@0] Bluetooth: HCI Three-wire UART (H5) protocol initialized
Mar 16 09:19:17 balon kernel: [    5.588527@0] ledtrig-cpu: registered to indicate activity on CPUs
Mar 16 09:19:17 balon kernel: [    5.594175@0] hidraw: raw HID events driver (C) Jiri Kosina
Mar 16 09:19:17 balon kernel: [    5.599903@0] usbcore: registered new interface driver usbhid
Mar 16 09:19:17 balon kernel: [    5.605368@0] usbhid: USB HID core driver
Mar 16 09:19:17 balon kernel: [    5.609577@0] efuse===========================================
Mar 16 09:19:17 balon kernel: [    5.615292@0] efuse: device efuse created
Mar 16 09:19:17 balon kernel: [    5.619206@0] efuse--------------------------------------------
Mar 16 09:19:17 balon kernel: [    5.625024@0] vout_init_module
Mar 16 09:19:17 balon kernel: [    5.628105@0] start init vout module 
Mar 16 09:19:17 balon kernel: [    5.631804@0] create  vout attribute ok 
Mar 16 09:19:17 balon kernel: [    5.635826@0] ge2d_init
Mar 16 09:19:17 balon kernel: [    5.638215@0] ge2d_dev major:244
Mar 16 09:19:17 balon kernel: [    5.641620@0] ge2d start monitor
Mar 16 09:19:17 balon kernel: [    5.644852@0] osd_init
Mar 16 09:19:17 balon kernel: [    5.644864@1] ge2d workqueue monitor start
Mar 16 09:19:17 balon kernel: [    5.651318@0] osd_probe, vinfo:c06e4648
Mar 16 09:19:17 balon kernel: [    5.655376@0] Frame buffer memory assigned at phy:0x06100000, vir:0xf1000000, size=24576K
Mar 16 09:19:17 balon kernel: [    5.663240@0] osd_probe, mydef_var:c09ce67c, vinfo:c06e4648
Mar 16 09:19:17 balon kernel: [    5.668768@0] init fbdev bpp is :32
Mar 16 09:19:17 balon kernel: [    5.672297@0] ---------------clear framebuffer0 memory  
Mar 16 09:19:17 balon kernel: [    6.689919@0] Console: switching to colour frame buffer device 160x90
Mar 16 09:19:17 balon kernel: [    6.703113@0] Frame buffer memory assigned at phy:0x07900000, vir:0xf0600000, size=1024K
Mar 16 09:19:17 balon kernel: [    6.711102@0] osd_probe, mydef_var:c09ce67c, vinfo:c06e4648
Mar 16 09:19:17 balon kernel: [    6.716593@0] don't find to display_size_default from mesonfb-dts
Mar 16 09:19:17 balon kernel: [    6.722675@0] init fbdev bpp is :24
Mar 16 09:19:17 balon kernel: [    7.716666@0] osd probe ok  
Mar 16 09:19:17 balon kernel: [    7.716732@0] hdmitx: video: get current mode: 1080p
Mar 16 09:19:17 balon kernel: [    7.719003@0] hdmitx: video: get current mode: 1080p
Mar 16 09:19:17 balon kernel: [    7.723936@0] hdmitx: system: gate/pwr cmd: 7
Mar 16 09:19:17 balon kernel: [    7.728319@0] hdmitx: system: already init VIC = 0  Now VIC = 16
Mar 16 09:19:17 balon kernel: [    7.734253@0] hdmitx: system:  16 (cd0,cs0,pm1,vd0,1) 
Mar 16 09:19:17 balon kernel: [    7.739362@0] hdmitx: system: gate/pwr cmd: 0
Mar 16 09:19:17 balon kernel: [    7.743670@0] hdmitx: system: hw reset
Mar 16 09:19:17 balon kernel: [    7.748438@0] hdmitx: audio: SPDIF
Mar 16 09:19:17 balon kernel: [    7.750807@0] reconfig packet setting done
Mar 16 09:19:17 balon kernel: [    7.774821@0] hdmitx: system: set pll
Mar 16 09:19:17 balon kernel: [    7.774892@0] hdmitx: system: param->VIC:16
Mar 16 09:19:17 balon kernel: [    7.777070@0] mode is: 26
Mar 16 09:19:17 balon kernel: [    7.779635@0] VPU_VIU_VENC_MUX_CTRL: 0xa
Mar 16 09:19:17 balon kernel: [    7.783543@0] viu chan = 1
Mar 16 09:19:17 balon kernel: [    7.786214@0] VPU_VIU_VENC_MUX_CTRL: 0xa
Mar 16 09:19:17 balon kernel: [    7.790139@0] config HPLL
Mar 16 09:19:17 balon kernel: [    7.806662@0] config HPLL done
Mar 16 09:19:17 balon kernel: [    7.806730@0] enc_vpu_bridge_reset[314]
Mar 16 09:19:17 balon kernel: [    7.946658@0] hdmitx: system: phy setting done
Mar 16 09:19:17 balon kernel: [    7.946743@0] hdmi: Fixing to HDMI Mode
Mar 16 09:19:17 balon kernel: [    7.949319@0] hdmi: Sink is HDMI device
Mar 16 09:19:17 balon kernel: [    7.953132@0] hdmi: No sink attached
Mar 16 09:19:17 balon kernel: [    7.956732@0] hdmitx: audio: audio channel num is 0
Mar 16 09:19:17 balon kernel: [    7.961552@0] hdmitx: audio: SPDIF
Mar 16 09:19:17 balon kernel: [    7.964909@0] hdmitx: audio: current VIC: 16
Mar 16 09:19:17 balon kernel: [    7.969168@0] hdmitx: audio: audio sample rate: 0
Mar 16 09:19:17 balon kernel: [    7.973835@0] hdmitx: audio: reset audio N para
Mar 16 09:19:17 balon kernel: [    7.978369@0] hdmitx: audio: PCM out to HDMI
Mar 16 09:19:17 balon kernel: [    7.995004@0] hdmitx: audio: Time out: AIU_HDMI_CLK_DATA_CTRL
Mar 16 09:19:17 balon kernel: [    7.995177@0] hdmitx: audio: i2s_to_spdif_flag:1 
Mar 16 09:19:17 balon kernel: [    7.999854@0] hdmitx: audio: Enable audio spdif to HDMI
Mar 16 09:19:17 balon kernel: [    8.042877@0] amlvideo-000: V4L2 device registered as video10
Mar 16 09:19:17 balon kernel: [    8.043307@0] ionvideo-000: V4L2 device registered as video13
Mar 16 09:19:17 balon kernel: [    8.048797@0] Video Technology Magazine Ion Video Capture Board ver 1.0 successfully loaded.
Mar 16 09:19:17 balon kernel: [    8.057214@0] DI: di_init
Mar 16 09:19:17 balon kernel: [    8.057260@0] DI: di_probe
Mar 16 09:19:17 balon kernel: [    8.057620@0] aml_wdt_driver_init,306
Mar 16 09:19:17 balon kernel: [    8.060793@0] ** disable watchdog
Mar 16 09:19:17 balon kernel: [    8.064167@0] one-secod=7812,min_timeout=1,max_timeout=8,default_timeout=10,reset_watchdog_method=0,reset_watchdog_time=2,shutdown_timeout=10,firmware_timeout=6,suspend_timeout=6
Mar 16 09:19:17 balon kernel: [    8.080358@0] AML Watchdog Timer probed done 
Mar 16 09:19:17 balon kernel: [    8.084565@0] set uart_ao pinmux use pinctrl subsystem
Mar 16 09:19:17 balon kernel: [    8.089432@0] P_AO_RTI_PIN_MUX_REG:1801
Mar 16 09:19:17 balon kernel: [    8.093193@0] start uart_ao_ttyS0:(irq = 122)
Mar 16 09:19:17 balon kernel: [    8.097547@0] register uart_ao ok
Mar 16 09:19:17 balon kernel: [    8.101005@0] set uart_b pinmux use pinctrl subsystem
Mar 16 09:19:17 balon kernel: [    8.105825@0] P_AO_RTI_PIN_MUX_REG:1801
Mar 16 09:19:17 balon kernel: [    8.113130@0] start uart_b_ttyS2:(irq = 107)
Mar 16 09:19:17 balon kernel: [    8.117295@0] register uart_b ok
Mar 16 09:19:17 balon kernel: [    8.120832@0] dwc_otg: version 3.10a 12-MAY-2014
Mar 16 09:19:17 balon kernel: [    8.125080@0] dwc_otg_driver_probe NOT match
Mar 16 09:19:17 balon kernel: [    8.169355@0] usb1: type: 1, speed: 0, config: 0, dma: 0, id: 1, phy: fe108820, ctrl: fe080000
Mar 16 09:19:17 balon kernel: [    8.175881@0] USB (1) use clock source: XTAL input
Mar 16 09:19:17 balon kernel: [    8.201800@0] Core Release: 3.10a
Mar 16 09:19:17 balon kernel: [    8.205365@0] Setting default values for core params
Mar 16 09:19:17 balon kernel: [    8.208970@0] curmode: 1, host_only: 1
Mar 16 09:19:17 balon kernel: [    8.232694@0] Using Buffer DMA mode
Mar 16 09:19:17 balon kernel: [    8.236208@0] OTG VER PARAM: 1, OTG VER FLAG: 1
Mar 16 09:19:17 balon kernel: [    8.239753@0] Working on port type = HOST
Mar 16 09:19:17 balon kernel: [    8.243447@0] dwc_otg lm1: DWC OTG Controller
Mar 16 09:19:17 balon kernel: [    8.246997@0] dwc_otg lm1: new USB bus registered, assigned bus number 1
Mar 16 09:19:17 balon kernel: [    8.253589@0] dwc_otg lm1: irq 63, io mem 0x00000000
Mar 16 09:19:17 balon kernel: [    8.258504@0] -------hcd->flags.d32 = 0
Mar 16 09:19:17 balon kernel: [    8.262308@0] Init: Port Power? op_state=1
Mar 16 09:19:17 balon kernel: [    8.266356@0] Init1: Power Port (0)
Mar 16 09:19:17 balon kernel: [    8.270374@0] hub 1-0:1.0: USB hub found
Mar 16 09:19:17 balon kernel: [    8.273915@0] hub 1-0:1.0: 1 port detected
Mar 16 09:19:17 balon kernel: [    8.278029@0] usb0: type: 0, speed: 0, config: 0, dma: 0, id: 0, phy: fe108800, ctrl: fe040000
Mar 16 09:19:17 balon kernel: [    8.286500@0] USB (0) use clock source: XTAL input
Mar 16 09:19:17 balon kernel: [    8.312357@0] Core Release: 3.10a
Mar 16 09:19:17 balon kernel: [    8.315967@0] Setting default values for core params
Mar 16 09:19:17 balon kernel: [    8.319605@0] curmode: 1, host_only: 0
Mar 16 09:19:17 balon kernel: [    8.383285@0] Using Buffer DMA mode
Mar 16 09:19:17 balon kernel: [    8.386843@0] OTG VER PARAM: 1, OTG VER FLAG: 1
Mar 16 09:19:17 balon kernel: [    8.390366@0] Working on port type = OTG
Mar 16 09:19:17 balon kernel: [    8.393874@0] Current port type: SLAVE
Mar 16 09:19:17 balon kernel: [    8.397579@0] dwc_otg lm0: DWC OTG Controller
Mar 16 09:19:17 balon kernel: [    8.401129@0] dwc_otg lm0: new USB bus registered, assigned bus number 2
Mar 16 09:19:17 balon kernel: [    8.407827@0] dwc_otg lm0: irq 62, io mem 0x00000000
Mar 16 09:19:17 balon kernel: [    8.413144@0] hub 2-0:1.0: USB hub found
Mar 16 09:19:17 balon kernel: [    8.416583@0] hub 2-0:1.0: 1 port detected
Mar 16 09:19:17 balon kernel: [    8.420792@0] Dedicated Tx FIFOs mode
Mar 16 09:19:17 balon kernel: [    8.424617@0] using timer detect id change, ec8ea800
Mar 16 09:19:17 balon kernel: [    8.429437@0] ethernet_driver probe!
Mar 16 09:19:17 balon kernel: [    8.432882@0] ethernetinit(dbg[c09d32ac]=1)
Mar 16 09:19:17 balon kernel: [    8.436982@0] ethernet base addr is fe0c0000
Mar 16 09:19:17 balon kernel: [    8.441186@0] write mac add to:ebe4e488: 00 1e 06 10 8a 87 |....|
Mar 16 09:19:17 balon kernel: [    8.451700@0] libphy: AMLMAC MII Bus: probed
Mar 16 09:19:17 balon kernel: [    8.455204@0] eth0: PHY ID 001cc916 at 0 IRQ -1 (0:00) active
Mar 16 09:19:17 balon kernel: [    8.459587@0] eth0: PHY ID 001cc916 at 1 IRQ -1 (0:01) active
Mar 16 09:19:17 balon kernel: [    8.465394@0] amvideocap_init_module
Mar 16 09:19:17 balon kernel: [    8.469024@0] amvideocap_probe,amvideocap
Mar 16 09:19:17 balon kernel: [    8.472769@0] amvideocap_dev_register buf:0da00000,size:a00000.
Mar 16 09:19:17 balon kernel: [    8.478766@1] Indeed it is in host mode hprt0 = 00021501
Mar 16 09:19:17 balon kernel: [    8.478958@0] Amlogic A/V streaming port init
Mar 16 09:19:17 balon kernel: [    8.480142@0] init vdec memsource 9a00000->d9fffff
Mar 16 09:19:17 balon kernel: [    8.480239@0] [tsync_pcr_init]init success. 
Mar 16 09:19:17 balon kernel: [    8.480283@0] regist mpeg12 codec profile
Mar 16 09:19:17 balon kernel: [    8.480325@0] regist mpeg4 codec profile
Mar 16 09:19:17 balon kernel: [    8.480327@0] amvdec_vc1 module init
Mar 16 09:19:17 balon kernel: [    8.480368@0] regist vc1 codec profile
Mar 16 09:19:17 balon kernel: [    8.480370@0] amvdec_h264 module init
Mar 16 09:19:17 balon kernel: [    8.480443@0] regist h264 codec profile
Mar 16 09:19:17 balon kernel: [    8.480445@0] amvdec_h265 module init
Mar 16 09:19:17 balon kernel: [    8.480488@0] regist hevc codec profile
Mar 16 09:19:17 balon kernel: [    8.480535@0] regist mjpeg codec profile
Mar 16 09:19:17 balon kernel: [    8.480537@0] amvdec_real module init
Mar 16 09:19:17 balon kernel: [    8.480582@0] regist real codec profile
Mar 16 09:19:17 balon kernel: [    8.480584@0] amvdec_avs module init
Mar 16 09:19:17 balon kernel: [    8.480696@0] amvenc_avc memory resource undefined.
Mar 16 09:19:17 balon kernel: [    8.480697@0] encode_wq_init.
Mar 16 09:19:17 balon kernel: [    8.480702@0] encode start monitor.
Mar 16 09:19:17 balon kernel: [    8.480809@2] encode workqueue monitor start.
Mar 16 09:19:17 balon kernel: [    8.481009@0] regist avc codec profile
Mar 16 09:19:17 balon kernel: [    8.481011@0] jpegenc module init
Mar 16 09:19:17 balon kernel: [    8.481242@0] alloc_keep_buffer keep_y_addr eba00000
Mar 16 09:19:17 balon kernel: [    8.481312@0] alloc_keep_buffer keep_u_addr ec000000
Mar 16 09:19:17 balon kernel: [    8.481339@0] alloc_keep_buffer keep_v_addr ebf80000
Mar 16 09:19:17 balon kernel: [    8.481359@0] yaddr=eba00000,u_addr=ec000000,v_addr=ebf80000
Mar 16 09:19:17 balon kernel: [    8.481665@0] create_ge2d_work_queue video task ok 
Mar 16 09:19:17 balon kernel: [    8.481872@0] SARADC Driver init.
Mar 16 09:19:17 balon kernel: [    8.481982@0] __saradc_probe__
Mar 16 09:19:17 balon kernel: [    8.626791@2] saradc calibration: ref_val = 511
Mar 16 09:19:17 balon kernel: [    8.629975@2] saradc calibration: ref_nominal = 512
Mar 16 09:19:17 balon kernel: [    8.633656@2] saradc calibration: coef = 4056
Mar 16 09:19:17 balon kernel: [    8.638249@2] ir irblaster probe
Mar 16 09:19:17 balon kernel: [    8.641540@2] Remote Driver
Mar 16 09:19:17 balon kernel: [    8.644738@2] ==touch_ts_init==
Mar 16 09:19:17 balon kernel: [    8.647964@2] ==ft5x0x_ts_init==
Mar 16 09:19:17 balon kernel: [    8.651073@2] ==goodix_ts_init==
Mar 16 09:19:17 balon kernel: [    8.654167@2] i2c-core: driver [gslx680_compatible] using legacy suspend method
Mar 16 09:19:17 balon kernel: [    8.660724@2] i2c-core: driver [gslx680_compatible] using legacy resume method
Mar 16 09:19:17 balon kernel: [    8.667879@2] !!!ntp_ts: ret = 0. 
Mar 16 09:19:17 balon kernel: [    8.671176@2] VTL ct36x TouchScreen driver, <george.chen@vtl.com.cn>.
Mar 16 09:19:17 balon kernel: [    8.677686@2] i2c-core: driver [ct36x] using legacy suspend method
Mar 16 09:19:17 balon kernel: [    8.683793@2] i2c-core: driver [ct36x] using legacy resume method
Mar 16 09:19:17 balon kernel: [    8.689869@2] VTL ct36x TouchScreen driver End.
Mar 16 09:19:17 balon kernel: [    8.694342@2] ==gsl_ts_init==
Mar 16 09:19:17 balon kernel: [    8.697424@2] ret=0
Mar 16 09:19:17 balon kernel: [    8.700590@2] i2c-core: driver [mir3da] using legacy suspend method
Mar 16 09:19:17 balon kernel: [    8.705621@2] i2c-core: driver [mir3da] using legacy resume method
Mar 16 09:19:17 balon kernel: [    8.711824@3] i2c-core: driver [lis3dh_acc] using legacy suspend method
Mar 16 09:19:17 balon kernel: [    8.718353@3] i2c-core: driver [lis3dh_acc] using legacy resume method
Mar 16 09:19:17 balon kernel: [    8.724852@3] i2c-core: driver [bma222] using legacy suspend method
Mar 16 09:19:17 balon kernel: [    8.731064@3] i2c-core: driver [bma222] using legacy resume method
Mar 16 09:19:17 balon kernel: [    8.737245@3] i2c-core: driver [dmard06] using legacy suspend method
Mar 16 09:19:17 balon kernel: [    8.743525@3] i2c-core: driver [dmard06] using legacy resume method
Mar 16 09:19:17 balon kernel: [    8.749739@3] lsm303d driver: init
Mar 16 09:19:17 balon kernel: [    8.753063@3] i2c-core: driver [dmard10] using legacy suspend method
Mar 16 09:19:17 balon kernel: [    8.759403@3] i2c-core: driver [dmard10] using legacy resume method
Mar 16 09:19:17 balon kernel: [    8.765626@3] stk8313_init
Mar 16 09:19:17 balon kernel: [    8.766687@1] usb 1-1: new high-speed USB device number 2 using dwc_otg
Mar 16 09:19:17 balon kernel: [    8.774970@3] ======stk831x init ok======
Mar 16 09:19:17 balon kernel: [    8.778941@3] stk831x_init
Mar 16 09:19:17 balon kernel: [    8.778946@1] Indeed it is in host mode hprt0 = 00001101
Mar 16 09:19:17 balon kernel: [    8.786930@3] mxc622x accelerometer driver: init
Mar 16 09:19:17 balon kernel: [    8.791508@3] i2c-core: driver [mxc622x] using legacy suspend method
Mar 16 09:19:17 balon kernel: [    8.797839@3] i2c-core: driver [mxc622x] using legacy resume method
Mar 16 09:19:17 balon kernel: [    8.804027@3] mxc6255xc accelerometer driver: init
Mar 16 09:19:17 balon kernel: [    8.808830@3] i2c-core: driver [mxc6255xc] using legacy suspend method
Mar 16 09:19:17 balon kernel: [    8.815340@3] i2c-core: driver [mxc6255xc] using legacy resume method
Mar 16 09:19:17 balon kernel: [    8.821812@3] cm3217 v.1.0.0.1
Mar 16 09:19:17 balon kernel: [    8.824882@3] i2c-core: driver [elan_epl6814] using legacy suspend method
Mar 16 09:19:17 balon kernel: [    8.831570@3] i2c-core: driver [elan_epl6814] using legacy resume method
Mar 16 09:19:17 balon kernel: [    8.838265@3] i2c-core: driver [LTR501] using legacy suspend method
Mar 16 09:19:17 balon kernel: [    8.844471@3] i2c-core: driver [LTR501] using legacy resume method
Mar 16 09:19:17 balon kernel: [    8.850719@3] mmc driver version: 1.07, 2014-06-30: eMMC add hw reset function
Mar 16 09:19:17 balon kernel: [    8.858719@3] host->base fe108e00
Mar 16 09:19:17 balon kernel: [    8.861894@3] pdata->caps 80000546
Mar 16 09:19:17 balon kernel: [    8.864982@3] pdata->caps2 21
Mar 16 09:19:17 balon kernel: [    8.868046@3] get property:                     port, value:0x00000005
Mar 16 09:19:17 balon kernel: [    8.873896@3] get property:                ocr_avail, value:0x00200080
Mar 16 09:19:17 balon kernel: [    8.880381@3] get property:                    f_min, value:0x000493e0
Mar 16 09:19:17 balon kernel: [    8.886847@3] get property:                    f_max, value:0x05f5e100
Mar 16 09:19:17 balon kernel: [    8.893297@3] get property:             max_req_size, value:0x00020000
Mar 16 09:19:17 balon kernel: [    8.899791@3] get property:                  pinname, str:emmc
Mar 16 09:19:17 balon kernel: [    8.905562@3] get property:                card_type, value:0x00000001
Mar 16 09:19:17 balon kernel: [    8.912080@3] get property:                gpio_dat3, str:BOOT_3
Mar 16 09:19:17 balon kernel: [    8.918058@3] [is_emmc_exist] host->storage_flag=0, POR_BOOT_VALUE=1
Mar 16 09:19:17 balon kernel: [    8.976714@0] emmc: mmc_rescan_try_freq: trying to init card at 400000 Hz
Mar 16 09:19:17 balon kernel: [    8.978761@3] hub 1-1:1.0: USB hub found
Mar 16 09:19:17 balon kernel: [    8.979082@3] hub 1-1:1.0: 4 ports detected
Mar 16 09:19:17 balon kernel: [    8.989035@0] aml_emmc_hw_reset 1379
Mar 16 09:19:17 balon kernel: [    9.046662@2] [aml_sdhc_probe] aml_sdhc_probe() success!
Mar 16 09:19:17 balon kernel: [    9.050554@2] host->base fe108c20
Mar 16 09:19:17 balon kernel: [    9.053727@2] pdata->caps 107
Mar 16 09:19:17 balon kernel: [    9.056884@2] pdata->caps2 0
Mar 16 09:19:17 balon kernel: [    9.059993@2] get property:                     port, value:0x00000001
Mar 16 09:19:17 balon kernel: [    9.065057@2] get property:                ocr_avail, value:0x00200000
Mar 16 09:19:17 balon kernel: [    9.069573@1] emmc: BKOPS_EN bit is not set
Mar 16 09:19:17 balon kernel: [    9.069575@1] ###check hw reset function is already enabled here
Mar 16 09:19:17 balon kernel: [    9.081747@2] get property:                    f_min, value:0x000493e0
Mar 16 09:19:17 balon kernel: [    9.088279@2] get property:                    f_max, value:0x02faf080
Mar 16 09:19:17 balon kernel: [    9.094723@2] get property:                  f_max_w, value:0x02faf080
Mar 16 09:19:17 balon kernel: [    9.094980@1] [aml_sd_voltage_switch][0;40;32m switch to 1.8V for a non-uhs device.
Mar 16 09:19:17 balon kernel: [    9.094980@1] [0m
Mar 16 09:19:17 balon kernel: [    9.094981@1] emmc: new HS200 MMC card at address 0001, clock 38636363, 8-bit-bus-width
Mar 16 09:19:17 balon kernel: [    9.095350@1] mmcblk0: emmc:0001 AGND3R 14.5 GiB 
Mar 16 09:19:17 balon kernel: [    9.096148@1]  mmcblk0: p1 p2
Mar 16 09:19:17 balon kernel: [    9.127834@2] get property:             max_req_size, value:0x00020000
Mar 16 09:19:17 balon kernel: [    9.133956@2] get property:                   irq_in, value:0x00000003
Mar 16 09:19:17 balon kernel: [    9.140480@2] get property:                  irq_out, value:0x00000005
Mar 16 09:19:17 balon kernel: [    9.146943@2] get property:                  gpio_cd, str:CARD_6
Mar 16 09:19:17 balon kernel: [    9.152897@2] get property:                  pinname, str:sd
Mar 16 09:19:17 balon kernel: [    9.158529@2] get property:                card_type, value:0x00000005
Mar 16 09:19:17 balon kernel: [    9.165018@2] get property:                gpio_dat3, str:CARD_4
Mar 16 09:19:17 balon kernel: [    9.171006@2] get property:               gpio_volsw, str:GPIOAO_3
Mar 16 09:19:17 balon kernel: [    9.216692@1] sd: mmc_rescan_try_freq: trying to init card at 400000 Hz
Mar 16 09:19:17 balon kernel: [    9.256985@3] usb 1-1.1: new high-speed USB device number 3 using dwc_otg
Mar 16 09:19:17 balon kernel: [    9.276664@2] [aml_sdio_probe] aml_sdio_probe() success!
Mar 16 09:19:17 balon kernel: [    9.280234@2] [dsp]DSP start addr 0xc5e00000
Mar 16 09:19:17 balon kernel: [    9.284033@2] [dsp]register dsp to char divece(257)
Mar 16 09:19:17 balon kernel: [    9.289876@2] aml_rtc rtc.1: rtc core: registered aml_rtc as rtc0
Mar 16 09:19:17 balon kernel: [    9.296393@2] amlogic rfkill init
Mar 16 09:19:17 balon kernel: [    9.299948@2] Bluetooth: btwake_control_init Driver Ver 1.1
Mar 16 09:19:17 balon kernel: [    9.304497@2] aml_hw_crypto initialization.
Mar 16 09:19:17 balon kernel: [    9.309361@2] enter aml_i2s_dai_probe
Mar 16 09:19:17 balon kernel: [    9.309372@2] i2s get no clk src setting in dts, use the default mpll 0
Mar 16 09:19:17 balon kernel: [    9.314664@2] enter aml_pcm_dai_probe
Mar 16 09:19:17 balon kernel: [    9.314881@2] enter spdif_dit_probe 
Mar 16 09:19:17 balon kernel: [    9.318404@2] aml_spdif_unmute 
Mar 16 09:19:17 balon kernel: [    9.322781@2] aml-i2s 0:playback preallocate_dma_buffer: area=f04fc000, addr=3c840000, size=65536
Mar 16 09:19:17 balon kernel: [    9.330479@2] aml-i2s 1:capture preallocate_dma_buffer: area=f050e000, addr=3c860000, size=65536
Mar 16 09:19:17 balon kernel: [    9.338943@2] aml_snd_m8 aml_m8_sound_card.4:  dit-hifi <-> aml-spdif-dai.0 mapping ok
Mar 16 09:19:17 balon kernel: [    9.347782@2] GACT probability NOT on
Mar 16 09:19:17 balon kernel: [    9.351424@2] Mirror/redirect action on
Mar 16 09:19:17 balon kernel: [    9.355752@2] NET: Registered protocol family 10
Mar 16 09:19:17 balon kernel: [    9.360158@2] mip6: Mobile IPv6
Mar 16 09:19:17 balon kernel: [    9.360327@1] sd: new high speed SDHC card at address aaaa, clock 39843750, 4-bit-bus-width
Mar 16 09:19:17 balon kernel: [    9.360676@1] mmcblk1: sd:aaaa SL32G 29.7 GiB 
Mar 16 09:19:17 balon kernel: [    9.374777@2] sit: IPv6 over IPv4 tunneling driver
Mar 16 09:19:17 balon kernel: [    9.379210@1]  mmcblk1: p1
Mar 16 09:19:17 balon kernel: [    9.384126@2] NET: Registered protocol family 17
Mar 16 09:19:17 balon kernel: [    9.387911@2] NET: Registered protocol family 15
Mar 16 09:19:17 balon kernel: [    9.391633@2] Bridge firewalling registered
Mar 16 09:19:17 balon kernel: [    9.395602@2] Bluetooth: RFCOMM TTY layer initialized
Mar 16 09:19:17 balon kernel: [    9.400580@3] Bluetooth: RFCOMM socket layer initialized
Mar 16 09:19:17 balon kernel: [    9.405779@3] Bluetooth: RFCOMM ver 1.11
Mar 16 09:19:17 balon kernel: [    9.409649@3] Bluetooth: BNEP (Ethernet Emulation) ver 1.3
Mar 16 09:19:17 balon kernel: [    9.415109@3] Bluetooth: BNEP filters: protocol multicast
Mar 16 09:19:17 balon kernel: [    9.420480@3] Bluetooth: BNEP socket layer initialized
Mar 16 09:19:17 balon kernel: [    9.425534@3] Bluetooth: HIDP (Human Interface Emulation) ver 1.2
Mar 16 09:19:17 balon kernel: [    9.431652@3] Bluetooth: HIDP socket layer initialized
Mar 16 09:19:17 balon kernel: [    9.436752@3] NET: Registered protocol family 35
Mar 16 09:19:17 balon kernel: [    9.441942@3] VFP support v0.3: implementor 41 architecture 2 part 30 variant 5 rev 1
Mar 16 09:19:17 balon kernel: [    9.449292@3] Registering SWP/SWPB emulation handler
Mar 16 09:19:17 balon kernel: [    9.454319@3] pm-meson: probe of aml_pm_m8 failed with error -1
Mar 16 09:19:17 balon kernel: [    9.460566@3] registered taskstats version 1
Mar 16 09:19:17 balon kernel: [    9.464364@3] regulator-dummy: disabling
Mar 16 09:19:17 balon kernel: [    9.468375@3] Mali DRM initialize, driver name: mali_drm, version 2.1
Mar 16 09:19:17 balon kernel: [    9.475184@3] [drm] Initialized mali_drm 2.1.1 20140306 on minor 0
Mar 16 09:19:17 balon kernel: [    9.480820@3] Mali DRM initialize, driver name: mali_drm, version 2.1
Mar 16 09:19:17 balon kernel: [    9.487430@3] [drm] Initialized mali_drm 2.1.1 20140306 on minor 1
Mar 16 09:19:17 balon kernel: [    9.493989@3] aml_rtc rtc.1: setting system clock to 2017-03-16 09:19:11 UTC (1489655951)
Mar 16 09:19:17 balon kernel: [    9.501644@3] ### dt-test ### No testcase data in device tree; not running tests
Mar 16 09:19:17 balon kernel: [    9.509129@3] meson_cpufreq_probe:SYSPLL request to be fixed
Mar 16 09:19:17 balon kernel: [    9.514654@3] meson_cpufreq: no voltage_control prop
Mar 16 09:19:17 balon kernel: [    9.519613@3] voltage_control = 0
Mar 16 09:19:17 balon kernel: [    9.524423@3] <<-GTP-INFO->> GTP driver installing...
Mar 16 09:19:17 balon kernel: [    9.527806@3] buf[0]=d6,buf[1]=b2,err=4
Mar 16 09:19:17 balon kernel: [    9.530882@3] adc=406,TS_C=22,flag=1
Mar 16 09:19:17 balon kernel: [    9.534341@3] efuse_flag=a
Mar 16 09:19:17 balon kernel: [    9.537340@3] amlogic_thermal_probe, this chip is trimmed, use thermal
Mar 16 09:19:17 balon kernel: [    9.543551@3] amlogic-thermal aml_thermal: amlogic thermal probe start
Mar 16 09:19:17 balon kernel: [    9.550078@3] #thermal-cells=7
Mar 16 09:19:17 balon kernel: [    9.553127@3] pdata->temp_trip_count=4
Mar 16 09:19:17 balon kernel: [    9.556784@3] temperature=70 on trip point=0
Mar 16 09:19:17 balon kernel: [    9.561025@3] fixing high_freq=1488001 to 1488000 at trip point 0,level=4
Mar 16 09:19:17 balon kernel: [    9.567814@3] fixing low_freq=1488001 to 1488000 at trip point 0,level=4
Mar 16 09:19:17 balon kernel: [    9.574481@3] gpu[0].gpu_high_freq=511,tmp_level[0].gpu_high_freq=511
Mar 16 09:19:17 balon kernel: [    9.580961@3] cpu[0] core num==3
Mar 16 09:19:17 balon kernel: [    9.584122@3] gpu[0] core num==2
Mar 16 09:19:17 balon kernel: [    9.587309@3] temperature=80 on trip point=1
Mar 16 09:19:17 balon kernel: [    9.591526@3] fixing high_freq=1200001 to 1200000 at trip point 1,level=7
Mar 16 09:19:17 balon kernel: [    9.598318@3] fixing low_freq=1200001 to 1200000 at trip point 1,level=7
Mar 16 09:19:17 balon kernel: [    9.604998@3] gpu[1].gpu_high_freq=435,tmp_level[1].gpu_high_freq=435
Mar 16 09:19:17 balon kernel: [    9.611452@3] cpu[1] core num==2
Mar 16 09:19:17 balon kernel: [    9.614606@3] gpu[1] core num==2
Mar 16 09:19:17 balon kernel: [    9.614617@1] usb 1-1.2: new high-speed USB device number 4 using dwc_otg
Mar 16 09:19:17 balon kernel: [    9.624551@3] temperature=90 on trip point=2
Mar 16 09:19:17 balon kernel: [    9.628799@3] fixing high_freq=800001 to 696000 at trip point 2,level=12
Mar 16 09:19:17 balon kernel: [    9.635441@3] fixing low_freq=800001 to 696000 at trip point 2,level=12
Mar 16 09:19:17 balon kernel: [    9.642042@3] gpu[2].gpu_high_freq=328,tmp_level[2].gpu_high_freq=328
Mar 16 09:19:17 balon kernel: [    9.648527@3] cpu[2] core num==1
Mar 16 09:19:17 balon kernel: [    9.651715@3] gpu[2] core num==1
Mar 16 09:19:17 balon kernel: [    9.654893@3] temperature=110 on trip point=3
Mar 16 09:19:17 balon kernel: [    9.659244@3] fixing high_freq=-1 to -22 at trip point 3,level=-1
Mar 16 09:19:17 balon kernel: [    9.665295@3] fixing low_freq=-1 to -22 at trip point 3,level=-1
Mar 16 09:19:17 balon kernel: [    9.671299@3] gpu[3].gpu_high_freq=-1,tmp_level[3].gpu_high_freq=-1
Mar 16 09:19:17 balon kernel: [    9.677560@3] cpu[3] core num==-1
Mar 16 09:19:17 balon kernel: [    9.680805@3] gpu[3] core num==-1
Mar 16 09:19:17 balon kernel: [    9.684054@3] idle interval=1000
Mar 16 09:19:17 balon kernel: [    9.687252@3] pdata->name:aml_thermal
Mar 16 09:19:17 balon kernel: [    9.691116@3] tmp_trip[0].cpu_core_upper=1
Mar 16 09:19:17 balon kernel: [    9.694969@3] tmp_trip[1].cpu_core_upper=2
Mar 16 09:19:17 balon kernel: [    9.699003@3] tmp_trip[2].cpu_core_upper=3
Mar 16 09:19:17 balon kernel: [    9.703028@3] tmp_trip[3].cpu_core_upper=-1
Mar 16 09:19:17 balon kernel: [    9.707181@3] aml_thermal bind thermal-cpucore-0 okay !
Mar 16 09:19:17 balon kernel: [    9.712385@3] aml_thermal bind thermal-cpufreq-0 okay !
Mar 16 09:19:17 balon kernel: [    9.717541@3] pdata->tmp_trip[0].gpu_lower_level=1
Mar 16 09:19:17 balon kernel: [    9.722272@3] pdata->tmp_trip[0].gpu_upper_level=1
Mar 16 09:19:17 balon kernel: [    9.727007@3] pdata->tmp_trip[1].gpu_lower_level=2
Mar 16 09:19:17 balon kernel: [    9.731697@3] pdata->tmp_trip[1].gpu_upper_level=2
Mar 16 09:19:17 balon kernel: [    9.736413@3] pdata->tmp_trip[2].gpu_lower_level=4
Mar 16 09:19:17 balon kernel: [    9.741148@3] pdata->tmp_trip[2].gpu_upper_level=4
Mar 16 09:19:17 balon kernel: [    9.745900@3] pdata->tmp_trip[3].gpu_lower_level=-1
Mar 16 09:19:17 balon kernel: [    9.750715@3] pdata->tmp_trip[3].gpu_upper_level=-1
Mar 16 09:19:17 balon kernel: [    9.755541@3] aml_thermal bind thermal-gpufreq-0 okay !
Mar 16 09:19:17 balon kernel: [    9.760852@3] amlogic: Kernel Thermal management registered
Mar 16 09:19:17 balon kernel: [    9.766231@3] amlogic-thermal aml_thermal: amlogic thermal probe done
Mar 16 09:19:17 balon kernel: [    9.772730@3] hdmitx: cec: CEC init
Mar 16 09:19:17 balon kernel: [    9.776192@1] hdmitx: cec: CEC task process
Mar 16 09:19:17 balon kernel: [    9.776336@3] input: cec_input as /devices/virtual/input/input0
Mar 16 09:19:17 balon kernel: [    9.776503@3] hdmitx: cec: hdmitx_device->cec_init_ready:0x1
Mar 16 09:19:17 balon kernel: [    9.776504@3] ALSA device list:
Mar 16 09:19:17 balon kernel: [    9.776506@3]   #0: ODROID-HDMI
Mar 16 09:19:17 balon kernel: [    9.836900@3] Freeing unused kernel memory: 224K (c0946000 - c097e000)
Mar 16 09:19:17 balon kernel: [   10.937047@3] usb 1-1.3: new full-speed USB device number 5 using dwc_otg
Mar 16 09:19:17 balon kernel: [   11.116967@3] usb 1-1.4: new high-speed USB device number 6 using dwc_otg
Mar 16 09:19:17 balon kernel: [   11.246253@0] tvmode set to 1080p
Mar 16 09:19:17 balon kernel: [   11.246253@0] 
Mar 16 09:19:17 balon kernel: [   11.254056@0] don't set the same mode as current.
Mar 16 09:19:17 balon kernel: [   11.325964@0] tvmode set to 1080p
Mar 16 09:19:17 balon kernel: [   11.325964@0] 
Mar 16 09:19:17 balon kernel: [   11.326060@0] don't set the same mode as current.
Mar 16 09:19:17 balon kernel: [   11.464201@1] force enable DISCARD here for ext4 fs
Mar 16 09:19:17 balon kernel: [   11.469834@1] checked enable EXT4 DISCARD here
Mar 16 09:19:17 balon kernel: [   11.470146@1] EXT4-fs (mmcblk0p2): mounted filesystem without journal. Opts: (null)
Mar 16 09:19:17 balon kernel: [   12.596580@3] EXT4-fs (mmcblk0p2): warning: mounting unchecked fs, running e2fsck is recommended
Mar 16 09:19:17 balon kernel: [   12.600858@3] EXT4-fs (mmcblk0p2): re-mounted. Opts: (null)
Mar 16 09:19:17 balon kernel: [   12.613755@1] aml_i2c version: 20140813
Mar 16 09:19:17 balon kernel: [   12.613936@1] plat->state_name:default
Mar 16 09:19:17 balon kernel: [   12.613962@1] master_no = 1, master_regs=fe108500
Mar 16 09:19:17 balon kernel: [   12.614318@1] aml-i2c i2c-A: add adapter aml_i2c_adap1(ec6ffca8)
Mar 16 09:19:17 balon kernel: [   12.618066@1] aml-i2c i2c-A: aml i2c bus driver.
Mar 16 09:19:17 balon kernel: [   12.622694@1] plat->state_name:default
Mar 16 09:19:17 balon kernel: [   12.622712@1] master_no = 2, master_regs=fe1087c0
Mar 16 09:19:17 balon kernel: [   12.622984@1] aml-i2c i2c-B: add adapter aml_i2c_adap2(eb8680a8)
Mar 16 09:19:17 balon kernel: [   12.638027@1] sx865x 2-0049: sx865x_probe()
Mar 16 09:19:17 balon kernel: [   12.640146@1]  reg:2620,clearmask=10001,setmask=10001
Mar 16 09:19:17 balon kernel: [   12.641665@1] reg:2621,clearmask=ff,set pin=98
Mar 16 09:19:17 balon kernel: [   12.646087@1] reg:2623,clearmask=7,setmask=7
Mar 16 09:19:17 balon kernel: [   12.650494@1] sx865x 2-0049: swap_xy (1)
Mar 16 09:19:17 balon kernel: [   12.654250@1] sx865x 2-0049: invert_x (0)
Mar 16 09:19:17 balon kernel: [   12.663228@1] sx865x 2-0049: invert_y (1)
Mar 16 09:19:17 balon kernel: [   12.673774@1] sx865x 2-0049: gpio pendown (98)
Mar 16 09:19:17 balon kernel: [   12.681188@1] sx865x 2-0049: gpio reset (99)
Mar 16 09:19:17 balon kernel: [   12.686257@1] sx865x 2-0049: gpio irq (96)
Mar 16 09:19:17 balon kernel: [   12.754591@3] i2c i2c-2: [aml_i2c_xfer] error ret = -5 (-EIO) token 2, master_no(2) 100K addr 0x49
Mar 16 09:19:17 balon kernel: [   12.910681@3] i2c i2c-2: [aml_i2c_xfer] error ret = -5 (-EIO) token 2, master_no(2) 100K addr 0x49
Mar 16 09:19:17 balon kernel: [   12.919399@3] sx865x: probe of 2-0049 failed with error -5
Mar 16 09:19:17 balon kernel: [   12.924905@3] aml-i2c i2c-B: aml i2c bus driver.
Mar 16 09:19:17 balon kernel: [   12.930564@3] plat->state_name:default
Mar 16 09:19:17 balon kernel: [   12.930595@3] master_no = 3, master_regs=fe1087e0
Mar 16 09:19:17 balon kernel: [   12.930862@3] aml-i2c i2c-C: add adapter aml_i2c_adap3(eb9ba0a8)
Mar 16 09:19:17 balon kernel: [   12.936489@3] aml-i2c i2c-C: aml i2c bus driver.
Mar 16 09:19:17 balon kernel: [   12.942023@3] plat->state_name:default
Mar 16 09:19:17 balon kernel: [   12.942045@3] master_no = 4, master_regs=fe108d20
Mar 16 09:19:17 balon kernel: [   12.942306@3] aml-i2c i2c-D: add adapter aml_i2c_adap4(eb9b9ca8)
Mar 16 09:19:17 balon kernel: [   12.948242@3] aml-i2c i2c-D: aml i2c bus driver.
Mar 16 09:19:17 balon kernel: [   13.721037@2] gpiomem-meson c1108000.gpiomem: Initialised: Registers at 0xc1108000
Mar 16 09:19:17 balon kernel: [   13.819015@3] Driver for 1-wire Dallas network protocol.
Mar 16 09:19:17 balon kernel: [   13.933380@2] cdc_acm 1-1.3:1.0: ttyACM0: USB ACM device
Mar 16 09:19:17 balon kernel: [   13.934003@2] usbcore: registered new interface driver cdc_acm
Mar 16 09:19:17 balon kernel: [   13.934015@2] cdc_acm: USB Abstract Control Model driver for USB modems and ISDN adapters
Mar 16 09:19:17 balon kernel: [   13.940034@1] usbcore: registered new interface driver ftdi_sio
Mar 16 09:19:17 balon kernel: [   13.940097@1] usbserial: USB Serial support registered for FTDI USB Serial Device
Mar 16 09:19:17 balon kernel: [   13.940469@1] ftdi_sio 1-1.4:1.0: FTDI USB Serial Device converter detected
Mar 16 09:19:17 balon kernel: [   13.940557@1] usb 1-1.4: Detected FT4232H
Mar 16 09:19:17 balon kernel: [   13.940569@1] usb 1-1.4: Number of endpoints 2
Mar 16 09:19:17 balon kernel: [   13.940577@1] usb 1-1.4: Endpoint 1 MaxPacketSize 512
Mar 16 09:19:17 balon kernel: [   13.940584@1] usb 1-1.4: Endpoint 2 MaxPacketSize 512
Mar 16 09:19:17 balon kernel: [   13.940591@1] usb 1-1.4: Setting MaxPacketSize 512
Mar 16 09:19:17 balon kernel: [   13.941321@1] usb 1-1.4: FTDI USB Serial Device converter now attached to ttyUSB0
Mar 16 09:19:17 balon kernel: [   13.941439@1] ftdi_sio 1-1.4:1.1: FTDI USB Serial Device converter detected
Mar 16 09:19:17 balon kernel: [   13.941525@1] usb 1-1.4: Detected FT4232H
Mar 16 09:19:17 balon kernel: [   13.941534@1] usb 1-1.4: Number of endpoints 2
Mar 16 09:19:17 balon kernel: [   13.941541@1] usb 1-1.4: Endpoint 1 MaxPacketSize 512
Mar 16 09:19:17 balon kernel: [   13.941548@1] usb 1-1.4: Endpoint 2 MaxPacketSize 512
Mar 16 09:19:17 balon kernel: [   13.941555@1] usb 1-1.4: Setting MaxPacketSize 512
Mar 16 09:19:17 balon kernel: [   13.941922@3] usb 1-1.4: FTDI USB Serial Device converter now attached to ttyUSB1
Mar 16 09:19:17 balon kernel: [   13.941986@3] ftdi_sio 1-1.4:1.2: FTDI USB Serial Device converter detected
Mar 16 09:19:17 balon kernel: [   13.942227@3] usb 1-1.4: Detected FT4232H
Mar 16 09:19:17 balon kernel: [   13.942238@3] usb 1-1.4: Number of endpoints 2
Mar 16 09:19:17 balon kernel: [   13.942245@3] usb 1-1.4: Endpoint 1 MaxPacketSize 512
Mar 16 09:19:17 balon kernel: [   13.942252@3] usb 1-1.4: Endpoint 2 MaxPacketSize 512
Mar 16 09:19:17 balon kernel: [   13.942259@3] usb 1-1.4: Setting MaxPacketSize 512
Mar 16 09:19:17 balon kernel: [   13.944079@3] usb 1-1.4: FTDI USB Serial Device converter now attached to ttyUSB2
Mar 16 09:19:17 balon kernel: [   13.944147@3] ftdi_sio 1-1.4:1.3: FTDI USB Serial Device converter detected
Mar 16 09:19:17 balon kernel: [   13.944222@3] usb 1-1.4: Detected FT4232H
Mar 16 09:19:17 balon kernel: [   13.944231@3] usb 1-1.4: Number of endpoints 2
Mar 16 09:19:17 balon kernel: [   13.944238@3] usb 1-1.4: Endpoint 1 MaxPacketSize 512
Mar 16 09:19:17 balon kernel: [   13.944245@3] usb 1-1.4: Endpoint 2 MaxPacketSize 512
Mar 16 09:19:17 balon kernel: [   13.944252@3] usb 1-1.4: Setting MaxPacketSize 512
Mar 16 09:19:17 balon kernel: [   13.945465@3] usb 1-1.4: FTDI USB Serial Device converter now attached to ttyUSB3
Mar 16 09:19:17 balon kernel: [   13.948134@0] uvcvideo: Found UVC 1.00 device Live! Cam Sync HD VF0770 (041e:4095)
Mar 16 09:19:17 balon kernel: [   13.959972@0] input: Live! Cam Sync HD VF0770 as /devices/lm1/usb1/1-1/1-1.1/1-1.1:1.0/input/input1
Mar 16 09:19:17 balon kernel: [   13.960217@0] uvcvideo: Found UVC 1.00 device HD Pro Webcam C920 (046d:082d)
Mar 16 09:19:17 balon kernel: [   13.965843@3] input: HD Pro Webcam C920 as /devices/lm1/usb1/1-1/1-1.2/1-1.2:1.0/input/input2
Mar 16 09:19:17 balon kernel: [   13.966155@3] usbcore: registered new interface driver uvcvideo
Mar 16 09:19:17 balon kernel: [   13.966164@3] USB Video Class driver (1.1.1)
Mar 16 09:19:17 balon kernel: [   14.096636@0] FAT-fs (mmcblk0p1): Volume was not properly unmounted. Some data may be corrupt. Please run fsck.
Mar 16 09:19:17 balon kernel: [   14.110193@0] force enable DISCARD here for ext4 fs
Mar 16 09:19:17 balon kernel: [   14.154660@0] checked enable EXT4 DISCARD here
Mar 16 09:19:17 balon kernel: [   14.154676@0] EXT4-fs (mmcblk1p1): mounting with "discard" option, but the device does not support discard
Mar 16 09:19:17 balon kernel: [   14.154684@0] EXT4-fs (mmcblk1p1): mounted filesystem with ordered data mode. Opts: (null)
Mar 16 09:19:17 balon kernel: [   14.185460@3] usbcore: registered new interface driver snd-usb-audio
Mar 16 09:19:17 balon kernel: [   14.414753@1] netdev_open
Mar 16 09:19:17 balon kernel: [   14.414755@1] Ethernet reset
Mar 16 09:19:17 balon kernel: [   14.414776@1] NET MDA descpter start addr=eab00000
Mar 16 09:19:17 balon kernel: [   14.505943@1] phy_interface = 0
Mar 16 09:19:17 balon kernel: [   14.505948@1] aml_phy_init:  trying to attach to 0:01
Mar 16 09:19:17 balon kernel: [   14.506265@1] am_rtl811f called phy reset
Mar 16 09:19:17 balon kernel: [   14.516831@1] --1--write mac add to:ebe4e488: 00 1e 06 10 8a 87 |....|
Mar 16 09:19:17 balon kernel: [   14.516871@1] --2--write mac add to:ebe4e488: 00 1e 06 10 8a 87 |....|
Mar 16 09:19:17 balon kernel: [   14.516900@1] write mac add to:ebe4e488: 00 1e 06 10 8a 87 |....|
Mar 16 09:19:17 balon kernel: [   14.516940@1] Current DMA mode=0, set mode=621c100
Mar 16 09:19:17 balon kernel: [   14.517122@1] eth0: opened (irq 40).
Mar 16 09:19:17 balon kernel: [   14.527287@1] ether leave promiscuous mode
Mar 16 09:19:17 balon kernel: [   14.527300@1] ether leave all muticast mode
Mar 16 09:19:17 balon kernel: [   14.527384@1] IPv6: ADDRCONF(NETDEV_UP): eth0: link is not ready
Mar 16 09:19:17 balon kernel: [   14.730591@2] ionvideo open
Mar 16 09:19:17 balon kernel: [   14.730908@2] ionvideo_stop_generating!!!!
Mar 16 09:19:17 balon kernel: [   14.730934@2] ionvideo release
Mar 16 09:19:17 balon kernel: [   14.733506@3] amlvideo openamlvideo close
Mar 16 09:19:17 balon kernel: [   14.901953@3] amlvideo openamlvideo closeamlvideo openamlvideo closeionvideo open
Mar 16 09:19:17 balon kernel: [   14.902259@3] ionvideo_stop_generating!!!!
Mar 16 09:19:17 balon kernel: [   14.902278@3] ionvideo release
Mar 16 09:19:17 balon kernel: [   14.902424@3] ionvideo open
Mar 16 09:19:17 balon kernel: [   14.902476@3] ionvideo_stop_generating!!!!
Mar 16 09:19:17 balon kernel: [   14.902492@3] ionvideo release
Mar 16 09:19:17 balon kernel: [   14.903194@3] amlvideo openamlvideo closeamlvideo openamlvideo closeionvideo open
Mar 16 09:19:17 balon kernel: [   14.903479@3] ionvideo_stop_generating!!!!
Mar 16 09:19:17 balon kernel: [   14.903498@3] ionvideo release
Mar 16 09:19:17 balon kernel: [   14.903643@3] ionvideo open
Mar 16 09:19:17 balon kernel: [   14.903688@3] ionvideo_stop_generating!!!!
Mar 16 09:19:17 balon kernel: [   14.903704@3] ionvideo release
Mar 16 10:21:57 balon kernel: [ 3775.535338@1] [adjust link] -> eth: full-duplex
Mar 16 10:21:57 balon kernel: [ 3775.535350@1] [adjust link] -> eth: phy_speed <> priv_speed)
Mar 16 10:21:57 balon kernel: [ 3775.535355@1] [adjust link] -> eth: switching to RGMII 100
Mar 16 10:21:57 balon kernel: [ 3775.535368@1] [adjust link -> eth: am_adjust_link state change (new_state=true)
Mar 16 10:21:57 balon kernel: [ 3775.535374@1] libphy: 0:01 - Link is Up - 100/Full
Mar 16 10:21:57 balon kernel: [ 3775.535421@1] IPv6: ADDRCONF(NETDEV_CHANGE): eth0: link becomes ready
Mar 16 10:22:49 balon kernel: [ 3827.535576@1] [adjust link -> eth: am_adjust_link state change (new_state=true)
Mar 16 10:22:49 balon kernel: [ 3827.535589@1] libphy: 0:01 - Link is Down
Mar 16 10:23:22 balon kernel: [ 3860.535759@1] [adjust link] -> eth: full-duplex
Mar 16 10:23:22 balon kernel: [ 3860.535771@1] [adjust link] -> eth: phy_speed <> priv_speed)
Mar 16 10:23:22 balon kernel: [ 3860.535776@1] [adjust link] -> eth: switching to RGMII 100
Mar 16 10:23:22 balon kernel: [ 3860.535789@1] [adjust link -> eth: am_adjust_link state change (new_state=true)
Mar 16 10:23:22 balon kernel: [ 3860.535796@1] libphy: 0:01 - Link is Up - 100/Full
Mar 16 10:24:08 balon kernel: [ 3906.535972@1] [adjust link -> eth: am_adjust_link state change (new_state=true)
Mar 16 10:24:08 balon kernel: [ 3906.535986@1] libphy: 0:01 - Link is Down
Mar 16 10:24:34 balon kernel: [ 3932.536117@1] [adjust link] -> eth: full-duplex
Mar 16 10:24:34 balon kernel: [ 3932.536129@1] [adjust link] -> eth: phy_speed <> priv_speed)
Mar 16 10:24:34 balon kernel: [ 3932.536134@1] [adjust link] -> eth: switching to RGMII 100
Mar 16 10:24:34 balon kernel: [ 3932.536147@1] [adjust link -> eth: am_adjust_link state change (new_state=true)
Mar 16 10:24:34 balon kernel: [ 3932.536154@1] libphy: 0:01 - Link is Up - 100/Full
Mar 16 12:02:38 balon kernel: [    0.000000@0] Booting Linux on physical CPU 0x200
Mar 16 12:02:38 balon kernel: [    0.000000@0] Initializing cgroup subsys cpuset
Mar 16 12:02:38 balon kernel: [    0.000000@0] Initializing cgroup subsys cpu
Mar 16 12:02:38 balon kernel: [    0.000000@0] Initializing cgroup subsys cpuacct
Mar 16 12:02:38 balon kernel: [    0.000000@0] Linux version 3.10.104-185 (root@1604_builder_armhf) (gcc version 5.4.1 20160904 (Ubuntu/Linaro 5.4.1-2ubuntu1~16.04) ) #1 SMP PREEMPT Fri Feb 24 08:35:43 UTC 2017
Mar 16 12:02:38 balon kernel: [    0.000000@0] Kernel was built at commit id '3ee55a9'
Mar 16 12:02:38 balon kernel: [    0.000000@0] CPU: ARMv7 Processor [410fc051] revision 1 (ARMv7), cr=10c5387d
Mar 16 12:02:38 balon kernel: [    0.000000@0] CPU: PIPT / VIPT nonaliasing data cache, VIPT aliasing instruction cache
Mar 16 12:02:38 balon kernel: [    0.000000@0] Machine: ODROIDC, model: AMLOGIC
Mar 16 12:02:38 balon kernel: [    0.000000@0] physical memory start address is 0x200000
Mar 16 12:02:38 balon kernel: [    0.000000@0] reserved_end is e3fffff 
Mar 16 12:02:38 balon kernel: [    0.000000@0]  
Mar 16 12:02:38 balon kernel: [    0.000000@0] Total memory is 1022 MiB
Mar 16 12:02:38 balon kernel: [    0.000000@0] Reserved low memory from 0x06000000 to 0x0e3fffff, size: 132 MiB 
Mar 16 12:02:38 balon kernel: [    0.000000@0] 	mesonfb0(low)   	: 0x06100000 - 0x07900000 ( 24 MiB)
Mar 16 12:02:38 balon kernel: [    0.000000@0] 	mesonfb1(low)   	: 0x07900000 - 0x07a00000 (  1 MiB)
Mar 16 12:02:38 balon kernel: [    0.000000@0] 	mesonstream0(low)   	: 0x07a00000 - 0x09a00000 ( 32 MiB)
Mar 16 12:02:38 balon kernel: [    0.000000@0] 	vdec0(low)   	: 0x09a00000 - 0x0da00000 ( 64 MiB)
Mar 16 12:02:38 balon kernel: [    0.000000@0] 	ppmgr0(high)   	: 0x3f000000 - 0x40000000 ( 16 MiB)
Mar 16 12:02:38 balon kernel: [    0.000000@0] 	deinterlace0(high)   	: 0x3cf00000 - 0x3f000000 ( 33 MiB)
Mar 16 12:02:38 balon kernel: [    0.000000@0] 	amvideocap0(low)   	: 0x0da00000 - 0x0e400000 ( 10 MiB)
Mar 16 12:02:38 balon kernel: [    0.000000@0] cma: CMA: reserved 8 MiB at 3c400000
Mar 16 12:02:38 balon kernel: [    0.000000@0] cma: Found region@0, memory base 0, size 42 MiB
Mar 16 12:02:38 balon kernel: [    0.000000@0] cma: CMA: reserved 44 MiB at 2cc00000
Mar 16 12:02:38 balon kernel: [    0.000000@0] Memory policy: ECC disabled, Data cache writealloc
Mar 16 12:02:38 balon kernel: [    0.000000@0] On node 0 totalpages: 211712
Mar 16 12:02:38 balon kernel: [    0.000000@0] free_area_init_node: node 0, pgdat c09f7ac0, node_mem_map c0c91000
Mar 16 12:02:38 balon kernel: [    0.000000@0]   Normal zone: 1520 pages used for memmap
Mar 16 12:02:38 balon kernel: [    0.000000@0]   Normal zone: 0 pages reserved
Mar 16 12:02:38 balon kernel: [    0.000000@0]   Normal zone: 157184 pages, LIFO batch:31
Mar 16 12:02:38 balon kernel: [    0.000000@0]   HighMem zone: 426 pages used for memmap
Mar 16 12:02:38 balon kernel: [    0.000000@0]   HighMem zone: 54528 pages, LIFO batch:15
Mar 16 12:02:38 balon kernel: [    0.000000@0] Meson chip version = RevA (1B:A - 0:B72)
Mar 16 12:02:38 balon kernel: [    0.000000@0] PERCPU: Embedded 8 pages/cpu @c143a000 s8448 r8192 d16128 u32768
Mar 16 12:02:38 balon kernel: [    0.000000@0] pcpu-alloc: s8448 r8192 d16128 u32768 alloc=8*4096
Mar 16 12:02:38 balon kernel: [    0.000000@0] pcpu-alloc: [0] 0 [0] 1 [0] 2 [0] 3 
Mar 16 12:02:38 balon kernel: [    0.000000@0] Built 1 zonelists in Zone order, mobility grouping on.  Total pages: 210192
Mar 16 12:02:38 balon kernel: [    0.000000@0] Kernel command line: root=UUID=e139ce78-9841-40fe-8823-96a304a09859 rootwait ro console=tty0 console=ttyS0,115200n8 no_console_suspend fsck.repair=yes vdaccfg=0xa000 logo=osd1,loaded,0x7900000,720p,full dmfc=3 cvbsmode=576cvbs hdmimode=1080p m_bpp=32 vout=hdmi disableuhs disablehpd=true monitor_onoff=false max_freq=1536
Mar 16 12:02:38 balon kernel: [    0.000000@0] cvbs trimming line = 0xa000
Mar 16 12:02:38 balon kernel: [    0.000000@0] cvbs trimming.1.v5: 0xa0, 0x0
Mar 16 12:02:38 balon kernel: [    0.000000@0] osd1:1
Mar 16 12:02:38 balon kernel: [    0.000000@0] loaded:268435459
Mar 16 12:02:38 balon kernel: [    0.000000@0] logo has been loaded
Mar 16 12:02:38 balon kernel: [    0.000000@0] 720p:11
Mar 16 12:02:38 balon kernel: [    0.000000@0] full:2
Mar 16 12:02:38 balon kernel: [    0.000000@0] kernel get cvbsmode form uboot is 576cvbs
Mar 16 12:02:38 balon kernel: [    0.000000@0] kernel get hdmimode form uboot is 1080p
Mar 16 12:02:38 balon kernel: [    0.000000@0] PID hash table entries: 4096 (order: 2, 16384 bytes)
Mar 16 12:02:38 balon kernel: [    0.000000@0] Dentry cache hash table entries: 131072 (order: 7, 524288 bytes)
Mar 16 12:02:38 balon kernel: [    0.000000@0] Inode-cache hash table entries: 65536 (order: 6, 262144 bytes)
Mar 16 12:02:38 balon kernel: [    0.000000@0] allocated 1992704 bytes of page_cgroup
Mar 16 12:02:38 balon kernel: [    0.000000@0] please try 'cgroup_disable=memory' option if you don't want memory cgroups
Mar 16 12:02:38 balon kernel: [    0.000000@0] Memory: 64MB 16MB 747MB = 827MB total
Mar 16 12:02:38 balon kernel: [    0.000000@0] Memory: 765232k/765232k available, 81616k reserved, 209920K highmem
Mar 16 12:02:38 balon kernel: [    0.000000@0] Virtual kernel memory layout:
Mar 16 12:02:38 balon kernel: [    0.000000@0]     vector  : 0xffff0000 - 0xffff1000   (   4 kB)
Mar 16 12:02:38 balon kernel: [    0.000000@0]     fixmap  : 0xfff00000 - 0xfffe0000   ( 896 kB)
Mar 16 12:02:38 balon kernel: [    0.000000@0]     vmalloc : 0xf0000000 - 0xff000000   ( 240 MB)
Mar 16 12:02:38 balon kernel: [    0.000000@0]     lowmem  : 0xc0000000 - 0xef800000   ( 760 MB)
Mar 16 12:02:38 balon kernel: [    0.000000@0]     pkmap   : 0xbfe00000 - 0xc0000000   (   2 MB)
Mar 16 12:02:38 balon kernel: [    0.000000@0]     modules : 0xbf000000 - 0xbfe00000   (  14 MB)
Mar 16 12:02:38 balon kernel: [    0.000000@0]       .text : 0xc0008000 - 0xc09450e8   (9461 kB)
Mar 16 12:02:38 balon kernel: [    0.000000@0]       .init : 0xc0946000 - 0xc097e100   ( 225 kB)
Mar 16 12:02:38 balon kernel: [    0.000000@0]       .data : 0xc0980000 - 0xc09f8a00   ( 483 kB)
Mar 16 12:02:38 balon kernel: [    0.000000@0]        .bss : 0xc09f8a00 - 0xc0c8c4bc   (2639 kB)
Mar 16 12:02:38 balon kernel: [    0.000000@0] SLUB: HWalign=64, Order=0-3, MinObjects=0, CPUs=4, Nodes=1
Mar 16 12:02:38 balon kernel: [    0.000000@0] Preemptible hierarchical RCU implementation.
Mar 16 12:02:38 balon kernel: [    0.000000@0] NR_IRQS:256
Mar 16 12:02:38 balon kernel: [    0.000000@0] sched_clock: 32 bits at 1000kHz, resolution 1000ns, wraps every 4294967ms
Mar 16 12:02:38 balon kernel: [    0.000000@0] Global timer: MESON TIMER-F (c099b440) initialized
Mar 16 12:02:38 balon kernel: [    0.000000@0] Switching to timer-based delay loop
Mar 16 12:02:38 balon kernel: [    0.000000@0] Console: colour dummy device 80x30
Mar 16 12:02:38 balon kernel: [    0.000000@0] console [tty0] enabled
Mar 16 12:02:38 balon kernel: [    0.000000@0] meson_serial_console_setup
Mar 16 12:02:38 balon kernel: [    0.000000@0] console [ttyS0] enabled
Mar 16 12:02:38 balon kernel: [    0.375983@0] Calibrating delay loop (skipped), value calculated using timer frequency.. 2.00 BogoMIPS (lpj=10000)
Mar 16 12:02:38 balon kernel: [    0.386253@0] pid_max: default: 32768 minimum: 301
Mar 16 12:02:38 balon kernel: [    0.391259@0] Security Framework initialized
Mar 16 12:02:38 balon kernel: [    0.395297@0] AppArmor: AppArmor initialized
Mar 16 12:02:38 balon kernel: [    0.399569@0] Mount-cache hash table entries: 512
Mar 16 12:02:38 balon kernel: [    0.408798@0] Initializing cgroup subsys memory
Mar 16 12:02:38 balon kernel: [    0.408901@0] Initializing cgroup subsys devices
Mar 16 12:02:38 balon kernel: [    0.413338@0] Initializing cgroup subsys freezer
Mar 16 12:02:38 balon kernel: [    0.417863@0] Initializing cgroup subsys blkio
Mar 16 12:02:38 balon kernel: [    0.422314@0] Initializing cgroup subsys perf_event
Mar 16 12:02:38 balon kernel: [    0.427265@0] CPU: Testing write buffer coherency: ok
Mar 16 12:02:38 balon kernel: [    0.432589@0] CPU0: thread -1, cpu 0, socket 2, mpidr 80000200
Mar 16 12:02:38 balon kernel: [    0.438032@0] Setting up static identity map for 0xc06a3ca8 - 0xc06a3d00
Mar 16 12:02:38 balon kernel: [    0.444792@0] L310 cache controller enabled
Mar 16 12:02:38 balon kernel: [    0.448773@0] l2x0: 8 ways, 2048 sets, CACHE_ID 0x4100a0c9,  Cache size: 524288 B
Mar 16 12:02:38 balon kernel: [    0.456267@0]       AUX_CTRL 0x7ec60001, PERFETCH_CTRL 0x75000007, POWER_CTRL  0x00000000
Mar 16 12:02:38 balon kernel: [    0.464369@0]       TAG_LATENCY 0x00000111, DATA_LATENCY 0x00000222
Mar 16 12:02:38 balon kernel: [    0.550336@1] CPU1: Booted secondary processor
Mar 16 12:02:38 balon kernel: [    0.550356@1] CPU1: thread -1, cpu 1, socket 2, mpidr 80000201
Mar 16 12:02:38 balon kernel: [    0.570334@2] CPU2: Booted secondary processor
Mar 16 12:02:38 balon kernel: [    0.570347@2] CPU2: thread -1, cpu 2, socket 2, mpidr 80000202
Mar 16 12:02:38 balon kernel: [    0.590332@3] CPU3: Booted secondary processor
Mar 16 12:02:38 balon kernel: [    0.590344@3] CPU3: thread -1, cpu 3, socket 2, mpidr 80000203
Mar 16 12:02:38 balon kernel: [    0.590434@0] Brought up 4 CPUs
Mar 16 12:02:38 balon kernel: [    0.618620@0] SMP: Total of 4 processors activated (8.00 BogoMIPS).
Mar 16 12:02:38 balon kernel: [    0.624852@0] CPU: All CPU(s) started in SVC mode.
Mar 16 12:02:38 balon kernel: [    0.630323@0] devtmpfs: initialized
Mar 16 12:02:38 balon kernel: [    0.639761@0] clkrate [ xtal 	] : 24000000
Mar 16 12:02:38 balon kernel: [    0.639805@0] clkrate [ pll_sys 	] : 1200000000
Mar 16 12:02:38 balon kernel: [    0.642761@0] clkrate [ pll_fixed 	] : 2550000000
Mar 16 12:02:38 balon kernel: [    0.647413@0] clkrate [ pll_vid 	] : 732000000
Mar 16 12:02:38 balon kernel: [    0.651839@0] clkrate [ pll_ddr 	] : 0
Mar 16 12:02:38 balon kernel: [    0.655551@0] clkrate [ a9_clk 	] : 1200000000
Mar 16 12:02:38 balon kernel: [    0.659967@0] clkrate [ clk81 	] : 159375000
Mar 16 12:02:38 balon kernel: [    0.664589@0] pinctrl core: initialized pinctrl subsystem
Mar 16 12:02:38 balon kernel: [    0.669785@0] regulator-dummy: no parameters
Mar 16 12:02:38 balon kernel: [    0.675674@0] NET: Registered protocol family 16
Mar 16 12:02:38 balon kernel: [    0.682678@0] DMA: preallocated 4096 KiB pool for atomic coherent allocations
Mar 16 12:02:38 balon kernel: [    0.686675@0] VPU driver version: v02
Mar 16 12:02:38 balon kernel: [    0.689149@0] load vpu_clk in dts: 182150000Hz(3)
Mar 16 12:02:38 balon kernel: [    0.693874@0] vpu_probe OK
Mar 16 12:02:38 balon kernel: [    0.696718@0] cma: Assigned CMA region with name cma_0 to amvenc_avc.0 device
Mar 16 12:02:38 balon kernel: [    0.705408@0] amlogic_gpio gpio: Probed amlogic GPIO driver
Mar 16 12:02:38 balon kernel: [    0.709594@0] register lm device lm-root
Mar 16 12:02:38 balon kernel: [    0.713098@0] register lm device lm1
Mar 16 12:02:38 balon kernel: [    0.716625@0] register lm device lm0
Mar 16 12:02:38 balon kernel: [    0.720218@0] hw-breakpoint: found 2 (+1 reserved) breakpoint and 1 watchpoint registers.
Mar 16 12:02:38 balon kernel: [    0.728293@0] hw-breakpoint: maximum watchpoint size is 4 bytes.
Mar 16 12:02:38 balon kernel: [    0.734387@0] Init pinux probe!
Mar 16 12:02:38 balon kernel: [    0.738042@0] pinmux-m8b pinmux: Probed amlogic pinctrl driver
Mar 16 12:02:38 balon kernel: [    0.743232@0] tv_init_module
Mar 16 12:02:38 balon kernel: [    0.746046@0] major number 254 for disp
Mar 16 12:02:38 balon kernel: [    0.749844@0] vout_register_server
Mar 16 12:02:38 balon kernel: [    0.753235@0] register tv module server ok
Mar 16 12:02:38 balon kernel: [    0.757350@0] call aml_dvfs_init in
Mar 16 12:02:38 balon kernel: [    0.760817@0] [DVFS]aml_dvfs_probe, child name:vcck_dvfs
Mar 16 12:02:38 balon kernel: [    0.760829@0] [DVFS]dvfs table of vcck_dvfs is:
Mar 16 12:02:38 balon kernel: [    0.760836@0] [DVFS]     freq,    min_uV,    max_uV
Mar 16 12:02:38 balon kernel: [    0.760843@0] [DVFS]    96000,    825000,    825000
Mar 16 12:02:38 balon kernel: [    0.760849@0] [DVFS]   192000,    825000,    825000
Mar 16 12:02:38 balon kernel: [    0.760856@0] [DVFS]   312000,    825000,    825000
Mar 16 12:02:38 balon kernel: [    0.760862@0] [DVFS]   408000,    825000,    825000
Mar 16 12:02:38 balon kernel: [    0.760869@0] [DVFS]   504000,    825000,    825000
Mar 16 12:02:38 balon kernel: [    0.760875@0] [DVFS]   600000,    825000,    825000
Mar 16 12:02:38 balon kernel: [    0.760882@0] [DVFS]   720000,    825000,    825000
Mar 16 12:02:38 balon kernel: [    0.760888@0] [DVFS]   816000,    850000,    850000
Mar 16 12:02:38 balon kernel: [    0.760895@0] [DVFS]  1008000,    875000,    875000
Mar 16 12:02:38 balon kernel: [    0.760901@0] [DVFS]  1200000,    925000,    925000
Mar 16 12:02:38 balon kernel: [    0.760908@0] [DVFS]  1320000,   1100000,   1100000
Mar 16 12:02:38 balon kernel: [    0.760914@0] [DVFS]  1488000,   1100000,   1100000
Mar 16 12:02:38 balon kernel: [    0.760921@0] [DVFS]  1536000,   1140000,   1140000
Mar 16 12:02:38 balon kernel: [    0.760927@0] [DVFS]  1632000,   1140000,   1140000
Mar 16 12:02:38 balon kernel: [    0.760934@0] [DVFS]  1728000,   1140000,   1140000
Mar 16 12:02:38 balon kernel: [    0.760940@0] [DVFS]  1824000,   1140000,   1140000
Mar 16 12:02:38 balon kernel: [    0.761019@0] hdmitx: system: amhdmitx_init
Mar 16 12:02:38 balon kernel: [    0.764912@0] hdmitx: system: Ver: 2014May6
Mar 16 12:02:38 balon kernel: [    0.769125@0] hdmitx: system: amhdmitx_probe
Mar 16 12:02:38 balon kernel: [    0.773599@0] hdmitx: system: gate/pwr cmd: 7
Mar 16 12:02:38 balon kernel: [    0.777642@0] hdmitx: system: ALREADY init VIC = 4
Mar 16 12:02:38 balon kernel: [    0.782420@0] hdmitx: system: gate/pwr cmd: 0
Mar 16 12:02:38 balon kernel: [    0.787166@1] hdmitx: system: reset intr mask
Mar 16 12:02:38 balon kernel: [    0.817591@0] bio: create slab <bio-0> at 0
Mar 16 12:02:38 balon kernel: [    0.818284@0] SCSI subsystem initialized
Mar 16 12:02:38 balon kernel: [    0.820253@0] usbcore: registered new interface driver usbfs
Mar 16 12:02:38 balon kernel: [    0.825717@0] usbcore: registered new interface driver hub
Mar 16 12:02:38 balon kernel: [    0.831237@0] usbcore: registered new device driver usb
Mar 16 12:02:38 balon kernel: [    0.836395@0] media: Linux media interface: v0.10
Mar 16 12:02:38 balon kernel: [    0.841048@0] Linux video capture interface: v2.00
Mar 16 12:02:38 balon kernel: [    0.846195@0] request vpu clk holdings: vencp 159375000Hz
Mar 16 12:02:38 balon kernel: [    0.851152@0] TV mode 1080p selected.
Mar 16 12:02:38 balon kernel: [    0.854770@0] tvoutc_setmode[460]
Mar 16 12:02:38 balon kernel: [    0.858057@0] aml_logo: outputmode changed(11->26), reset osd1 scaler.
Mar 16 12:02:38 balon kernel: [    4.863276@0] get property:                  use_pwm, value:0x00000001, dec:       1
Mar 16 12:02:38 balon kernel: [    4.865396@0] get property:              table_count, value:0x0000001d, dec:      29
Mar 16 12:02:38 balon kernel: [    4.873127@0] meson_cs_dvfs_probe, table count:29, use_pwm:1, pwm controller:2
Mar 16 12:02:38 balon kernel: [    4.880296@0]  0, 010f001b,  860000
Mar 16 12:02:38 balon kernel: [    4.883738@0]  1, 01050025,  870000
Mar 16 12:02:38 balon kernel: [    4.887201@0]  2, 00fc002e,  880000
Mar 16 12:02:38 balon kernel: [    4.890677@0]  3, 00f30037,  890000
Mar 16 12:02:38 balon kernel: [    4.894129@0]  4, 00ea0040,  900000
Mar 16 12:02:38 balon kernel: [    4.897592@0]  5, 00e10049,  910000
Mar 16 12:02:38 balon kernel: [    4.901066@0]  6, 00d60054,  920000
Mar 16 12:02:38 balon kernel: [    4.904519@0]  7, 00cb005f,  930000
Mar 16 12:02:38 balon kernel: [    4.907982@0]  8, 00c0006a,  940000
Mar 16 12:02:38 balon kernel: [    4.911457@0]  9, 00b50075,  950000
Mar 16 12:02:38 balon kernel: [    4.914910@0] 10, 00aa0080,  960000
Mar 16 12:02:38 balon kernel: [    4.918373@0] 11, 00a0008a,  970000
Mar 16 12:02:38 balon kernel: [    4.921848@0] 12, 00960094,  980000
Mar 16 12:02:38 balon kernel: [    4.925300@0] 13, 008d009d,  990000
Mar 16 12:02:38 balon kernel: [    4.928763@0] 14, 007b00af, 1000000
Mar 16 12:02:38 balon kernel: [    4.932238@0] 15, 007200b8, 1010000
Mar 16 12:02:38 balon kernel: [    4.935691@0] 16, 006900c1, 1020000
Mar 16 12:02:38 balon kernel: [    4.939154@0] 17, 006000ca, 1030000
Mar 16 12:02:38 balon kernel: [    4.942629@0] 18, 005700d3, 1040000
Mar 16 12:02:38 balon kernel: [    4.946082@0] 19, 004e00dc, 1050000
Mar 16 12:02:38 balon kernel: [    4.949545@0] 20, 004500e5, 1060000
Mar 16 12:02:38 balon kernel: [    4.953020@0] 21, 003c00ee, 1070000
Mar 16 12:02:38 balon kernel: [    4.956472@0] 22, 003300f7, 1080000
Mar 16 12:02:38 balon kernel: [    4.959935@0] 23, 002a0100, 1090000
Mar 16 12:02:38 balon kernel: [    4.963410@0] 24, 00180109, 1100000
Mar 16 12:02:38 balon kernel: [    4.966863@0] 25, 000f011b, 1110000
Mar 16 12:02:38 balon kernel: [    4.970337@0] 26, 000a0120, 1120000
Mar 16 12:02:38 balon kernel: [    4.973790@0] 27, 00050125, 1130000
Mar 16 12:02:38 balon kernel: [    4.977253@0] 28, 0000012a, 1140000
Mar 16 12:02:38 balon kernel: [    4.980770@0] get pin for pwm--------
Mar 16 12:02:38 balon kernel: [    4.984358@0] [DVFS]aml_dvfs_register_driver, driver meson-cs-dvfs regist success, mask:1, source id:1
Mar 16 12:02:38 balon kernel: [    4.984589@0] Advanced Linux Sound Architecture Driver Initialized.
Mar 16 12:02:38 balon kernel: [    4.991022@0] Bluetooth: Core ver 2.16
Mar 16 12:02:38 balon kernel: [    4.994348@0] NET: Registered protocol family 31
Mar 16 12:02:38 balon kernel: [    4.998902@0] Bluetooth: HCI device and connection manager initialized
Mar 16 12:02:38 balon kernel: [    5.005427@0] Bluetooth: HCI socket layer initialized
Mar 16 12:02:38 balon kernel: [    5.010438@0] Bluetooth: L2CAP socket layer initialized
Mar 16 12:02:38 balon kernel: [    5.015636@0] Bluetooth: SCO socket layer initialized
Mar 16 12:02:38 balon kernel: [    5.020801@0] Loading modules backported from Linux version next-20150129-0-g828f79f
Mar 16 12:02:38 balon kernel: [    5.028349@0] Backport integrated by backports.git backports-20150129-0-gdd4a670
Mar 16 12:02:38 balon kernel: [    5.035949@0] cfg80211: Calling CRDA to update world regulatory domain
Mar 16 12:02:38 balon kernel: [    5.042949@0] Switching to clocksource Timer-E
Mar 16 12:02:38 balon kernel: [    5.046918@0] AppArmor: AppArmor Filesystem Enabled
Mar 16 12:02:38 balon kernel: [    5.058995@0] NET: Registered protocol family 2
Mar 16 12:02:38 balon kernel: [    5.059725@0] TCP established hash table entries: 8192 (order: 4, 65536 bytes)
Mar 16 12:02:38 balon kernel: [    5.065196@0] TCP bind hash table entries: 8192 (order: 4, 65536 bytes)
Mar 16 12:02:38 balon kernel: [    5.071800@0] TCP: Hash tables configured (established 8192 bind 8192)
Mar 16 12:02:38 balon kernel: [    5.078237@0] TCP: reno registered
Mar 16 12:02:38 balon kernel: [    5.081543@0] UDP hash table entries: 512 (order: 2, 16384 bytes)
Mar 16 12:02:38 balon kernel: [    5.087647@0] UDP-Lite hash table entries: 512 (order: 2, 16384 bytes)
Mar 16 12:02:38 balon kernel: [    5.094329@0] NET: Registered protocol family 1
Mar 16 12:02:38 balon kernel: [    5.098815@0] Unpacking initramfs...
Mar 16 12:02:38 balon kernel: [    5.371559@0] Freeing initrd memory: 4640K (c4e08000 - c5290000)
Mar 16 12:02:38 balon kernel: [    5.372674@0] hw perfevents: enabled with ARMv7 Cortex-A9 PMU driver, 3 counters available
Mar 16 12:02:38 balon kernel: [    5.380751@0] audit: initializing netlink socket (disabled)
Mar 16 12:02:38 balon kernel: [    5.385737@0] type=2000 audit(5.280:1): initialized
Mar 16 12:02:38 balon kernel: [    5.391255@0] bounce pool size: 64 pages
Mar 16 12:02:38 balon kernel: [    5.399663@0] VFS: Disk quotas dquot_6.5.2
Mar 16 12:02:38 balon kernel: [    5.399929@0] Dquot-cache hash table entries: 1024 (order 0, 4096 bytes)
Mar 16 12:02:38 balon kernel: [    5.407295@0] aufs 3.10.x
Mar 16 12:02:38 balon kernel: [    5.407802@0] msgmni has been set to 1181
Mar 16 12:02:38 balon kernel: [    5.413299@0] Block layer SCSI generic (bsg) driver version 0.4 loaded (major 249)
Mar 16 12:02:38 balon kernel: [    5.419335@0] io scheduler noop registered
Mar 16 12:02:38 balon kernel: [    5.423371@0] io scheduler deadline registered
Mar 16 12:02:38 balon kernel: [    5.427927@0] io scheduler cfq registered (default)
Mar 16 12:02:38 balon kernel: [    5.476617@0] [drm] Initialized drm 1.1.0 20060810
Mar 16 12:02:38 balon kernel: [    5.476813@0] gpu cooling register okay with err=0
Mar 16 12:02:38 balon kernel: [    5.483395@0] Mali: Mali device driver loaded
Mar 16 12:02:38 balon kernel: [    5.485010@0] UMP: UMP device driver -jenkins-deb_kernel_c1-185 loaded
Mar 16 12:02:38 balon kernel: [    5.494219@0] loop: module loaded
Mar 16 12:02:38 balon kernel: [    5.495156@0] tun: Universal TUN/TAP device driver, 1.6
Mar 16 12:02:38 balon kernel: [    5.499880@0] tun: (C) 1999-2004 Max Krasnyansky <maxk@qualcomm.com>
Mar 16 12:02:38 balon kernel: [    5.506317@0] PPP generic driver version 2.4.2
Mar 16 12:02:38 balon kernel: [    5.510964@0] usbcore: registered new interface driver usb-storage
Mar 16 12:02:38 balon kernel: [    5.516873@0] usbcore: registered new interface driver usbserial
Mar 16 12:02:38 balon kernel: [    5.522748@0] usbcore: registered new interface driver usbserial_generic
Mar 16 12:02:38 balon kernel: [    5.529431@0] usbserial: USB Serial support registered for generic
Mar 16 12:02:38 balon kernel: [    5.535769@0] mousedev: PS/2 mouse device common for all mice
Mar 16 12:02:38 balon kernel: [    5.541515@0] i2c /dev entries driver
Mar 16 12:02:38 balon kernel: [    5.545227@0] device-mapper: uevent: version 1.0.3
Mar 16 12:02:38 balon kernel: [    5.549950@0] device-mapper: ioctl: 4.24.0-ioctl (2013-01-15) initialised: dm-devel@redhat.com
Mar 16 12:02:38 balon kernel: [    5.558374@0] Bluetooth: HCI UART driver ver 2.2
Mar 16 12:02:38 balon kernel: [    5.562804@0] Bluetooth: HCI H4 protocol initialized
Mar 16 12:02:38 balon kernel: [    5.567754@0] Bluetooth: HCI BCSP protocol initialized
Mar 16 12:02:38 balon kernel: [    5.572847@0] Bluetooth: HCILL protocol initialized
Mar 16 12:02:38 balon kernel: [    5.577710@0] Bluetooth: HCIATH3K protocol initialized
Mar 16 12:02:38 balon kernel: [    5.582805@0] Bluetooth: HCI Three-wire UART (H5) protocol initialized
Mar 16 12:02:38 balon kernel: [    5.589867@0] ledtrig-cpu: registered to indicate activity on CPUs
Mar 16 12:02:38 balon kernel: [    5.595514@0] hidraw: raw HID events driver (C) Jiri Kosina
Mar 16 12:02:38 balon kernel: [    5.601241@0] usbcore: registered new interface driver usbhid
Mar 16 12:02:38 balon kernel: [    5.606725@0] usbhid: USB HID core driver
Mar 16 12:02:38 balon kernel: [    5.610891@0] efuse===========================================
Mar 16 12:02:38 balon kernel: [    5.616623@0] efuse: device efuse created
Mar 16 12:02:38 balon kernel: [    5.620536@0] efuse--------------------------------------------
Mar 16 12:02:38 balon kernel: [    5.626361@0] vout_init_module
Mar 16 12:02:38 balon kernel: [    5.629442@0] start init vout module 
Mar 16 12:02:38 balon kernel: [    5.633141@0] create  vout attribute ok 
Mar 16 12:02:38 balon kernel: [    5.637184@0] ge2d_init
Mar 16 12:02:38 balon kernel: [    5.639522@0] ge2d_dev major:244
Mar 16 12:02:38 balon kernel: [    5.642953@0] ge2d start monitor
Mar 16 12:02:38 balon kernel: [    5.646170@0] osd_init
Mar 16 12:02:38 balon kernel: [    5.646178@1] ge2d workqueue monitor start
Mar 16 12:02:38 balon kernel: [    5.652655@0] osd_probe, vinfo:c06e4648
Mar 16 12:02:38 balon kernel: [    5.656738@0] Frame buffer memory assigned at phy:0x06100000, vir:0xf1000000, size=24576K
Mar 16 12:02:38 balon kernel: [    5.664553@0] osd_probe, mydef_var:c09ce67c, vinfo:c06e4648
Mar 16 12:02:38 balon kernel: [    5.670107@0] init fbdev bpp is :32
Mar 16 12:02:38 balon kernel: [    5.673634@0] ---------------clear framebuffer0 memory  
Mar 16 12:02:38 balon kernel: [    6.699921@0] Console: switching to colour frame buffer device 160x90
Mar 16 12:02:38 balon kernel: [    6.713111@0] Frame buffer memory assigned at phy:0x07900000, vir:0xf0600000, size=1024K
Mar 16 12:02:38 balon kernel: [    6.721101@0] osd_probe, mydef_var:c09ce67c, vinfo:c06e4648
Mar 16 12:02:38 balon kernel: [    6.726591@0] don't find to display_size_default from mesonfb-dts
Mar 16 12:02:38 balon kernel: [    6.732670@0] init fbdev bpp is :24
Mar 16 12:02:38 balon kernel: [    7.726669@0] osd probe ok  
Mar 16 12:02:38 balon kernel: [    7.726736@0] hdmitx: video: get current mode: 1080p
Mar 16 12:02:38 balon kernel: [    7.729007@0] hdmitx: video: get current mode: 1080p
Mar 16 12:02:38 balon kernel: [    7.733940@0] hdmitx: system: gate/pwr cmd: 7
Mar 16 12:02:38 balon kernel: [    7.738320@0] hdmitx: system: already init VIC = 0  Now VIC = 16
Mar 16 12:02:38 balon kernel: [    7.744257@0] hdmitx: system:  16 (cd0,cs0,pm1,vd0,1) 
Mar 16 12:02:38 balon kernel: [    7.749365@0] hdmitx: system: gate/pwr cmd: 0
Mar 16 12:02:38 balon kernel: [    7.753673@0] hdmitx: system: hw reset
Mar 16 12:02:38 balon kernel: [    7.758443@0] hdmitx: audio: SPDIF
Mar 16 12:02:38 balon kernel: [    7.760811@0] reconfig packet setting done
Mar 16 12:02:38 balon kernel: [    7.784824@0] hdmitx: system: set pll
Mar 16 12:02:38 balon kernel: [    7.784894@0] hdmitx: system: param->VIC:16
Mar 16 12:02:38 balon kernel: [    7.787072@0] mode is: 26
Mar 16 12:02:38 balon kernel: [    7.789639@0] VPU_VIU_VENC_MUX_CTRL: 0xa
Mar 16 12:02:38 balon kernel: [    7.793546@0] viu chan = 1
Mar 16 12:02:38 balon kernel: [    7.796217@0] VPU_VIU_VENC_MUX_CTRL: 0xa
Mar 16 12:02:38 balon kernel: [    7.800142@0] config HPLL
Mar 16 12:02:38 balon kernel: [    7.816666@0] config HPLL done
Mar 16 12:02:38 balon kernel: [    7.816735@0] enc_vpu_bridge_reset[314]
Mar 16 12:02:38 balon kernel: [    7.956660@0] hdmitx: system: phy setting done
Mar 16 12:02:38 balon kernel: [    7.956745@0] hdmi: Fixing to HDMI Mode
Mar 16 12:02:38 balon kernel: [    7.959321@0] hdmi: Sink is HDMI device
Mar 16 12:02:38 balon kernel: [    7.963133@0] hdmi: No sink attached
Mar 16 12:02:38 balon kernel: [    7.966733@0] hdmitx: audio: audio channel num is 0
Mar 16 12:02:38 balon kernel: [    7.971553@0] hdmitx: audio: SPDIF
Mar 16 12:02:38 balon kernel: [    7.974910@0] hdmitx: audio: current VIC: 16
Mar 16 12:02:38 balon kernel: [    7.979169@0] hdmitx: audio: audio sample rate: 0
Mar 16 12:02:38 balon kernel: [    7.983836@0] hdmitx: audio: reset audio N para
Mar 16 12:02:38 balon kernel: [    7.988371@0] hdmitx: audio: PCM out to HDMI
Mar 16 12:02:38 balon kernel: [    8.005006@0] hdmitx: audio: Time out: AIU_HDMI_CLK_DATA_CTRL
Mar 16 12:02:38 balon kernel: [    8.005179@0] hdmitx: audio: i2s_to_spdif_flag:1 
Mar 16 12:02:38 balon kernel: [    8.009859@0] hdmitx: audio: Enable audio spdif to HDMI
Mar 16 12:02:38 balon kernel: [    8.052872@0] amlvideo-000: V4L2 device registered as video10
Mar 16 12:02:38 balon kernel: [    8.053300@0] ionvideo-000: V4L2 device registered as video13
Mar 16 12:02:38 balon kernel: [    8.058790@0] Video Technology Magazine Ion Video Capture Board ver 1.0 successfully loaded.
Mar 16 12:02:38 balon kernel: [    8.067206@0] DI: di_init
Mar 16 12:02:38 balon kernel: [    8.067249@0] DI: di_probe
Mar 16 12:02:38 balon kernel: [    8.067610@0] aml_wdt_driver_init,306
Mar 16 12:02:38 balon kernel: [    8.070786@0] ** disable watchdog
Mar 16 12:02:38 balon kernel: [    8.074163@0] one-secod=7812,min_timeout=1,max_timeout=8,default_timeout=10,reset_watchdog_method=0,reset_watchdog_time=2,shutdown_timeout=10,firmware_timeout=6,suspend_timeout=6
Mar 16 12:02:38 balon kernel: [    8.090355@0] AML Watchdog Timer probed done 
Mar 16 12:02:38 balon kernel: [    8.094556@0] set uart_ao pinmux use pinctrl subsystem
Mar 16 12:02:38 balon kernel: [    8.099428@0] P_AO_RTI_PIN_MUX_REG:1801
Mar 16 12:02:38 balon kernel: [    8.103186@0] start uart_ao_ttyS0:(irq = 122)
Mar 16 12:02:38 balon kernel: [    8.107541@0] register uart_ao ok
Mar 16 12:02:38 balon kernel: [    8.110994@0] set uart_b pinmux use pinctrl subsystem
Mar 16 12:02:38 balon kernel: [    8.115819@0] P_AO_RTI_PIN_MUX_REG:1801
Mar 16 12:02:38 balon kernel: [    8.123112@0] start uart_b_ttyS2:(irq = 107)
Mar 16 12:02:38 balon kernel: [    8.127292@0] register uart_b ok
Mar 16 12:02:38 balon kernel: [    8.130817@0] dwc_otg: version 3.10a 12-MAY-2014
Mar 16 12:02:38 balon kernel: [    8.135068@0] dwc_otg_driver_probe NOT match
Mar 16 12:02:38 balon kernel: [    8.179335@0] usb1: type: 1, speed: 0, config: 0, dma: 0, id: 1, phy: fe108820, ctrl: fe080000
Mar 16 12:02:38 balon kernel: [    8.185858@0] USB (1) use clock source: XTAL input
Mar 16 12:02:38 balon kernel: [    8.211779@0] Core Release: 3.10a
Mar 16 12:02:38 balon kernel: [    8.215337@0] Setting default values for core params
Mar 16 12:02:38 balon kernel: [    8.218931@0] curmode: 1, host_only: 1
Mar 16 12:02:38 balon kernel: [    8.242615@0] Using Buffer DMA mode
Mar 16 12:02:38 balon kernel: [    8.246119@0] OTG VER PARAM: 1, OTG VER FLAG: 1
Mar 16 12:02:38 balon kernel: [    8.249658@0] Working on port type = HOST
Mar 16 12:02:38 balon kernel: [    8.253344@0] dwc_otg lm1: DWC OTG Controller
Mar 16 12:02:38 balon kernel: [    8.256884@0] dwc_otg lm1: new USB bus registered, assigned bus number 1
Mar 16 12:02:38 balon kernel: [    8.263491@0] dwc_otg lm1: irq 63, io mem 0x00000000
Mar 16 12:02:38 balon kernel: [    8.268409@0] -------hcd->flags.d32 = 0
Mar 16 12:02:38 balon kernel: [    8.272210@0] Init: Port Power? op_state=1
Mar 16 12:02:38 balon kernel: [    8.276260@0] Init1: Power Port (0)
Mar 16 12:02:38 balon kernel: [    8.280270@0] hub 1-0:1.0: USB hub found
Mar 16 12:02:38 balon kernel: [    8.283803@0] hub 1-0:1.0: 1 port detected
Mar 16 12:02:38 balon kernel: [    8.287930@0] usb0: type: 0, speed: 0, config: 0, dma: 0, id: 0, phy: fe108800, ctrl: fe040000
Mar 16 12:02:38 balon kernel: [    8.296403@0] USB (0) use clock source: XTAL input
Mar 16 12:02:38 balon kernel: [    8.322262@0] Core Release: 3.10a
Mar 16 12:02:38 balon kernel: [    8.325865@0] Setting default values for core params
Mar 16 12:02:38 balon kernel: [    8.329497@0] curmode: 1, host_only: 0
Mar 16 12:02:38 balon kernel: [    8.393168@0] Using Buffer DMA mode
Mar 16 12:02:38 balon kernel: [    8.396715@0] OTG VER PARAM: 1, OTG VER FLAG: 1
Mar 16 12:02:38 balon kernel: [    8.400229@0] Working on port type = OTG
Mar 16 12:02:38 balon kernel: [    8.403731@0] Current port type: SLAVE
Mar 16 12:02:38 balon kernel: [    8.407431@0] dwc_otg lm0: DWC OTG Controller
Mar 16 12:02:38 balon kernel: [    8.410996@0] dwc_otg lm0: new USB bus registered, assigned bus number 2
Mar 16 12:02:38 balon kernel: [    8.417691@0] dwc_otg lm0: irq 62, io mem 0x00000000
Mar 16 12:02:38 balon kernel: [    8.423013@0] hub 2-0:1.0: USB hub found
Mar 16 12:02:38 balon kernel: [    8.426448@0] hub 2-0:1.0: 1 port detected
Mar 16 12:02:38 balon kernel: [    8.430658@0] Dedicated Tx FIFOs mode
Mar 16 12:02:38 balon kernel: [    8.434469@0] using timer detect id change, ec8ea800
Mar 16 12:02:38 balon kernel: [    8.439303@0] ethernet_driver probe!
Mar 16 12:02:38 balon kernel: [    8.442740@0] ethernetinit(dbg[c09d32ac]=1)
Mar 16 12:02:38 balon kernel: [    8.446851@0] ethernet base addr is fe0c0000
Mar 16 12:02:38 balon kernel: [    8.451056@0] write mac add to:ebe4e488: 00 1e 06 10 8a 87 |....|
Mar 16 12:02:38 balon kernel: [    8.461581@0] libphy: AMLMAC MII Bus: probed
Mar 16 12:02:38 balon kernel: [    8.465083@0] eth0: PHY ID 001cc916 at 0 IRQ -1 (0:00) active
Mar 16 12:02:38 balon kernel: [    8.469463@0] eth0: PHY ID 001cc916 at 1 IRQ -1 (0:01) active
Mar 16 12:02:38 balon kernel: [    8.475268@0] amvideocap_init_module
Mar 16 12:02:38 balon kernel: [    8.478898@0] amvideocap_probe,amvideocap
Mar 16 12:02:38 balon kernel: [    8.482650@0] amvideocap_dev_register buf:0da00000,size:a00000.
Mar 16 12:02:38 balon kernel: [    8.488644@1] Indeed it is in host mode hprt0 = 00021501
Mar 16 12:02:38 balon kernel: [    8.488833@0] Amlogic A/V streaming port init
Mar 16 12:02:38 balon kernel: [    8.490016@0] init vdec memsource 9a00000->d9fffff
Mar 16 12:02:38 balon kernel: [    8.490113@0] [tsync_pcr_init]init success. 
Mar 16 12:02:38 balon kernel: [    8.490158@0] regist mpeg12 codec profile
Mar 16 12:02:38 balon kernel: [    8.490200@0] regist mpeg4 codec profile
Mar 16 12:02:38 balon kernel: [    8.490202@0] amvdec_vc1 module init
Mar 16 12:02:38 balon kernel: [    8.490244@0] regist vc1 codec profile
Mar 16 12:02:38 balon kernel: [    8.490246@0] amvdec_h264 module init
Mar 16 12:02:38 balon kernel: [    8.490318@0] regist h264 codec profile
Mar 16 12:02:38 balon kernel: [    8.490321@0] amvdec_h265 module init
Mar 16 12:02:38 balon kernel: [    8.490363@0] regist hevc codec profile
Mar 16 12:02:38 balon kernel: [    8.490411@0] regist mjpeg codec profile
Mar 16 12:02:38 balon kernel: [    8.490413@0] amvdec_real module init
Mar 16 12:02:38 balon kernel: [    8.490458@0] regist real codec profile
Mar 16 12:02:38 balon kernel: [    8.490460@0] amvdec_avs module init
Mar 16 12:02:38 balon kernel: [    8.490571@0] amvenc_avc memory resource undefined.
Mar 16 12:02:38 balon kernel: [    8.490573@0] encode_wq_init.
Mar 16 12:02:38 balon kernel: [    8.490577@0] encode start monitor.
Mar 16 12:02:38 balon kernel: [    8.490683@2] encode workqueue monitor start.
Mar 16 12:02:38 balon kernel: [    8.490879@0] regist avc codec profile
Mar 16 12:02:38 balon kernel: [    8.490881@0] jpegenc module init
Mar 16 12:02:38 balon kernel: [    8.491111@0] alloc_keep_buffer keep_y_addr eba00000
Mar 16 12:02:38 balon kernel: [    8.491181@0] alloc_keep_buffer keep_u_addr ec000000
Mar 16 12:02:38 balon kernel: [    8.491209@0] alloc_keep_buffer keep_v_addr ebf80000
Mar 16 12:02:38 balon kernel: [    8.491229@0] yaddr=eba00000,u_addr=ec000000,v_addr=ebf80000
Mar 16 12:02:38 balon kernel: [    8.491534@0] create_ge2d_work_queue video task ok 
Mar 16 12:02:38 balon kernel: [    8.491738@0] SARADC Driver init.
Mar 16 12:02:38 balon kernel: [    8.491848@0] __saradc_probe__
Mar 16 12:02:38 balon kernel: [    8.636799@3] saradc calibration: ref_val = 511
Mar 16 12:02:38 balon kernel: [    8.639981@3] saradc calibration: ref_nominal = 512
Mar 16 12:02:38 balon kernel: [    8.643664@3] saradc calibration: coef = 4056
Mar 16 12:02:38 balon kernel: [    8.648240@3] ir irblaster probe
Mar 16 12:02:38 balon kernel: [    8.651520@3] Remote Driver
Mar 16 12:02:38 balon kernel: [    8.654717@3] ==touch_ts_init==
Mar 16 12:02:38 balon kernel: [    8.657919@3] ==ft5x0x_ts_init==
Mar 16 12:02:38 balon kernel: [    8.661029@3] ==goodix_ts_init==
Mar 16 12:02:38 balon kernel: [    8.664122@3] i2c-core: driver [gslx680_compatible] using legacy suspend method
