Feb 11 16:28:30 powah kernel: [   41.265729@2] EXT4-fs (mmcblk0p2): re-mounted. Opts: (null)
Feb 11 16:28:48 powah kernel: [   59.414275@1] netdev_open
Feb 11 16:28:48 powah kernel: [   59.414286@1] Ethernet reset
Feb 11 16:28:48 powah kernel: [   59.414311@1] NET MDA descpter start addr=ed600000
Feb 11 16:28:48 powah kernel: [   59.472795@1] phy_interface = 0
Feb 11 16:28:48 powah kernel: [   59.472809@1] aml_phy_init:  trying to attach to 0:01
Feb 11 16:28:48 powah kernel: [   59.472982@1] am_rtl811f called phy reset
Feb 11 16:28:48 powah kernel: [   13.348351@1] amlvideo openamlvideo close
Feb 11 16:28:48 powah kernel: [   59.486776@1] --1--write mac add to:eea25288: 00 1e 06 c0 8e 9a |.....|
Feb 11 16:28:48 powah kernel: [   59.486800@1] --2--write mac add to:eea25288: 00 1e 06 c0 8e 9a |.....|
Feb 11 16:28:48 powah kernel: [   59.486815@1] write mac add to:eea25288: 00 1e 06 c0 8e 9a |.....|
Feb 11 16:28:48 powah kernel: [   59.486832@1] Current DMA mode=0, set mode=621c100
Feb 11 16:28:48 powah kernel: [   59.486869@1] eth0: opened (irq 40).
Feb 11 16:28:48 powah kernel: [   59.496906@1] ether leave promiscuous mode
Feb 11 16:28:48 powah kernel: [   59.496919@1] ether leave all muticast mode
Feb 11 16:28:48 powah kernel: [   59.496987@1] IPv6: ADDRCONF(NETDEV_UP): eth0: link is not ready
Feb 11 16:28:52 powah kernel: [   63.486746@1] [adjust link] -> eth: full-duplex
Feb 11 16:28:52 powah kernel: [   63.486756@1] [adjust link] -> eth: phy_speed <> priv_speed)
Feb 11 16:28:52 powah kernel: [   63.486770@1] [adjust link -> eth: am_adjust_link state change (new_state=true)
Feb 11 16:28:52 powah kernel: [   63.486777@1] libphy: 0:01 - Link is Up - 1000/Full
Feb 11 16:28:52 powah kernel: [   63.486821@1] IPv6: ADDRCONF(NETDEV_CHANGE): eth0: link becomes ready
Feb 11 16:28:03 odroid kernel: [    0.000000@0] Booting Linux on physical CPU 0x200
Feb 11 16:28:03 odroid kernel: [    0.000000@0] Initializing cgroup subsys cpuset
Feb 11 16:28:03 odroid kernel: [    0.000000@0] Initializing cgroup subsys cpu
Feb 11 16:28:03 odroid kernel: [    0.000000@0] Initializing cgroup subsys cpuacct
Feb 11 16:28:03 odroid kernel: [    0.000000@0] Linux version 3.10.96-154 (root@1604_builder_armhf) (gcc version 4.9.3 (Ubuntu/Linaro 4.9.3-13ubuntu2) ) #1 SMP PREEMPT Wed Jul 13 21:14:58 UTC 2016
Feb 11 16:28:03 odroid kernel: [    0.000000@0] Kernel was built at commit id '678b0bb'
Feb 11 16:28:03 odroid kernel: [    0.000000@0] CPU: ARMv7 Processor [410fc051] revision 1 (ARMv7), cr=10c5387d
Feb 11 16:28:03 odroid kernel: [    0.000000@0] CPU: PIPT / VIPT nonaliasing data cache, VIPT aliasing instruction cache
Feb 11 16:28:03 odroid kernel: [    0.000000@0] Machine: ODROIDC, model: AMLOGIC
Feb 11 16:28:03 odroid kernel: [    0.000000@0] physical memory start address is 0x200000
Feb 11 16:28:03 odroid kernel: [    0.000000@0] reserved_end is e3fffff 
Feb 11 16:28:03 odroid kernel: [    0.000000@0]  
Feb 11 16:28:03 odroid kernel: [    0.000000@0] Total memory is 1022 MiB
Feb 11 16:28:03 odroid kernel: [    0.000000@0] Reserved low memory from 0x06000000 to 0x0e3fffff, size: 132 MiB 
Feb 11 16:28:03 odroid kernel: [    0.000000@0] 	mesonfb0(low)   	: 0x06100000 - 0x07900000 ( 24 MiB)
Feb 11 16:28:03 odroid kernel: [    0.000000@0] 	mesonfb1(low)   	: 0x07900000 - 0x07a00000 (  1 MiB)
Feb 11 16:28:03 odroid kernel: [    0.000000@0] 	mesonstream0(low)   	: 0x07a00000 - 0x09a00000 ( 32 MiB)
Feb 11 16:28:03 odroid kernel: [    0.000000@0] 	vdec0(low)   	: 0x09a00000 - 0x0da00000 ( 64 MiB)
Feb 11 16:28:03 odroid kernel: [    0.000000@0] 	ppmgr0(high)   	: 0x3f000000 - 0x40000000 ( 16 MiB)
Feb 11 16:28:03 odroid kernel: [    0.000000@0] 	deinterlace0(high)   	: 0x3cf00000 - 0x3f000000 ( 33 MiB)
Feb 11 16:28:03 odroid kernel: [    0.000000@0] 	amvideocap0(low)   	: 0x0da00000 - 0x0e400000 ( 10 MiB)
Feb 11 16:28:03 odroid kernel: [    0.000000@0] cma: CMA: reserved 8 MiB at 3c400000
Feb 11 16:28:03 odroid kernel: [    0.000000@0] Memory policy: ECC disabled, Data cache writealloc
Feb 11 16:28:03 odroid kernel: [    0.000000@0] On node 0 totalpages: 211712
Feb 11 16:28:03 odroid kernel: [    0.000000@0] free_area_init_node: node 0, pgdat c09c1240, node_mem_map c0c5a000
Feb 11 16:28:03 odroid kernel: [    0.000000@0]   Normal zone: 1520 pages used for memmap
Feb 11 16:28:03 odroid kernel: [    0.000000@0]   Normal zone: 0 pages reserved
Feb 11 16:28:03 odroid kernel: [    0.000000@0]   Normal zone: 157184 pages, LIFO batch:31
Feb 11 16:28:03 odroid kernel: [    0.000000@0]   HighMem zone: 426 pages used for memmap
Feb 11 16:28:03 odroid kernel: [    0.000000@0]   HighMem zone: 54528 pages, LIFO batch:15
Feb 11 16:28:03 odroid kernel: [    0.000000@0] Meson chip version = RevA (1B:A - 0:B72)
Feb 11 16:28:03 odroid kernel: [    0.000000@0] PERCPU: Embedded 7 pages/cpu @c1403000 s8192 r8192 d12288 u32768
Feb 11 16:28:03 odroid kernel: [    0.000000@0] pcpu-alloc: s8192 r8192 d12288 u32768 alloc=8*4096
Feb 11 16:28:03 odroid kernel: [    0.000000@0] pcpu-alloc: [0] 0 [0] 1 [0] 2 [0] 3 
Feb 11 16:28:03 odroid kernel: [    0.000000@0] Built 1 zonelists in Zone order, mobility grouping on.  Total pages: 210192
Feb 11 16:28:03 odroid kernel: [    0.000000@0] Kernel command line: root=UUID=e139ce78-9841-40fe-8823-96a304a09859 rootwait ro console=tty0 console=ttyS0,115200n8 no_console_suspend vdaccfg=0xa000 logo=osd1,loaded,0x7900000,720p,full dmfc=3 cvbsmode=576cvbs hdmimode=1080p m_bpp=32 vout=hdmi disableuhs disablehpd=true
Feb 11 16:28:03 odroid kernel: [    0.000000@0] cvbs trimming line = 0xa000
Feb 11 16:28:03 odroid kernel: [    0.000000@0] cvbs trimming.1.v5: 0xa0, 0x0
Feb 11 16:28:03 odroid kernel: [    0.000000@0] osd1:1
Feb 11 16:28:03 odroid kernel: [    0.000000@0] loaded:268435459
Feb 11 16:28:03 odroid kernel: [    0.000000@0] logo has been loaded
Feb 11 16:28:03 odroid kernel: [    0.000000@0] 720p:11
Feb 11 16:28:03 odroid kernel: [    0.000000@0] full:2
Feb 11 16:28:03 odroid kernel: [    0.000000@0] kernel get cvbsmode form uboot is 576cvbs
Feb 11 16:28:03 odroid kernel: [    0.000000@0] kernel get hdmimode form uboot is 1080p
Feb 11 16:28:03 odroid kernel: [    0.000000@0] PID hash table entries: 4096 (order: 2, 16384 bytes)
Feb 11 16:28:03 odroid kernel: [    0.000000@0] Dentry cache hash table entries: 131072 (order: 7, 524288 bytes)
Feb 11 16:28:03 odroid kernel: [    0.000000@0] Inode-cache hash table entries: 65536 (order: 6, 262144 bytes)
Feb 11 16:28:03 odroid kernel: [    0.000000@0] allocated 1992704 bytes of page_cgroup
Feb 11 16:28:03 odroid kernel: [    0.000000@0] please try 'cgroup_disable=memory' option if you don't want memory cgroups
Feb 11 16:28:03 odroid kernel: [    0.000000@0] Memory: 64MB 16MB 747MB = 827MB total
Feb 11 16:28:03 odroid kernel: [    0.000000@0] Memory: 813140k/813140k available, 33708k reserved, 209920K highmem
Feb 11 16:28:03 odroid kernel: [    0.000000@0] Virtual kernel memory layout:
Feb 11 16:28:03 odroid kernel: [    0.000000@0]     vector  : 0xffff0000 - 0xffff1000   (   4 kB)
Feb 11 16:28:03 odroid kernel: [    0.000000@0]     fixmap  : 0xfff00000 - 0xfffe0000   ( 896 kB)
Feb 11 16:28:03 odroid kernel: [    0.000000@0]     vmalloc : 0xf0000000 - 0xff000000   ( 240 MB)
Feb 11 16:28:03 odroid kernel: [    0.000000@0]     lowmem  : 0xc0000000 - 0xef800000   ( 760 MB)
Feb 11 16:28:03 odroid kernel: [    0.000000@0]     pkmap   : 0xbfe00000 - 0xc0000000   (   2 MB)
Feb 11 16:28:03 odroid kernel: [    0.000000@0]     modules : 0xbf000000 - 0xbfe00000   (  14 MB)
Feb 11 16:28:03 odroid kernel: [    0.000000@0]       .text : 0xc0008000 - 0xc0910f40   (9252 kB)
Feb 11 16:28:03 odroid kernel: [    0.000000@0]       .init : 0xc0911000 - 0xc0949000   ( 224 kB)
Feb 11 16:28:03 odroid kernel: [    0.000000@0]       .data : 0xc094a000 - 0xc09c2180   ( 481 kB)
Feb 11 16:28:03 odroid kernel: [    0.000000@0]        .bss : 0xc09c2180 - 0xc0c55bbc   (2639 kB)
Feb 11 16:28:03 odroid kernel: [    0.000000@0] SLUB: HWalign=64, Order=0-3, MinObjects=0, CPUs=4, Nodes=1
Feb 11 16:28:03 odroid kernel: [    0.000000@0] Preemptible hierarchical RCU implementation.
Feb 11 16:28:03 odroid kernel: [    0.000000@0] NR_IRQS:256
Feb 11 16:28:03 odroid kernel: [    0.000000@0] sched_clock: 32 bits at 1000kHz, resolution 1000ns, wraps every 4294967ms
Feb 11 16:28:03 odroid kernel: [    0.000000@0] Global timer: MESON TIMER-F (c0965400) initialized
Feb 11 16:28:03 odroid kernel: [    0.000000@0] Switching to timer-based delay loop
Feb 11 16:28:03 odroid kernel: [    0.000000@0] Console: colour dummy device 80x30
Feb 11 16:28:03 odroid kernel: [    0.000000@0] console [tty0] enabled
Feb 11 16:28:03 odroid kernel: [    0.000000@0] meson_serial_console_setup
Feb 11 16:28:03 odroid kernel: [    0.000000@0] console [ttyS0] enabled
Feb 11 16:28:03 odroid kernel: [    0.360097@0] Calibrating delay loop (skipped), value calculated using timer frequency.. 2.00 BogoMIPS (lpj=10000)
Feb 11 16:28:03 odroid kernel: [    0.370378@0] pid_max: default: 32768 minimum: 301
Feb 11 16:28:03 odroid kernel: [    0.375326@0] Security Framework initialized
Feb 11 16:28:03 odroid kernel: [    0.379386@0] AppArmor: AppArmor initialized
Feb 11 16:28:03 odroid kernel: [    0.383711@0] Mount-cache hash table entries: 512
Feb 11 16:28:03 odroid kernel: [    0.392680@0] Initializing cgroup subsys memory
Feb 11 16:28:03 odroid kernel: [    0.392822@0] Initializing cgroup subsys devices
Feb 11 16:28:03 odroid kernel: [    0.397373@0] Initializing cgroup subsys freezer
Feb 11 16:28:03 odroid kernel: [    0.402020@0] Initializing cgroup subsys blkio
Feb 11 16:28:03 odroid kernel: [    0.406364@0] Initializing cgroup subsys perf_event
Feb 11 16:28:03 odroid kernel: [    0.411420@0] CPU: Testing write buffer coherency: ok
Feb 11 16:28:03 odroid kernel: [    0.416687@0] CPU0: thread -1, cpu 0, socket 2, mpidr 80000200
Feb 11 16:28:03 odroid kernel: [    0.422181@0] Setting up static identity map for 0xc0672998 - 0xc06729f0
Feb 11 16:28:03 odroid kernel: [    0.428828@0] L310 cache controller enabled
Feb 11 16:28:03 odroid kernel: [    0.432910@0] l2x0: 8 ways, 2048 sets, CACHE_ID 0x4100a0c9,  Cache size: 524288 B
Feb 11 16:28:03 odroid kernel: [    0.440319@0]       AUX_CTRL 0x7ec60001, PERFETCH_CTRL 0x75000007, POWER_CTRL  0x00000000
Feb 11 16:28:03 odroid kernel: [    0.448446@0]       TAG_LATENCY 0x00000111, DATA_LATENCY 0x00000222
Feb 11 16:28:03 odroid kernel: [    0.530348@1] CPU1: Booted secondary processor
Feb 11 16:28:03 odroid kernel: [    0.530369@1] CPU1: thread -1, cpu 1, socket 2, mpidr 80000201
Feb 11 16:28:03 odroid kernel: [    0.550347@2] CPU2: Booted secondary processor
Feb 11 16:28:03 odroid kernel: [    0.550358@2] CPU2: thread -1, cpu 2, socket 2, mpidr 80000202
Feb 11 16:28:03 odroid kernel: [    0.570339@3] CPU3: Booted secondary processor
Feb 11 16:28:03 odroid kernel: [    0.570352@3] CPU3: thread -1, cpu 3, socket 2, mpidr 80000203
Feb 11 16:28:03 odroid kernel: [    0.570441@0] Brought up 4 CPUs
Feb 11 16:28:03 odroid kernel: [    0.598628@0] SMP: Total of 4 processors activated (8.00 BogoMIPS).
Feb 11 16:28:03 odroid kernel: [    0.604858@0] CPU: All CPU(s) started in SVC mode.
Feb 11 16:28:03 odroid kernel: [    0.610334@0] devtmpfs: initialized
Feb 11 16:28:03 odroid kernel: [    0.619600@0] clkrate [ xtal 	] : 24000000
Feb 11 16:28:03 odroid kernel: [    0.619646@0] clkrate [ pll_sys 	] : 1200000000
Feb 11 16:28:03 odroid kernel: [    0.622599@0] clkrate [ pll_fixed 	] : 2550000000
Feb 11 16:28:03 odroid kernel: [    0.627253@0] clkrate [ pll_vid 	] : 732000000
Feb 11 16:28:03 odroid kernel: [    0.631681@0] clkrate [ pll_ddr 	] : 0
Feb 11 16:28:03 odroid kernel: [    0.635391@0] clkrate [ a9_clk 	] : 1200000000
Feb 11 16:28:03 odroid kernel: [    0.639807@0] clkrate [ clk81 	] : 159375000
Feb 11 16:28:03 odroid kernel: [    0.644429@0] pinctrl core: initialized pinctrl subsystem
Feb 11 16:28:03 odroid kernel: [    0.649624@0] regulator-dummy: no parameters
Feb 11 16:28:03 odroid kernel: [    0.654183@0] NET: Registered protocol family 16
Feb 11 16:28:03 odroid kernel: [    0.662412@0] DMA: preallocated 4096 KiB pool for atomic coherent allocations
Feb 11 16:28:03 odroid kernel: [    0.666410@0] VPU driver version: v02
Feb 11 16:28:03 odroid kernel: [    0.668988@0] load vpu_clk in dts: 182150000Hz(3)
Feb 11 16:28:03 odroid kernel: [    0.673715@0] vpu_probe OK
Feb 11 16:28:03 odroid kernel: [    0.678272@0] amlogic_gpio gpio: Probed amlogic GPIO driver
Feb 11 16:28:03 odroid kernel: [    0.682298@0] register lm device lm-root
Feb 11 16:28:03 odroid kernel: [    0.685818@0] register lm device lm1
Feb 11 16:28:03 odroid kernel: [    0.689369@0] register lm device lm0
Feb 11 16:28:03 odroid kernel: [    0.692960@0] hw-breakpoint: found 2 (+1 reserved) breakpoint and 1 watchpoint registers.
Feb 11 16:28:03 odroid kernel: [    0.701047@0] hw-breakpoint: maximum watchpoint size is 4 bytes.
Feb 11 16:28:03 odroid kernel: [    0.707095@0] Init pinux probe!
Feb 11 16:28:03 odroid kernel: [    0.710825@0] pinmux-m8b pinmux: Probed amlogic pinctrl driver
Feb 11 16:28:03 odroid kernel: [    0.715951@0] tv_init_module
Feb 11 16:28:03 odroid kernel: [    0.718780@0] major number 254 for disp
Feb 11 16:28:03 odroid kernel: [    0.722604@0] vout_register_server
Feb 11 16:28:03 odroid kernel: [    0.725960@0] register tv module server ok
Feb 11 16:28:03 odroid kernel: [    0.730104@0] call aml_dvfs_init in
Feb 11 16:28:03 odroid kernel: [    0.733538@0] [DVFS]aml_dvfs_probe, child name:vcck_dvfs
Feb 11 16:28:03 odroid kernel: [    0.733550@0] [DVFS]dvfs table of vcck_dvfs is:
Feb 11 16:28:03 odroid kernel: [    0.733557@0] [DVFS]     freq,    min_uV,    max_uV
Feb 11 16:28:03 odroid kernel: [    0.733564@0] [DVFS]    96000,    825000,    825000
Feb 11 16:28:03 odroid kernel: [    0.733571@0] [DVFS]   192000,    825000,    825000
Feb 11 16:28:03 odroid kernel: [    0.733577@0] [DVFS]   312000,    825000,    825000
Feb 11 16:28:03 odroid kernel: [    0.733584@0] [DVFS]   408000,    825000,    825000
Feb 11 16:28:03 odroid kernel: [    0.733590@0] [DVFS]   504000,    825000,    825000
Feb 11 16:28:03 odroid kernel: [    0.733597@0] [DVFS]   600000,    825000,    825000
Feb 11 16:28:03 odroid kernel: [    0.733603@0] [DVFS]   720000,    825000,    825000
Feb 11 16:28:03 odroid kernel: [    0.733610@0] [DVFS]   816000,    850000,    850000
Feb 11 16:28:03 odroid kernel: [    0.733616@0] [DVFS]  1008000,    875000,    875000
Feb 11 16:28:03 odroid kernel: [    0.733623@0] [DVFS]  1200000,    925000,    925000
Feb 11 16:28:03 odroid kernel: [    0.733630@0] [DVFS]  1320000,   1100000,   1100000
Feb 11 16:28:03 odroid kernel: [    0.733636@0] [DVFS]  1488000,   1100000,   1100000
Feb 11 16:28:03 odroid kernel: [    0.733643@0] [DVFS]  1536000,   1140000,   1140000
Feb 11 16:28:03 odroid kernel: [    0.733649@0] [DVFS]  1632000,   1150000,   1150000
Feb 11 16:28:03 odroid kernel: [    0.733656@0] [DVFS]  1728000,   1160000,   1160000
Feb 11 16:28:03 odroid kernel: [    0.733734@0] hdmitx: system: amhdmitx_init
Feb 11 16:28:03 odroid kernel: [    0.737651@0] hdmitx: system: Ver: 2014May6
Feb 11 16:28:03 odroid kernel: [    0.741880@0] hdmitx: system: amhdmitx_probe
Feb 11 16:28:03 odroid kernel: [    0.746325@0] hdmitx: system: gate/pwr cmd: 7
Feb 11 16:28:03 odroid kernel: [    0.750401@0] hdmitx: system: ALREADY init VIC = 4
Feb 11 16:28:03 odroid kernel: [    0.755142@0] hdmitx: system: gate/pwr cmd: 0
Feb 11 16:28:03 odroid kernel: [    0.759894@1] hdmitx: system: reset intr mask
Feb 11 16:28:03 odroid kernel: [    0.790588@0] bio: create slab <bio-0> at 0
Feb 11 16:28:03 odroid kernel: [    0.791280@0] SCSI subsystem initialized
Feb 11 16:28:03 odroid kernel: [    0.793213@0] usbcore: registered new interface driver usbfs
Feb 11 16:28:03 odroid kernel: [    0.798714@0] usbcore: registered new interface driver hub
Feb 11 16:28:03 odroid kernel: [    0.804243@0] usbcore: registered new device driver usb
Feb 11 16:28:03 odroid kernel: [    0.809392@0] media: Linux media interface: v0.10
Feb 11 16:28:03 odroid kernel: [    0.814053@0] Linux video capture interface: v2.00
Feb 11 16:28:03 odroid kernel: [    0.819186@0] request vpu clk holdings: vencp 159375000Hz
Feb 11 16:28:03 odroid kernel: [    0.824155@0] TV mode 1080p selected.
Feb 11 16:28:03 odroid kernel: [    0.827768@0] tvoutc_setmode[459]
Feb 11 16:28:03 odroid kernel: [    0.831068@0] aml_logo: outputmode changed(11->25), reset osd1 scaler.
Feb 11 16:28:03 odroid kernel: [    4.833272@0] get property:                  use_pwm, value:0x00000001, dec:       1
Feb 11 16:28:03 odroid kernel: [    4.835393@0] get property:              table_count, value:0x0000001d, dec:      29
Feb 11 16:28:03 odroid kernel: [    4.843124@0] meson_cs_dvfs_probe, table count:29, use_pwm:1, pwm controller:2
Feb 11 16:28:03 odroid kernel: [    4.850292@0]  0, 010f001b,  860000
Feb 11 16:28:03 odroid kernel: [    4.853735@0]  1, 01050025,  870000
Feb 11 16:28:03 odroid kernel: [    4.857198@0]  2, 00fc002e,  880000
Feb 11 16:28:03 odroid kernel: [    4.860673@0]  3, 00f30037,  890000
Feb 11 16:28:03 odroid kernel: [    4.864125@0]  4, 00ea0040,  900000
Feb 11 16:28:03 odroid kernel: [    4.867588@0]  5, 00e10049,  910000
Feb 11 16:28:03 odroid kernel: [    4.871064@0]  6, 00d60054,  920000
Feb 11 16:28:03 odroid kernel: [    4.874516@0]  7, 00cb005f,  930000
Feb 11 16:28:03 odroid kernel: [    4.877979@0]  8, 00c0006a,  940000
Feb 11 16:28:03 odroid kernel: [    4.881454@0]  9, 00b50075,  950000
Feb 11 16:28:03 odroid kernel: [    4.884907@0] 10, 00aa0080,  960000
Feb 11 16:28:03 odroid kernel: [    4.888370@0] 11, 00a0008a,  970000
Feb 11 16:28:03 odroid kernel: [    4.891844@0] 12, 00960094,  980000
Feb 11 16:28:03 odroid kernel: [    4.895297@0] 13, 008d009d,  990000
Feb 11 16:28:03 odroid kernel: [    4.898760@0] 14, 007b00af, 1000000
Feb 11 16:28:03 odroid kernel: [    4.902235@0] 15, 007200b8, 1010000
Feb 11 16:28:03 odroid kernel: [    4.905688@0] 16, 006900c1, 1020000
Feb 11 16:28:03 odroid kernel: [    4.909151@0] 17, 006000ca, 1030000
Feb 11 16:28:03 odroid kernel: [    4.912625@0] 18, 005700d3, 1040000
Feb 11 16:28:03 odroid kernel: [    4.916079@0] 19, 004e00dc, 1050000
Feb 11 16:28:03 odroid kernel: [    4.919542@0] 20, 004500e5, 1060000
Feb 11 16:28:03 odroid kernel: [    4.923016@0] 21, 003c00ee, 1070000
Feb 11 16:28:03 odroid kernel: [    4.926469@0] 22, 003300f7, 1080000
Feb 11 16:28:03 odroid kernel: [    4.929932@0] 23, 002a0100, 1090000
Feb 11 16:28:03 odroid kernel: [    4.933407@0] 24, 00180109, 1100000
Feb 11 16:28:03 odroid kernel: [    4.936860@0] 25, 000f011b, 1110000
Feb 11 16:28:03 odroid kernel: [    4.940334@0] 26, 000a0120, 1120000
Feb 11 16:28:03 odroid kernel: [    4.943787@0] 27, 00050125, 1130000
Feb 11 16:28:03 odroid kernel: [    4.947250@0] 28, 0000012a, 1140000
Feb 11 16:28:03 odroid kernel: [    4.950767@0] get pin for pwm--------
Feb 11 16:28:03 odroid kernel: [    4.954354@0] [DVFS]aml_dvfs_register_driver, driver meson-cs-dvfs regist success, mask:1, source id:1
Feb 11 16:28:03 odroid kernel: [    4.954586@0] Advanced Linux Sound Architecture Driver Initialized.
Feb 11 16:28:03 odroid kernel: [    4.961016@0] Bluetooth: Core ver 2.16
Feb 11 16:28:03 odroid kernel: [    4.964346@0] NET: Registered protocol family 31
Feb 11 16:28:03 odroid kernel: [    4.968899@0] Bluetooth: HCI device and connection manager initialized
Feb 11 16:28:03 odroid kernel: [    4.975423@0] Bluetooth: HCI socket layer initialized
Feb 11 16:28:03 odroid kernel: [    4.980434@0] Bluetooth: L2CAP socket layer initialized
Feb 11 16:28:03 odroid kernel: [    4.985630@0] Bluetooth: SCO socket layer initialized
Feb 11 16:28:03 odroid kernel: [    4.990803@0] Loading modules backported from Linux version next-20150129-0-g828f79f
Feb 11 16:28:03 odroid kernel: [    4.998346@0] Backport integrated by backports.git backports-20150129-0-gdd4a670
Feb 11 16:28:03 odroid kernel: [    5.005940@0] cfg80211: Calling CRDA to update world regulatory domain
Feb 11 16:28:03 odroid kernel: [    5.012835@0] Switching to clocksource Timer-E
Feb 11 16:28:03 odroid kernel: [    5.016923@0] AppArmor: AppArmor Filesystem Enabled
Feb 11 16:28:03 odroid kernel: [    5.029120@0] NET: Registered protocol family 2
Feb 11 16:28:03 odroid kernel: [    5.029847@0] TCP established hash table entries: 8192 (order: 4, 65536 bytes)
Feb 11 16:28:03 odroid kernel: [    5.035320@0] TCP bind hash table entries: 8192 (order: 4, 65536 bytes)
Feb 11 16:28:03 odroid kernel: [    5.041931@0] TCP: Hash tables configured (established 8192 bind 8192)
Feb 11 16:28:03 odroid kernel: [    5.048363@0] TCP: reno registered
Feb 11 16:28:03 odroid kernel: [    5.051668@0] UDP hash table entries: 512 (order: 2, 16384 bytes)
Feb 11 16:28:03 odroid kernel: [    5.057770@0] UDP-Lite hash table entries: 512 (order: 2, 16384 bytes)
Feb 11 16:28:03 odroid kernel: [    5.064447@0] NET: Registered protocol family 1
Feb 11 16:28:03 odroid kernel: [    5.068936@0] Unpacking initramfs...
Feb 11 16:28:03 odroid kernel: [    5.191498@0] Freeing initrd memory: 2100K (c4e08000 - c5015000)
Feb 11 16:28:03 odroid kernel: [    5.192503@0] hw perfevents: enabled with ARMv7 Cortex-A9 PMU driver, 3 counters available
Feb 11 16:28:03 odroid kernel: [    5.200672@0] audit: initializing netlink socket (disabled)
Feb 11 16:28:03 odroid kernel: [    5.205676@0] type=2000 audit(5.110:1): initialized
Feb 11 16:28:03 odroid kernel: [    5.211225@0] bounce pool size: 64 pages
Feb 11 16:28:03 odroid kernel: [    5.219629@0] VFS: Disk quotas dquot_6.5.2
Feb 11 16:28:03 odroid kernel: [    5.219884@0] Dquot-cache hash table entries: 1024 (order 0, 4096 bytes)
Feb 11 16:28:03 odroid kernel: [    5.226476@0] msgmni has been set to 1182
Feb 11 16:28:03 odroid kernel: [    5.230872@0] Block layer SCSI generic (bsg) driver version 0.4 loaded (major 249)
Feb 11 16:28:03 odroid kernel: [    5.236690@0] io scheduler noop registered
Feb 11 16:28:03 odroid kernel: [    5.240713@0] io scheduler deadline registered
Feb 11 16:28:03 odroid kernel: [    5.245253@0] io scheduler cfq registered (default)
Feb 11 16:28:03 odroid kernel: [    5.293095@0] [drm] Initialized drm 1.1.0 20060810
Feb 11 16:28:03 odroid kernel: [    5.293266@0] gpu cooling register okay with err=0
Feb 11 16:28:03 odroid kernel: [    5.299839@0] Mali: Mali device driver loaded
Feb 11 16:28:03 odroid kernel: [    5.301505@0] UMP: UMP device driver -jenkins-deb_kernel_c1-154 loaded
Feb 11 16:28:03 odroid kernel: [    5.310655@0] loop: module loaded
Feb 11 16:28:03 odroid kernel: [    5.311645@0] tun: Universal TUN/TAP device driver, 1.6
Feb 11 16:28:03 odroid kernel: [    5.316336@0] tun: (C) 1999-2004 Max Krasnyansky <maxk@qualcomm.com>
Feb 11 16:28:03 odroid kernel: [    5.322811@0] PPP generic driver version 2.4.2
Feb 11 16:28:03 odroid kernel: [    5.327439@0] usbcore: registered new interface driver usb-storage
Feb 11 16:28:03 odroid kernel: [    5.333328@0] usbcore: registered new interface driver usbserial
Feb 11 16:28:03 odroid kernel: [    5.339252@0] usbcore: registered new interface driver usbserial_generic
Feb 11 16:28:03 odroid kernel: [    5.345896@0] usbserial: USB Serial support registered for generic
Feb 11 16:28:03 odroid kernel: [    5.352281@0] mousedev: PS/2 mouse device common for all mice
Feb 11 16:28:03 odroid kernel: [    5.357993@0] i2c /dev entries driver
Feb 11 16:28:03 odroid kernel: [    5.361701@0] device-mapper: uevent: version 1.0.3
Feb 11 16:28:03 odroid kernel: [    5.366394@0] device-mapper: ioctl: 4.24.0-ioctl (2013-01-15) initialised: dm-devel@redhat.com
Feb 11 16:28:03 odroid kernel: [    5.374854@0] Bluetooth: HCI UART driver ver 2.2
Feb 11 16:28:03 odroid kernel: [    5.379301@0] Bluetooth: HCI H4 protocol initialized
Feb 11 16:28:03 odroid kernel: [    5.384219@0] Bluetooth: HCI BCSP protocol initialized
Feb 11 16:28:03 odroid kernel: [    5.389341@0] Bluetooth: HCILL protocol initialized
Feb 11 16:28:03 odroid kernel: [    5.394176@0] Bluetooth: HCIATH3K protocol initialized
Feb 11 16:28:03 odroid kernel: [    5.399300@0] Bluetooth: HCI Three-wire UART (H5) protocol initialized
Feb 11 16:28:03 odroid kernel: [    5.406320@0] ledtrig-cpu: registered to indicate activity on CPUs
Feb 11 16:28:03 odroid kernel: [    5.412005@0] hidraw: raw HID events driver (C) Jiri Kosina
Feb 11 16:28:03 odroid kernel: [    5.417726@0] usbcore: registered new interface driver usbhid
Feb 11 16:28:03 odroid kernel: [    5.423184@0] usbhid: USB HID core driver
Feb 11 16:28:03 odroid kernel: [    5.427397@0] efuse===========================================
Feb 11 16:28:03 odroid kernel: [    5.433114@0] efuse: device efuse created
Feb 11 16:28:03 odroid kernel: [    5.437024@0] efuse--------------------------------------------
Feb 11 16:28:03 odroid kernel: [    5.442840@0] vout_init_module
Feb 11 16:28:03 odroid kernel: [    5.445902@0] start init vout module 
Feb 11 16:28:03 odroid kernel: [    5.449643@0] create  vout attribute ok 
Feb 11 16:28:03 odroid kernel: [    5.453640@0] ge2d_init
Feb 11 16:28:03 odroid kernel: [    5.456001@0] ge2d_dev major:244
Feb 11 16:28:03 odroid kernel: [    5.459458@0] ge2d start monitor
Feb 11 16:28:03 odroid kernel: [    5.462664@0] osd_init
Feb 11 16:28:03 odroid kernel: [    5.462678@1] ge2d workqueue monitor start
Feb 11 16:28:03 odroid kernel: [    5.469141@0] osd_probe, vinfo:c06b2770
Feb 11 16:28:03 odroid kernel: [    5.473190@0] Frame buffer memory assigned at phy:0x06100000, vir:0xf1000000, size=24576K
Feb 11 16:28:03 odroid kernel: [    5.481058@0] osd_probe, mydef_var:c0997f90, vinfo:c06b2770
Feb 11 16:28:03 odroid kernel: [    5.486569@0] init fbdev bpp is :32
Feb 11 16:28:03 odroid kernel: [    5.490130@0] ---------------clear framebuffer0 memory  
Feb 11 16:28:03 odroid kernel: [    6.509999@0] Console: switching to colour frame buffer device 160x90
Feb 11 16:28:03 odroid kernel: [    6.523276@0] Frame buffer memory assigned at phy:0x07900000, vir:0xf0600000, size=1024K
Feb 11 16:28:03 odroid kernel: [    6.531248@0] osd_probe, mydef_var:c0997f90, vinfo:c06b2770
Feb 11 16:28:03 odroid kernel: [    6.536755@0] don't find to display_size_default from mesonfb-dts
Feb 11 16:28:03 odroid kernel: [    6.542807@0] init fbdev bpp is :24
Feb 11 16:28:03 odroid kernel: [    7.536665@0] osd probe ok  
Feb 11 16:28:03 odroid kernel: [    7.536733@0] hdmitx: video: get current mode: 1080p
Feb 11 16:28:03 odroid kernel: [    7.539004@0] hdmitx: video: get current mode: 1080p
Feb 11 16:28:03 odroid kernel: [    7.543939@0] hdmitx: system: gate/pwr cmd: 7
Feb 11 16:28:03 odroid kernel: [    7.548319@0] hdmitx: system: already init VIC = 0  Now VIC = 16
Feb 11 16:28:03 odroid kernel: [    7.554254@0] hdmitx: system:  16 (cd0,cs0,pm1,vd0,1) 
Feb 11 16:28:03 odroid kernel: [    7.559363@0] hdmitx: system: gate/pwr cmd: 0
Feb 11 16:28:03 odroid kernel: [    7.563672@0] hdmitx: system: hw reset
Feb 11 16:28:03 odroid kernel: [    7.568441@0] hdmitx: audio: SPDIF
Feb 11 16:28:03 odroid kernel: [    7.570809@0] reconfig packet setting done
Feb 11 16:28:03 odroid kernel: [    7.594822@0] hdmitx: system: set pll
Feb 11 16:28:03 odroid kernel: [    7.594895@0] hdmitx: system: param->VIC:16
Feb 11 16:28:03 odroid kernel: [    7.597071@0] mode is: 25
Feb 11 16:28:03 odroid kernel: [    7.599638@0] VPU_VIU_VENC_MUX_CTRL: 0xa
Feb 11 16:28:03 odroid kernel: [    7.603546@0] viu chan = 1
Feb 11 16:28:03 odroid kernel: [    7.606216@0] VPU_VIU_VENC_MUX_CTRL: 0xa
Feb 11 16:28:03 odroid kernel: [    7.610141@0] config HPLL
Feb 11 16:28:03 odroid kernel: [    7.626660@0] config HPLL done
Feb 11 16:28:03 odroid kernel: [    7.626731@0] enc_vpu_bridge_reset[314]
Feb 11 16:28:03 odroid kernel: [    7.766659@0] hdmitx: system: phy setting done
Feb 11 16:28:03 odroid kernel: [    7.766745@0] hdmi: Fixing to HDMI Mode
Feb 11 16:28:03 odroid kernel: [    7.769322@0] hdmi: Sink is HDMI device
Feb 11 16:28:03 odroid kernel: [    7.773135@0] hdmi: No sink attached
Feb 11 16:28:03 odroid kernel: [    7.776732@0] hdmitx: audio: audio channel num is 0
Feb 11 16:28:03 odroid kernel: [    7.781554@0] hdmitx: audio: SPDIF
Feb 11 16:28:03 odroid kernel: [    7.784912@0] hdmitx: audio: current VIC: 16
Feb 11 16:28:03 odroid kernel: [    7.789172@0] hdmitx: audio: audio sample rate: 0
Feb 11 16:28:03 odroid kernel: [    7.793838@0] hdmitx: audio: reset audio N para
Feb 11 16:28:03 odroid kernel: [    7.798371@0] hdmitx: audio: PCM out to HDMI
Feb 11 16:28:03 odroid kernel: [    7.815009@0] hdmitx: audio: Time out: AIU_HDMI_CLK_DATA_CTRL
Feb 11 16:28:03 odroid kernel: [    7.815184@0] hdmitx: audio: i2s_to_spdif_flag:1 
Feb 11 16:28:03 odroid kernel: [    7.819859@0] hdmitx: audio: Enable audio spdif to HDMI
Feb 11 16:28:03 odroid kernel: [    7.862856@0] amlvideo-000: V4L2 device registered as video10
Feb 11 16:28:03 odroid kernel: [    7.863272@0] ionvideo-000: V4L2 device registered as video13
Feb 11 16:28:03 odroid kernel: [    7.868776@0] Video Technology Magazine Ion Video Capture Board ver 1.0 successfully loaded.
Feb 11 16:28:03 odroid kernel: [    7.877194@0] DI: di_init
Feb 11 16:28:03 odroid kernel: [    7.877236@0] DI: di_probe
Feb 11 16:28:03 odroid kernel: [    7.877592@0] aml_wdt_driver_init,306
Feb 11 16:28:03 odroid kernel: [    7.880772@0] ** disable watchdog
Feb 11 16:28:03 odroid kernel: [    7.884135@0] one-secod=7812,min_timeout=1,max_timeout=8,default_timeout=10,reset_watchdog_method=0,reset_watchdog_time=2,shutdown_timeout=10,firmware_timeout=6,suspend_timeout=6
Feb 11 16:28:03 odroid kernel: [    7.900336@0] AML Watchdog Timer probed done 
Feb 11 16:28:03 odroid kernel: [    7.904530@0] set uart_ao pinmux use pinctrl subsystem
Feb 11 16:28:03 odroid kernel: [    7.909412@0] P_AO_RTI_PIN_MUX_REG:11801
Feb 11 16:28:03 odroid kernel: [    7.913259@0] start uart_ao_ttyS0:(irq = 122)
Feb 11 16:28:03 odroid kernel: [    7.917613@0] register uart_ao ok
Feb 11 16:28:03 odroid kernel: [    7.921059@0] set uart_b pinmux use pinctrl subsystem
Feb 11 16:28:03 odroid kernel: [    7.925891@0] P_AO_RTI_PIN_MUX_REG:11801
Feb 11 16:28:03 odroid kernel: [    7.933256@0] start uart_b_ttyS2:(irq = 107)
Feb 11 16:28:03 odroid kernel: [    7.937424@0] register uart_b ok
Feb 11 16:28:03 odroid kernel: [    7.940928@0] dwc_otg: version 3.10a 12-MAY-2014
Feb 11 16:28:03 odroid kernel: [    7.945223@0] dwc_otg lm-root: dwc_otg_driver_probe(ef347a00)
Feb 11 16:28:03 odroid kernel: [    7.945234@0] dwc_otg_driver_probe NOT match
Feb 11 16:28:03 odroid kernel: [    7.949490@0] dwc_otg lm1: dwc_otg_driver_probe(ef347c00)
Feb 11 16:28:03 odroid kernel: [    7.989495@0] usb1: type: 1, speed: 0, config: 0, dma: 0, id: 1, phy: fe108820, ctrl: fe080000
Feb 11 16:28:03 odroid kernel: [    7.996001@0] USB (1) use clock source: XTAL input
Feb 11 16:28:03 odroid kernel: [    8.001827@0] dwc_otg lm1: base=0xfe080000
Feb 11 16:28:03 odroid kernel: [    8.001837@0] dwc_otg lm1: dwc_otg_device=0xef5ec640
Feb 11 16:28:03 odroid kernel: [    8.021945@0] Core Release: 3.10a
Feb 11 16:28:03 odroid kernel: [    8.025489@0] Setting default values for core params
Feb 11 16:28:03 odroid kernel: [    8.029077@0] curmode: 1, host_only: 1
Feb 11 16:28:03 odroid kernel: [    8.032599@0] dwc_otg lm1: DMA config: BURST_DEFAULT
Feb 11 16:28:03 odroid kernel: [    8.052752@0] Using Buffer DMA mode
Feb 11 16:28:03 odroid kernel: [    8.056246@0] OTG VER PARAM: 1, OTG VER FLAG: 1
Feb 11 16:28:03 odroid kernel: [    8.059771@0] Working on port type = HOST
Feb 11 16:28:03 odroid kernel: [    8.063459@0] dwc_otg lm1: DWC OTG Controller
Feb 11 16:28:03 odroid kernel: [    8.066991@0] dwc_otg lm1: new USB bus registered, assigned bus number 1
Feb 11 16:28:03 odroid kernel: [    8.073608@0] dwc_otg lm1: irq 63, io mem 0x00000000
Feb 11 16:28:03 odroid kernel: [    8.078523@0] -------hcd->flags.d32 = 0
Feb 11 16:28:03 odroid kernel: [    8.082327@0] Init: Port Power? op_state=1
Feb 11 16:28:03 odroid kernel: [    8.086378@0] Init1: Power Port (0)
Feb 11 16:28:03 odroid kernel: [    8.090384@0] hub 1-0:1.0: USB hub found
Feb 11 16:28:03 odroid kernel: [    8.093906@0] hub 1-0:1.0: 1 port detected
Feb 11 16:28:03 odroid kernel: [    8.098039@0] dwc_otg lm0: dwc_otg_driver_probe(ef347e00)
Feb 11 16:28:03 odroid kernel: [    8.098077@0] usb0: type: 0, speed: 0, config: 0, dma: 0, id: 0, phy: fe108800, ctrl: fe040000
Feb 11 16:28:03 odroid kernel: [    8.106525@0] USB (0) use clock source: XTAL input
Feb 11 16:28:03 odroid kernel: [    8.112307@0] dwc_otg lm0: base=0xfe040000
Feb 11 16:28:03 odroid kernel: [    8.112318@0] dwc_otg lm0: dwc_otg_device=0xef5f98c0
Feb 11 16:28:03 odroid kernel: [    8.132408@0] Core Release: 3.10a
Feb 11 16:28:03 odroid kernel: [    8.136005@0] Setting default values for core params
Feb 11 16:28:03 odroid kernel: [    8.139629@0] curmode: 1, host_only: 0
Feb 11 16:28:03 odroid kernel: [    8.183144@0] dwc_otg lm0: DMA config: BURST_DEFAULT
Feb 11 16:28:03 odroid kernel: [    8.203302@0] Using Buffer DMA mode
Feb 11 16:28:03 odroid kernel: [    8.206842@0] OTG VER PARAM: 1, OTG VER FLAG: 1
Feb 11 16:28:03 odroid kernel: [    8.210350@0] Working on port type = OTG
Feb 11 16:28:03 odroid kernel: [    8.213842@0] Current port type: SLAVE
Feb 11 16:28:03 odroid kernel: [    8.217535@0] dwc_otg lm0: DWC OTG Controller
Feb 11 16:28:03 odroid kernel: [    8.221116@0] dwc_otg lm0: new USB bus registered, assigned bus number 2
Feb 11 16:28:03 odroid kernel: [    8.227811@0] dwc_otg lm0: irq 62, io mem 0x00000000
Feb 11 16:28:03 odroid kernel: [    8.233111@0] hub 2-0:1.0: USB hub found
Feb 11 16:28:03 odroid kernel: [    8.236572@0] hub 2-0:1.0: 1 port detected
Feb 11 16:28:03 odroid kernel: [    8.240778@0] Dedicated Tx FIFOs mode
Feb 11 16:28:03 odroid kernel: [    8.244607@0] using timer detect id change, ef59a400
Feb 11 16:28:03 odroid kernel: [    8.249416@0] ethernet_driver probe!
Feb 11 16:28:03 odroid kernel: [    8.252844@0] ethernetinit(dbg[c099cbac]=1)
Feb 11 16:28:03 odroid kernel: [    8.256963@0] ethernet base addr is fe0c0000
Feb 11 16:28:03 odroid kernel: [    8.261201@0] write mac add to:eea25288: 00 1e 06 c0 8e 9a |.....|
Feb 11 16:28:03 odroid kernel: [    8.271692@0] libphy: AMLMAC MII Bus: probed
Feb 11 16:28:03 odroid kernel: [    8.275179@0] eth0: PHY ID 001cc916 at 0 IRQ -1 (0:00) active
Feb 11 16:28:03 odroid kernel: [    8.279561@0] eth0: PHY ID 001cc916 at 1 IRQ -1 (0:01) active
Feb 11 16:28:03 odroid kernel: [    8.285363@0] amvideocap_init_module
Feb 11 16:28:03 odroid kernel: [    8.288972@0] amvideocap_probe,amvideocap
Feb 11 16:28:03 odroid kernel: [    8.292747@0] amvideocap_dev_register buf:0da00000,size:a00000.
Feb 11 16:28:03 odroid kernel: [    8.298742@1] Indeed it is in host mode hprt0 = 00021501
Feb 11 16:28:03 odroid kernel: [    8.298929@0] Amlogic A/V streaming port init
Feb 11 16:28:03 odroid kernel: [    8.300115@0] init vdec memsource 9a00000->d9fffff
Feb 11 16:28:03 odroid kernel: [    8.300207@0] [tsync_pcr_init]init success. 
Feb 11 16:28:03 odroid kernel: [    8.300252@0] regist mpeg12 codec profile
Feb 11 16:28:03 odroid kernel: [    8.300294@0] regist mpeg4 codec profile
Feb 11 16:28:03 odroid kernel: [    8.300296@0] amvdec_vc1 module init
Feb 11 16:28:03 odroid kernel: [    8.300337@0] regist vc1 codec profile
Feb 11 16:28:03 odroid kernel: [    8.300339@0] amvdec_h264 module init
Feb 11 16:28:03 odroid kernel: [    8.300412@0] regist h264 codec profile
Feb 11 16:28:03 odroid kernel: [    8.300414@0] amvdec_h265 module init
Feb 11 16:28:03 odroid kernel: [    8.300456@0] regist hevc codec profile
Feb 11 16:28:03 odroid kernel: [    8.300498@0] regist mjpeg codec profile
Feb 11 16:28:03 odroid kernel: [    8.300500@0] amvdec_real module init
Feb 11 16:28:03 odroid kernel: [    8.300541@0] regist real codec profile
Feb 11 16:28:03 odroid kernel: [    8.300543@0] amvdec_avs module init
Feb 11 16:28:03 odroid kernel: [    8.300709@0] regist avc codec profile
Feb 11 16:28:03 odroid kernel: [    8.300711@0] jpegenc module init
Feb 11 16:28:03 odroid kernel: [    8.300909@0] alloc_keep_buffer keep_y_addr ee600000
Feb 11 16:28:03 odroid kernel: [    8.300979@0] alloc_keep_buffer keep_u_addr eeb00000
Feb 11 16:28:03 odroid kernel: [    8.301007@0] alloc_keep_buffer keep_v_addr eec00000
Feb 11 16:28:03 odroid kernel: [    8.301026@0] yaddr=ee600000,u_addr=eeb00000,v_addr=eec00000
Feb 11 16:28:03 odroid kernel: [    8.301323@0] create_ge2d_work_queue video task ok 
Feb 11 16:28:03 odroid kernel: [    8.301550@0] SARADC Driver init.
Feb 11 16:28:03 odroid kernel: [    8.301661@0] __saradc_probe__
Feb 11 16:28:03 odroid kernel: [    8.446794@3] saradc calibration: ref_val = 509
Feb 11 16:28:03 odroid kernel: [    8.449998@3] saradc calibration: ref_nominal = 512
Feb 11 16:28:03 odroid kernel: [    8.453672@3] saradc calibration: coef = 4056
Feb 11 16:28:03 odroid kernel: [    8.458230@3] ir irblaster probe
Feb 11 16:28:03 odroid kernel: [    8.461543@3] Remote Driver
Feb 11 16:28:03 odroid kernel: [    8.464746@3] ==touch_ts_init==
Feb 11 16:28:03 odroid kernel: [    8.467978@3] ==ft5x0x_ts_init==
Feb 11 16:28:03 odroid kernel: [    8.471092@3] ==goodix_ts_init==
Feb 11 16:28:03 odroid kernel: [    8.474181@3] i2c-core: driver [gslx680_compatible] using legacy suspend method
Feb 11 16:28:03 odroid kernel: [    8.480764@3] i2c-core: driver [gslx680_compatible] using legacy resume method
Feb 11 16:28:03 odroid kernel: [    8.487952@3] !!!ntp_ts: ret = 0. 
Feb 11 16:28:03 odroid kernel: [    8.491264@3] VTL ct36x TouchScreen driver, <george.chen@vtl.com.cn>.
Feb 11 16:28:03 odroid kernel: [    8.497773@3] i2c-core: driver [ct36x] using legacy suspend method
Feb 11 16:28:03 odroid kernel: [    8.503855@3] i2c-core: driver [ct36x] using legacy resume method
Feb 11 16:28:03 odroid kernel: [    8.509868@3] VTL ct36x TouchScreen driver End.
Feb 11 16:28:03 odroid kernel: [    8.514348@3] ==gsl_ts_init==
Feb 11 16:28:03 odroid kernel: [    8.517415@3] ret=0
Feb 11 16:28:03 odroid kernel: [    8.520574@3] i2c-core: driver [mir3da] using legacy suspend method
Feb 11 16:28:03 odroid kernel: [    8.525632@3] i2c-core: driver [mir3da] using legacy resume method
Feb 11 16:28:03 odroid kernel: [    8.531804@3] i2c-core: driver [lis3dh_acc] using legacy suspend method
Feb 11 16:28:03 odroid kernel: [    8.538366@3] i2c-core: driver [lis3dh_acc] using legacy resume method
Feb 11 16:28:03 odroid kernel: [    8.544886@3] i2c-core: driver [bma222] using legacy suspend method
Feb 11 16:28:03 odroid kernel: [    8.551070@3] i2c-core: driver [bma222] using legacy resume method
Feb 11 16:28:03 odroid kernel: [    8.557258@3] i2c-core: driver [dmard06] using legacy suspend method
Feb 11 16:28:03 odroid kernel: [    8.563493@3] i2c-core: driver [dmard06] using legacy resume method
Feb 11 16:28:03 odroid kernel: [    8.569754@3] lsm303d driver: init
Feb 11 16:28:03 odroid kernel: [    8.573127@3] i2c-core: driver [dmard10] using legacy suspend method
Feb 11 16:28:03 odroid kernel: [    8.576696@1] usb 1-1: new high-speed USB device number 2 using dwc_otg
Feb 11 16:28:03 odroid kernel: [    8.586120@3] i2c-core: driver [dmard10] using legacy resume method
Feb 11 16:28:03 odroid kernel: [    8.592352@1] Indeed it is in host mode hprt0 = 00001101
Feb 11 16:28:03 odroid kernel: [    8.592401@3] stk8313_init
Feb 11 16:28:03 odroid kernel: [    8.592424@3] ======stk831x init ok======
Feb 11 16:28:03 odroid kernel: [    8.592426@3] stk831x_init
Feb 11 16:28:03 odroid kernel: [    8.592449@3] mxc622x accelerometer driver: init
Feb 11 16:28:03 odroid kernel: [    8.592471@3] i2c-core: driver [mxc622x] using legacy suspend method
Feb 11 16:28:03 odroid kernel: [    8.592473@3] i2c-core: driver [mxc622x] using legacy resume method
Feb 11 16:28:03 odroid kernel: [    8.592476@3] mxc6255xc accelerometer driver: init
Feb 11 16:28:03 odroid kernel: [    8.592506@3] i2c-core: driver [mxc6255xc] using legacy suspend method
Feb 11 16:28:03 odroid kernel: [    8.592508@3] i2c-core: driver [mxc6255xc] using legacy resume method
Feb 11 16:28:03 odroid kernel: [    8.592573@3] cm3217 v.1.0.0.1
Feb 11 16:28:03 odroid kernel: [    8.592601@3] i2c-core: driver [elan_epl6814] using legacy suspend method
Feb 11 16:28:03 odroid kernel: [    8.592604@3] i2c-core: driver [elan_epl6814] using legacy resume method
Feb 11 16:28:03 odroid kernel: [    8.592627@3] i2c-core: driver [LTR501] using legacy suspend method
Feb 11 16:28:03 odroid kernel: [    8.592629@3] i2c-core: driver [LTR501] using legacy resume method
Feb 11 16:28:03 odroid kernel: [    8.592741@3] mmc driver version: 1.07, 2014-06-30: eMMC add hw reset function
Feb 11 16:28:03 odroid kernel: [    8.678576@3] host->base fe108e00
Feb 11 16:28:03 odroid kernel: [    8.681767@3] pdata->caps 80000546
Feb 11 16:28:03 odroid kernel: [    8.684857@3] pdata->caps2 21
Feb 11 16:28:03 odroid kernel: [    8.687915@3] get property:                     port, value:0x00000005
Feb 11 16:28:03 odroid kernel: [    8.693856@3] get property:                ocr_avail, value:0x00200080
Feb 11 16:28:03 odroid kernel: [    8.700333@3] get property:                    f_min, value:0x000493e0
Feb 11 16:28:03 odroid kernel: [    8.706841@3] get property:                    f_max, value:0x05f5e100
Feb 11 16:28:03 odroid kernel: [    8.713288@3] get property:             max_req_size, value:0x00020000
Feb 11 16:28:03 odroid kernel: [    8.719800@3] get property:                  pinname, str:emmc
Feb 11 16:28:03 odroid kernel: [    8.725568@3] get property:                card_type, value:0x00000001
Feb 11 16:28:03 odroid kernel: [    8.732065@3] get property:                gpio_dat3, str:BOOT_3
Feb 11 16:28:03 odroid kernel: [    8.738019@3] [is_emmc_exist] host->storage_flag=0, POR_BOOT_VALUE=1
Feb 11 16:28:03 odroid kernel: [    8.796694@0] emmc: mmc_rescan_try_freq: trying to init card at 400000 Hz
Feb 11 16:28:03 odroid kernel: [    8.800846@0] aml_emmc_hw_reset 1379
Feb 11 16:28:03 odroid kernel: [    8.876672@3] [aml_sdhc_probe] aml_sdhc_probe() success!
Feb 11 16:28:03 odroid kernel: [    8.880502@3] host->base fe108c20
Feb 11 16:28:03 odroid kernel: [    8.883687@3] pdata->caps 107
Feb 11 16:28:03 odroid kernel: [    8.886833@3] pdata->caps2 0
Feb 11 16:28:03 odroid kernel: [    8.889953@3] get property:                     port, value:0x00000001
Feb 11 16:28:03 odroid kernel: [    8.895207@3] get property:                ocr_avail, value:0x00200000
Feb 11 16:28:03 odroid kernel: [    8.901645@3] hub 1-1:1.0: USB hub found
Feb 11 16:28:03 odroid kernel: [    8.905427@3] get property:                    f_min, value:0x000493e0
Feb 11 16:28:03 odroid kernel: [    8.911996@3] hub 1-1:1.0: 4 ports detected
Feb 11 16:28:03 odroid kernel: [    8.916136@3] get property:                    f_max, value:0x02faf080
Feb 11 16:28:03 odroid kernel: [    8.922767@3] get property:                  f_max_w, value:0x02faf080
Feb 11 16:28:03 odroid kernel: [    8.929214@3] get property:             max_req_size, value:0x00020000
Feb 11 16:28:03 odroid kernel: [    8.935760@3] get property:                   irq_in, value:0x00000003
Feb 11 16:28:03 odroid kernel: [    8.942182@3] get property:                  irq_out, value:0x00000005
Feb 11 16:28:03 odroid kernel: [    8.948626@3] get property:                  gpio_cd, str:CARD_6
Feb 11 16:28:03 odroid kernel: [    8.954578@3] get property:                  pinname, str:sd
Feb 11 16:28:03 odroid kernel: [    8.960228@3] get property:                card_type, value:0x00000005
Feb 11 16:28:03 odroid kernel: [    8.966717@3] get property:                gpio_dat3, str:CARD_4
Feb 11 16:28:03 odroid kernel: [    8.972652@3] get property:               gpio_volsw, str:GPIOAO_3
Feb 11 16:28:03 odroid kernel: [    9.005404@2] emmc: BKOPS_EN bit is not set
Feb 11 16:28:03 odroid kernel: [    9.008606@2] ###check hw reset function is already enabled here
Feb 11 16:28:03 odroid kernel: [    9.017292@2] [aml_sd_voltage_switch][0;40;32m switch to 1.8V for a non-uhs device.
Feb 11 16:28:03 odroid kernel: [    9.017292@2] [0m
Feb 11 16:28:03 odroid kernel: [    9.056681@2] emmc: new HS200 MMC card at address 0001, clock 38636363, 8-bit-bus-width
Feb 11 16:28:03 odroid kernel: [    9.065949@2] mmcblk0: emmc:0001 SDW32G 29.1 GiB 
Feb 11 16:28:03 odroid kernel: [    9.071923@2]  mmcblk0: p1 p2
Feb 11 16:28:03 odroid kernel: [    9.075820@2] sd: mmc_rescan_try_freq: trying to init card at 400000 Hz
Feb 11 16:28:03 odroid kernel: [    9.106670@3] [aml_sdio_probe] aml_sdio_probe() success!
Feb 11 16:28:03 odroid kernel: [    9.110281@3] [dsp]DSP start addr 0xc5e00000
Feb 11 16:28:03 odroid kernel: [    9.114053@3] [dsp]register dsp to char divece(257)
Feb 11 16:28:03 odroid kernel: [    9.119593@3] aml_rtc rtc.1: rtc core: registered aml_rtc as rtc0
Feb 11 16:28:03 odroid kernel: [    9.125910@3] amlogic rfkill init
Feb 11 16:28:03 odroid kernel: [    9.129485@3] Bluetooth: btwake_control_init Driver Ver 1.1
Feb 11 16:28:03 odroid kernel: [    9.134540@3] aml_hw_crypto initialization.
Feb 11 16:28:03 odroid kernel: [    9.139492@3] enter aml_i2s_dai_probe
Feb 11 16:28:03 odroid kernel: [    9.139503@3] i2s get no clk src setting in dts, use the default mpll 0
Feb 11 16:28:03 odroid kernel: [    9.144687@3] enter aml_pcm_dai_probe
Feb 11 16:28:03 odroid kernel: [    9.144917@3] enter spdif_dit_probe 
Feb 11 16:28:03 odroid kernel: [    9.148428@3] aml_spdif_unmute 
Feb 11 16:28:03 odroid kernel: [    9.152878@3] aml-i2s 0:playback preallocate_dma_buffer: area=f04fc000, addr=3c840000, size=65536
Feb 11 16:28:03 odroid kernel: [    9.160467@3] aml-i2s 1:capture preallocate_dma_buffer: area=f050e000, addr=3c860000, size=65536
Feb 11 16:28:03 odroid kernel: [    9.168955@3] aml_snd_m8 aml_m8_sound_card.4:  dit-hifi <-> aml-spdif-dai.0 mapping ok
Feb 11 16:28:03 odroid kernel: [    9.177763@3] GACT probability NOT on
Feb 11 16:28:03 odroid kernel: [    9.181435@3] Mirror/redirect action on
Feb 11 16:28:03 odroid kernel: [    9.185716@3] NET: Registered protocol family 10
Feb 11 16:28:03 odroid kernel: [    9.190175@3] mip6: Mobile IPv6
Feb 11 16:28:03 odroid kernel: [    9.193840@3] sit: IPv6 over IPv4 tunneling driver
Feb 11 16:28:03 odroid kernel: [    9.198496@3] NET: Registered protocol family 17
Feb 11 16:28:03 odroid kernel: [    9.202216@3] NET: Registered protocol family 15
Feb 11 16:28:03 odroid kernel: [    9.205951@3] Bridge firewalling registered
Feb 11 16:28:03 odroid kernel: [    9.210183@3] Bluetooth: RFCOMM TTY layer initialized
Feb 11 16:28:03 odroid kernel: [    9.215064@3] Bluetooth: RFCOMM socket layer initialized
Feb 11 16:28:03 odroid kernel: [    9.220307@3] Bluetooth: RFCOMM ver 1.11
Feb 11 16:28:03 odroid kernel: [    9.224145@3] Bluetooth: BNEP (Ethernet Emulation) ver 1.3
Feb 11 16:28:03 odroid kernel: [    9.229636@3] Bluetooth: BNEP filters: protocol multicast
Feb 11 16:28:03 odroid kernel: [    9.235004@3] Bluetooth: BNEP socket layer initialized
Feb 11 16:28:03 odroid kernel: [    9.240110@3] Bluetooth: HIDP (Human Interface Emulation) ver 1.2
Feb 11 16:28:03 odroid kernel: [    9.246164@3] Bluetooth: HIDP socket layer initialized
Feb 11 16:28:03 odroid kernel: [    9.251318@3] NET: Registered protocol family 35
Feb 11 16:28:03 odroid kernel: [    9.256397@3] VFP support v0.3: implementor 41 architecture 2 part 30 variant 5 rev 1
Feb 11 16:28:03 odroid kernel: [    9.263710@3] Registering SWP/SWPB emulation handler
Feb 11 16:28:03 odroid kernel: [    9.268824@3] pm-meson: probe of aml_pm_m8 failed with error -1
Feb 11 16:28:03 odroid kernel: [    9.275027@3] registered taskstats version 1
Feb 11 16:28:03 odroid kernel: [    9.278865@3] regulator-dummy: disabling
Feb 11 16:28:03 odroid kernel: [    9.282909@3] Mali DRM initialize, driver name: mali_drm, version 2.1
Feb 11 16:28:03 odroid kernel: [    9.289456@3] [drm] Initialized mali_drm 2.1.1 20140306 on minor 0
Feb 11 16:28:03 odroid kernel: [    9.295339@3] Mali DRM initialize, driver name: mali_drm, version 2.1
Feb 11 16:28:03 odroid kernel: [    9.301958@3] [drm] Initialized mali_drm 2.1.1 20140306 on minor 1
Feb 11 16:28:03 odroid kernel: [    9.308124@3] aml_rtc rtc.1: setting system clock to 1970-01-01 00:00:00 UTC (0)
Feb 11 16:28:03 odroid kernel: [    9.315291@3] ### dt-test ### No testcase data in device tree; not running tests
Feb 11 16:28:03 odroid kernel: [    9.322799@3] meson_cpufreq_probe:SYSPLL request to be fixed
Feb 11 16:28:03 odroid kernel: [    9.328354@3] meson_cpufreq: no voltage_control prop
Feb 11 16:28:03 odroid kernel: [    9.333255@3] voltage_control = 0
Feb 11 16:28:03 odroid kernel: [    9.337930@3] <<-GTP-INFO->> GTP driver installing...
Feb 11 16:28:03 odroid kernel: [    9.341165@3] buf[0]=2f,buf[1]=af,err=4
Feb 11 16:28:03 odroid kernel: [    9.344600@3] adc=377,TS_C=15,flag=1
Feb 11 16:28:03 odroid kernel: [    9.348150@3] efuse_flag=a
Feb 11 16:28:03 odroid kernel: [    9.351140@3] amlogic_thermal_probe, this chip is trimmed, use thermal
Feb 11 16:28:03 odroid kernel: [    9.357370@3] amlogic-thermal aml_thermal: amlogic thermal probe start
Feb 11 16:28:03 odroid kernel: [    9.363846@3] #thermal-cells=7
Feb 11 16:28:03 odroid kernel: [    9.366856@3] pdata->temp_trip_count=4
Feb 11 16:28:03 odroid kernel: [    9.370546@3] temperature=70 on trip point=0
Feb 11 16:28:03 odroid kernel: [    9.374777@3] fixing high_freq=1488001 to 1488000 at trip point 0,level=3
Feb 11 16:28:03 odroid kernel: [    9.381540@3] fixing low_freq=1488001 to 1488000 at trip point 0,level=3
Feb 11 16:28:03 odroid kernel: [    9.388233@3] gpu[0].gpu_high_freq=511,tmp_level[0].gpu_high_freq=511
Feb 11 16:28:03 odroid kernel: [    9.394699@3] cpu[0] core num==3
Feb 11 16:28:03 odroid kernel: [    9.397892@3] gpu[0] core num==2
Feb 11 16:28:03 odroid kernel: [    9.401080@3] temperature=80 on trip point=1
Feb 11 16:28:03 odroid kernel: [    9.405313@3] fixing high_freq=1200001 to 1200000 at trip point 1,level=6
Feb 11 16:28:03 odroid kernel: [    9.412071@3] fixing low_freq=1200001 to 1200000 at trip point 1,level=6
Feb 11 16:28:03 odroid kernel: [    9.418741@3] gpu[1].gpu_high_freq=435,tmp_level[1].gpu_high_freq=435
Feb 11 16:28:03 odroid kernel: [    9.425170@3] cpu[1] core num==2
Feb 11 16:28:03 odroid kernel: [    9.428384@3] gpu[1] core num==2
Feb 11 16:28:03 odroid kernel: [    9.431567@3] temperature=90 on trip point=2
Feb 11 16:28:03 odroid kernel: [    9.435826@3] fixing high_freq=800001 to 696000 at trip point 2,level=11
Feb 11 16:28:03 odroid kernel: [    9.442516@3] fixing low_freq=800001 to 696000 at trip point 2,level=11
Feb 11 16:28:03 odroid kernel: [    9.449125@3] gpu[2].gpu_high_freq=328,tmp_level[2].gpu_high_freq=328
Feb 11 16:28:03 odroid kernel: [    9.455583@3] cpu[2] core num==1
Feb 11 16:28:03 odroid kernel: [    9.458785@3] gpu[2] core num==1
Feb 11 16:28:03 odroid kernel: [    9.461963@3] temperature=110 on trip point=3
Feb 11 16:28:03 odroid kernel: [    9.466307@3] fixing high_freq=-1 to -22 at trip point 3,level=-1
Feb 11 16:28:03 odroid kernel: [    9.472351@3] fixing low_freq=-1 to -22 at trip point 3,level=-1
Feb 11 16:28:03 odroid kernel: [    9.478333@3] gpu[3].gpu_high_freq=-1,tmp_level[3].gpu_high_freq=-1
Feb 11 16:28:03 odroid kernel: [    9.484577@3] cpu[3] core num==-1
Feb 11 16:28:03 odroid kernel: [    9.487827@3] gpu[3] core num==-1
Feb 11 16:28:03 odroid kernel: [    9.491050@3] idle interval=1000
Feb 11 16:28:03 odroid kernel: [    9.494214@3] pdata->name:aml_thermal
Feb 11 16:28:03 odroid kernel: [    9.498090@3] tmp_trip[0].cpu_core_upper=1
Feb 11 16:28:03 odroid kernel: [    9.501922@3] tmp_trip[1].cpu_core_upper=2
Feb 11 16:28:03 odroid kernel: [    9.505943@3] tmp_trip[2].cpu_core_upper=3
Feb 11 16:28:03 odroid kernel: [    9.509998@3] tmp_trip[3].cpu_core_upper=-1
Feb 11 16:28:03 odroid kernel: [    9.514125@3] aml_thermal bind thermal-cpucore-0 okay !
Feb 11 16:28:03 odroid kernel: [    9.519386@3] aml_thermal bind thermal-cpufreq-0 okay !
Feb 11 16:28:03 odroid kernel: [    9.524484@3] pdata->tmp_trip[0].gpu_lower_level=1
Feb 11 16:28:03 odroid kernel: [    9.529245@3] pdata->tmp_trip[0].gpu_upper_level=1
Feb 11 16:28:03 odroid kernel: [    9.533978@3] pdata->tmp_trip[1].gpu_lower_level=2
Feb 11 16:28:03 odroid kernel: [    9.538705@3] pdata->tmp_trip[1].gpu_upper_level=2
Feb 11 16:28:03 odroid kernel: [    9.543430@3] pdata->tmp_trip[2].gpu_lower_level=4
Feb 11 16:28:03 odroid kernel: [    9.548188@3] pdata->tmp_trip[2].gpu_upper_level=4
Feb 11 16:28:03 odroid kernel: [    9.552900@3] pdata->tmp_trip[3].gpu_lower_level=-1
Feb 11 16:28:03 odroid kernel: [    9.557697@3] pdata->tmp_trip[3].gpu_upper_level=-1
Feb 11 16:28:03 odroid kernel: [    9.562492@3] aml_thermal bind thermal-gpufreq-0 okay !
Feb 11 16:28:03 odroid kernel: [    9.567804@3] amlogic: Kernel Thermal management registered
Feb 11 16:28:03 odroid kernel: [    9.573220@3] amlogic-thermal aml_thermal: amlogic thermal probe done
Feb 11 16:28:03 odroid kernel: [    9.579700@3] hdmitx: cec: CEC init
Feb 11 16:28:03 odroid kernel: [    9.583186@1] hdmitx: cec: CEC task process
Feb 11 16:28:03 odroid kernel: [    9.583317@3] input: cec_input as /devices/virtual/input/input0
Feb 11 16:28:03 odroid kernel: [    9.583484@3] hdmitx: cec: hdmitx_device->cec_init_ready:0x1
Feb 11 16:28:03 odroid kernel: [    9.583485@3] ALSA device list:
Feb 11 16:28:03 odroid kernel: [    9.583488@3]   #0: ODROID-HDMI
Feb 11 16:28:03 odroid kernel: [    9.636902@3] Freeing unused kernel memory: 224K (c0911000 - c0949000)
Feb 11 16:28:03 odroid kernel: [   10.438091@3] tvmode set to 1080p
Feb 11 16:28:03 odroid kernel: [   10.438091@3] 
Feb 11 16:28:03 odroid kernel: [   10.447234@3] don't set the same mode as current.
Feb 11 16:28:03 odroid kernel: [   10.512655@0] tvmode set to 1080p
Feb 11 16:28:03 odroid kernel: [   10.512655@0] 
Feb 11 16:28:03 odroid kernel: [   10.512753@0] don't set the same mode as current.
Feb 11 16:28:03 odroid kernel: [   10.653278@2] force enable DISCARD here for ext4 fs
Feb 11 16:28:03 odroid kernel: [   10.661535@2] checked enable EXT4 DISCARD here
Feb 11 16:28:03 odroid kernel: [   10.661637@2] EXT4-fs (mmcblk0p2): mounted filesystem without journal. Opts: (null)
Feb 11 16:28:03 odroid kernel: [   11.654728@1] EXT4-fs (mmcblk0p2): re-mounted. Opts: (null)
Feb 11 16:28:03 odroid kernel: [   12.754492@3] Driver for 1-wire Dallas network protocol.
Feb 11 16:28:03 odroid kernel: [   13.452859@0] ionvideo open
Feb 11 16:28:03 odroid kernel: [   13.453213@0] ionvideo_stop_generating!!!!
Feb 11 16:28:03 odroid kernel: [   13.453236@0] ionvideo release
Feb 11 16:28:04 odroid kernel: [   15.077686@1] sd: mmc_rescan_try_freq: trying to init card at 300000 Hz
Feb 11 16:28:32 odroid kernel: [   43.221471@1] netdev_open
Feb 11 16:28:32 odroid kernel: [   43.221484@1] Ethernet reset
Feb 11 16:28:32 odroid kernel: [   43.221506@1] NET MDA descpter start addr=ec700000
Feb 11 16:28:32 odroid kernel: [   43.280031@1] phy_interface = 0
Feb 11 16:28:32 odroid kernel: [   43.280054@1] aml_phy_init:  trying to attach to 0:01
Feb 11 16:28:32 odroid kernel: [   43.280475@1] am_rtl811f called phy reset
Feb 11 16:28:32 odroid kernel: [   13.454229@1] amlvideo openamlvideo close
Feb 11 16:28:32 odroid kernel: [   43.296776@1] --1--write mac add to:eea25288: 00 1e 06 c0 8e 9a |.....|
Feb 11 16:28:32 odroid kernel: [   43.296799@1] --2--write mac add to:eea25288: 00 1e 06 c0 8e 9a |.....|
Feb 11 16:28:32 odroid kernel: [   43.296814@1] write mac add to:eea25288: 00 1e 06 c0 8e 9a |.....|
Feb 11 16:28:32 odroid kernel: [   43.296832@1] Current DMA mode=0, set mode=621c100
Feb 11 16:28:32 odroid kernel: [   43.296869@1] eth0: opened (irq 40).
Feb 11 16:28:32 odroid kernel: [   43.306876@1] ether leave promiscuous mode
Feb 11 16:28:32 odroid kernel: [   43.306886@1] ether leave all muticast mode
Feb 11 16:28:32 odroid kernel: [   43.306953@1] IPv6: ADDRCONF(NETDEV_UP): eth0: link is not ready
Feb 11 16:28:36 odroid kernel: [   47.296765@1] [adjust link] -> eth: full-duplex
Feb 11 16:28:36 odroid kernel: [   47.296777@1] [adjust link] -> eth: phy_speed <> priv_speed)
Feb 11 16:28:36 odroid kernel: [   47.296790@1] [adjust link -> eth: am_adjust_link state change (new_state=true)
Feb 11 16:28:36 odroid kernel: [   47.296797@1] libphy: 0:01 - Link is Up - 1000/Full
Feb 11 16:28:36 odroid kernel: [   47.296842@1] IPv6: ADDRCONF(NETDEV_CHANGE): eth0: link becomes ready
Aug  3 12:48:08 odroid kernel: [  257.148855@0] tvmode set to 1080p
Aug  3 12:48:08 odroid kernel: [  257.148855@0] 
Aug  3 12:48:08 odroid kernel: [  257.148876@0] don't set the same mode as current.
Aug  3 12:48:08 odroid kernel: [  257.195992@0] tvmode set to 1080p
Aug  3 12:48:08 odroid kernel: [  257.195992@0] 
Aug  3 12:48:08 odroid kernel: [  257.196011@0] don't set the same mode as current.
Aug  3 12:48:14 odroid kernel: [  264.066436@2] tvmode set to 1080p
Aug  3 12:48:14 odroid kernel: [  264.066436@2] 
Aug  3 12:48:14 odroid kernel: [  264.066457@2] don't set the same mode as current.
Aug  3 12:48:14 odroid kernel: [  264.071289@2] tvmode set to 1080p
Aug  3 12:48:14 odroid kernel: [  264.071289@2] 
Aug  3 12:48:14 odroid kernel: [  264.071309@2] don't set the same mode as current.
Aug  3 12:58:51 odroid kernel: [    0.000000@0] Booting Linux on physical CPU 0x200
Aug  3 12:58:51 odroid kernel: [    0.000000@0] Initializing cgroup subsys cpuset
Aug  3 12:58:51 odroid kernel: [    0.000000@0] Initializing cgroup subsys cpu
Aug  3 12:58:51 odroid kernel: [    0.000000@0] Initializing cgroup subsys cpuacct
Aug  3 12:58:51 odroid kernel: [    0.000000@0] Linux version 3.10.96-154 (root@1604_builder_armhf) (gcc version 4.9.3 (Ubuntu/Linaro 4.9.3-13ubuntu2) ) #1 SMP PREEMPT Wed Jul 13 21:14:58 UTC 2016
Aug  3 12:58:51 odroid kernel: [    0.000000@0] Kernel was built at commit id '678b0bb'
Aug  3 12:58:51 odroid kernel: [    0.000000@0] CPU: ARMv7 Processor [410fc051] revision 1 (ARMv7), cr=10c5387d
Aug  3 12:58:51 odroid kernel: [    0.000000@0] CPU: PIPT / VIPT nonaliasing data cache, VIPT aliasing instruction cache
Aug  3 12:58:51 odroid kernel: [    0.000000@0] Machine: ODROIDC, model: AMLOGIC
Aug  3 12:58:51 odroid kernel: [    0.000000@0] physical memory start address is 0x200000
Aug  3 12:58:51 odroid kernel: [    0.000000@0] reserved_end is e3fffff 
Aug  3 12:58:51 odroid kernel: [    0.000000@0]  
Aug  3 12:58:51 odroid kernel: [    0.000000@0] Total memory is 1022 MiB
Aug  3 12:58:51 odroid kernel: [    0.000000@0] Reserved low memory from 0x06000000 to 0x0e3fffff, size: 132 MiB 
Aug  3 12:58:51 odroid kernel: [    0.000000@0] 	mesonfb0(low)   	: 0x06100000 - 0x07900000 ( 24 MiB)
Aug  3 12:58:51 odroid kernel: [    0.000000@0] 	mesonfb1(low)   	: 0x07900000 - 0x07a00000 (  1 MiB)
Aug  3 12:58:51 odroid kernel: [    0.000000@0] 	mesonstream0(low)   	: 0x07a00000 - 0x09a00000 ( 32 MiB)
Aug  3 12:58:51 odroid kernel: [    0.000000@0] 	vdec0(low)   	: 0x09a00000 - 0x0da00000 ( 64 MiB)
Aug  3 12:58:51 odroid kernel: [    0.000000@0] 	ppmgr0(high)   	: 0x3f000000 - 0x40000000 ( 16 MiB)
Aug  3 12:58:51 odroid kernel: [    0.000000@0] 	deinterlace0(high)   	: 0x3cf00000 - 0x3f000000 ( 33 MiB)
Aug  3 12:58:51 odroid kernel: [    0.000000@0] 	amvideocap0(low)   	: 0x0da00000 - 0x0e400000 ( 10 MiB)
Aug  3 12:58:51 odroid kernel: [    0.000000@0] cma: CMA: reserved 8 MiB at 3c400000
Aug  3 12:58:51 odroid kernel: [    0.000000@0] Memory policy: ECC disabled, Data cache writealloc
Aug  3 12:58:51 odroid kernel: [    0.000000@0] On node 0 totalpages: 211712
Aug  3 12:58:51 odroid kernel: [    0.000000@0] free_area_init_node: node 0, pgdat c09c1240, node_mem_map c0c5a000
Aug  3 12:58:51 odroid kernel: [    0.000000@0]   Normal zone: 1520 pages used for memmap
Aug  3 12:58:51 odroid kernel: [    0.000000@0]   Normal zone: 0 pages reserved
Aug  3 12:58:51 odroid kernel: [    0.000000@0]   Normal zone: 157184 pages, LIFO batch:31
Aug  3 12:58:51 odroid kernel: [    0.000000@0]   HighMem zone: 426 pages used for memmap
Aug  3 12:58:51 odroid kernel: [    0.000000@0]   HighMem zone: 54528 pages, LIFO batch:15
Aug  3 12:58:51 odroid kernel: [    0.000000@0] Meson chip version = RevA (1B:A - 0:B72)
Aug  3 12:58:51 odroid kernel: [    0.000000@0] PERCPU: Embedded 7 pages/cpu @c1403000 s8192 r8192 d12288 u32768
Aug  3 12:58:51 odroid kernel: [    0.000000@0] pcpu-alloc: s8192 r8192 d12288 u32768 alloc=8*4096
Aug  3 12:58:51 odroid kernel: [    0.000000@0] pcpu-alloc: [0] 0 [0] 1 [0] 2 [0] 3 
Aug  3 12:58:51 odroid kernel: [    0.000000@0] Built 1 zonelists in Zone order, mobility grouping on.  Total pages: 210192
Aug  3 12:58:51 odroid kernel: [    0.000000@0] Kernel command line: root=UUID=e139ce78-9841-40fe-8823-96a304a09859 rootwait ro console=tty0 console=ttyS0,115200n8 no_console_suspend vdaccfg=0xa000 logo=osd1,loaded,0x7900000,720p,full dmfc=3 cvbsmode=576cvbs hdmimode=1080p m_bpp=32 vout=hdmi disableuhs disablehpd=true
Aug  3 12:58:51 odroid kernel: [    0.000000@0] cvbs trimming line = 0xa000
Aug  3 12:58:51 odroid kernel: [    0.000000@0] cvbs trimming.1.v5: 0xa0, 0x0
Aug  3 12:58:51 odroid kernel: [    0.000000@0] osd1:1
Aug  3 12:58:51 odroid kernel: [    0.000000@0] loaded:268435459
Aug  3 12:58:51 odroid kernel: [    0.000000@0] logo has been loaded
Aug  3 12:58:51 odroid kernel: [    0.000000@0] 720p:11
Aug  3 12:58:51 odroid kernel: [    0.000000@0] full:2
Aug  3 12:58:51 odroid kernel: [    0.000000@0] kernel get cvbsmode form uboot is 576cvbs
Aug  3 12:58:51 odroid kernel: [    0.000000@0] kernel get hdmimode form uboot is 1080p
Aug  3 12:58:51 odroid kernel: [    0.000000@0] PID hash table entries: 4096 (order: 2, 16384 bytes)
Aug  3 12:58:51 odroid kernel: [    0.000000@0] Dentry cache hash table entries: 131072 (order: 7, 524288 bytes)
Aug  3 12:58:51 odroid kernel: [    0.000000@0] Inode-cache hash table entries: 65536 (order: 6, 262144 bytes)
Aug  3 12:58:51 odroid kernel: [    0.000000@0] allocated 1992704 bytes of page_cgroup
Aug  3 12:58:51 odroid kernel: [    0.000000@0] please try 'cgroup_disable=memory' option if you don't want memory cgroups
Aug  3 12:58:51 odroid kernel: [    0.000000@0] Memory: 64MB 16MB 747MB = 827MB total
Aug  3 12:58:51 odroid kernel: [    0.000000@0] Memory: 811688k/811688k available, 35160k reserved, 209920K highmem
Aug  3 12:58:51 odroid kernel: [    0.000000@0] Virtual kernel memory layout:
Aug  3 12:58:51 odroid kernel: [    0.000000@0]     vector  : 0xffff0000 - 0xffff1000   (   4 kB)
Aug  3 12:58:51 odroid kernel: [    0.000000@0]     fixmap  : 0xfff00000 - 0xfffe0000   ( 896 kB)
Aug  3 12:58:51 odroid kernel: [    0.000000@0]     vmalloc : 0xf0000000 - 0xff000000   ( 240 MB)
Aug  3 12:58:51 odroid kernel: [    0.000000@0]     lowmem  : 0xc0000000 - 0xef800000   ( 760 MB)
Aug  3 12:58:51 odroid kernel: [    0.000000@0]     pkmap   : 0xbfe00000 - 0xc0000000   (   2 MB)
Aug  3 12:58:51 odroid kernel: [    0.000000@0]     modules : 0xbf000000 - 0xbfe00000   (  14 MB)
Aug  3 12:58:51 odroid kernel: [    0.000000@0]       .text : 0xc0008000 - 0xc0910f40   (9252 kB)
Aug  3 12:58:51 odroid kernel: [    0.000000@0]       .init : 0xc0911000 - 0xc0949000   ( 224 kB)
Aug  3 12:58:51 odroid kernel: [    0.000000@0]       .data : 0xc094a000 - 0xc09c2180   ( 481 kB)
Aug  3 12:58:51 odroid kernel: [    0.000000@0]        .bss : 0xc09c2180 - 0xc0c55bbc   (2639 kB)
Aug  3 12:58:51 odroid kernel: [    0.000000@0] SLUB: HWalign=64, Order=0-3, MinObjects=0, CPUs=4, Nodes=1
Aug  3 12:58:51 odroid kernel: [    0.000000@0] Preemptible hierarchical RCU implementation.
Aug  3 12:58:51 odroid kernel: [    0.000000@0] NR_IRQS:256
Aug  3 12:58:51 odroid kernel: [    0.000000@0] sched_clock: 32 bits at 1000kHz, resolution 1000ns, wraps every 4294967ms
Aug  3 12:58:51 odroid kernel: [    0.000000@0] Global timer: MESON TIMER-F (c0965400) initialized
Aug  3 12:58:51 odroid kernel: [    0.000000@0] Switching to timer-based delay loop
Aug  3 12:58:51 odroid kernel: [    0.000000@0] Console: colour dummy device 80x30
Aug  3 12:58:51 odroid kernel: [    0.000000@0] console [tty0] enabled
Aug  3 12:58:51 odroid kernel: [    0.000000@0] meson_serial_console_setup
Aug  3 12:58:51 odroid kernel: [    0.000000@0] console [ttyS0] enabled
Aug  3 12:58:51 odroid kernel: [    0.360139@0] Calibrating delay loop (skipped), value calculated using timer frequency.. 2.00 BogoMIPS (lpj=10000)
Aug  3 12:58:51 odroid kernel: [    0.370424@0] pid_max: default: 32768 minimum: 301
Aug  3 12:58:51 odroid kernel: [    0.375354@0] Security Framework initialized
Aug  3 12:58:51 odroid kernel: [    0.379433@0] AppArmor: AppArmor initialized
Aug  3 12:58:51 odroid kernel: [    0.383758@0] Mount-cache hash table entries: 512
Aug  3 12:58:51 odroid kernel: [    0.392710@0] Initializing cgroup subsys memory
Aug  3 12:58:51 odroid kernel: [    0.392867@0] Initializing cgroup subsys devices
Aug  3 12:58:51 odroid kernel: [    0.397405@0] Initializing cgroup subsys freezer
Aug  3 12:58:51 odroid kernel: [    0.402052@0] Initializing cgroup subsys blkio
Aug  3 12:58:51 odroid kernel: [    0.406410@0] Initializing cgroup subsys perf_event
Aug  3 12:58:51 odroid kernel: [    0.411452@0] CPU: Testing write buffer coherency: ok
Aug  3 12:58:51 odroid kernel: [    0.416735@0] CPU0: thread -1, cpu 0, socket 2, mpidr 80000200
Aug  3 12:58:51 odroid kernel: [    0.422226@0] Setting up static identity map for 0xc0672998 - 0xc06729f0
Aug  3 12:58:51 odroid kernel: [    0.428872@0] L310 cache controller enabled
Aug  3 12:58:51 odroid kernel: [    0.432956@0] l2x0: 8 ways, 2048 sets, CACHE_ID 0x4100a0c9,  Cache size: 524288 B
Aug  3 12:58:51 odroid kernel: [    0.440364@0]       AUX_CTRL 0x7ec60001, PERFETCH_CTRL 0x75000007, POWER_CTRL  0x00000000
Aug  3 12:58:51 odroid kernel: [    0.448491@0]       TAG_LATENCY 0x00000111, DATA_LATENCY 0x00000222
Aug  3 12:58:51 odroid kernel: [    0.530347@1] CPU1: Booted secondary processor
Aug  3 12:58:51 odroid kernel: [    0.530368@1] CPU1: thread -1, cpu 1, socket 2, mpidr 80000201
Aug  3 12:58:51 odroid kernel: [    0.550345@2] CPU2: Booted secondary processor
Aug  3 12:58:51 odroid kernel: [    0.550357@2] CPU2: thread -1, cpu 2, socket 2, mpidr 80000202
Aug  3 12:58:51 odroid kernel: [    0.570338@3] CPU3: Booted secondary processor
Aug  3 12:58:51 odroid kernel: [    0.570350@3] CPU3: thread -1, cpu 3, socket 2, mpidr 80000203
Aug  3 12:58:51 odroid kernel: [    0.570439@0] Brought up 4 CPUs
Aug  3 12:58:51 odroid kernel: [    0.598625@0] SMP: Total of 4 processors activated (8.00 BogoMIPS).
Aug  3 12:58:51 odroid kernel: [    0.604856@0] CPU: All CPU(s) started in SVC mode.
Aug  3 12:58:51 odroid kernel: [    0.610339@0] devtmpfs: initialized
Aug  3 12:58:51 odroid kernel: [    0.619602@0] clkrate [ xtal 	] : 24000000
Aug  3 12:58:51 odroid kernel: [    0.619646@0] clkrate [ pll_sys 	] : 1200000000
Aug  3 12:58:51 odroid kernel: [    0.622603@0] clkrate [ pll_fixed 	] : 2550000000
Aug  3 12:58:51 odroid kernel: [    0.627254@0] clkrate [ pll_vid 	] : 732000000
Aug  3 12:58:51 odroid kernel: [    0.631681@0] clkrate [ pll_ddr 	] : 0
Aug  3 12:58:51 odroid kernel: [    0.635392@0] clkrate [ a9_clk 	] : 1200000000
Aug  3 12:58:51 odroid kernel: [    0.639809@0] clkrate [ clk81 	] : 159375000
Aug  3 12:58:51 odroid kernel: [    0.644432@0] pinctrl core: initialized pinctrl subsystem
Aug  3 12:58:51 odroid kernel: [    0.649623@0] regulator-dummy: no parameters
Aug  3 12:58:51 odroid kernel: [    0.654176@0] NET: Registered protocol family 16
Aug  3 12:58:51 odroid kernel: [    0.662458@0] DMA: preallocated 4096 KiB pool for atomic coherent allocations
Aug  3 12:58:51 odroid kernel: [    0.666413@0] VPU driver version: v02
Aug  3 12:58:51 odroid kernel: [    0.668989@0] load vpu_clk in dts: 182150000Hz(3)
Aug  3 12:58:51 odroid kernel: [    0.673718@0] vpu_probe OK
Aug  3 12:58:51 odroid kernel: [    0.678271@0] amlogic_gpio gpio: Probed amlogic GPIO driver
Aug  3 12:58:51 odroid kernel: [    0.682299@0] register lm device lm-root
Aug  3 12:58:51 odroid kernel: [    0.685818@0] register lm device lm1
Aug  3 12:58:51 odroid kernel: [    0.689370@0] register lm device lm0
Aug  3 12:58:51 odroid kernel: [    0.692962@0] hw-breakpoint: found 2 (+1 reserved) breakpoint and 1 watchpoint registers.
Aug  3 12:58:51 odroid kernel: [    0.701048@0] hw-breakpoint: maximum watchpoint size is 4 bytes.
Aug  3 12:58:51 odroid kernel: [    0.707097@0] Init pinux probe!
Aug  3 12:58:51 odroid kernel: [    0.710829@0] pinmux-m8b pinmux: Probed amlogic pinctrl driver
Aug  3 12:58:51 odroid kernel: [    0.715952@0] tv_init_module
Aug  3 12:58:51 odroid kernel: [    0.718781@0] major number 254 for disp
Aug  3 12:58:51 odroid kernel: [    0.722605@0] vout_register_server
Aug  3 12:58:51 odroid kernel: [    0.725961@0] register tv module server ok
Aug  3 12:58:51 odroid kernel: [    0.730103@0] call aml_dvfs_init in
Aug  3 12:58:51 odroid kernel: [    0.733540@0] [DVFS]aml_dvfs_probe, child name:vcck_dvfs
Aug  3 12:58:51 odroid kernel: [    0.733551@0] [DVFS]dvfs table of vcck_dvfs is:
Aug  3 12:58:51 odroid kernel: [    0.733558@0] [DVFS]     freq,    min_uV,    max_uV
Aug  3 12:58:51 odroid kernel: [    0.733565@0] [DVFS]    96000,    825000,    825000
Aug  3 12:58:51 odroid kernel: [    0.733572@0] [DVFS]   192000,    825000,    825000
Aug  3 12:58:51 odroid kernel: [    0.733578@0] [DVFS]   312000,    825000,    825000
Aug  3 12:58:51 odroid kernel: [    0.733585@0] [DVFS]   408000,    825000,    825000
Aug  3 12:58:51 odroid kernel: [    0.733591@0] [DVFS]   504000,    825000,    825000
Aug  3 12:58:51 odroid kernel: [    0.733598@0] [DVFS]   600000,    825000,    825000
Aug  3 12:58:51 odroid kernel: [    0.733604@0] [DVFS]   720000,    825000,    825000
Aug  3 12:58:51 odroid kernel: [    0.733611@0] [DVFS]   816000,    850000,    850000
Aug  3 12:58:51 odroid kernel: [    0.733618@0] [DVFS]  1008000,    875000,    875000
Aug  3 12:58:51 odroid kernel: [    0.733624@0] [DVFS]  1200000,    925000,    925000
Aug  3 12:58:51 odroid kernel: [    0.733631@0] [DVFS]  1320000,   1100000,   1100000
Aug  3 12:58:51 odroid kernel: [    0.733637@0] [DVFS]  1488000,   1100000,   1100000
Aug  3 12:58:51 odroid kernel: [    0.733644@0] [DVFS]  1536000,   1140000,   1140000
Aug  3 12:58:51 odroid kernel: [    0.733651@0] [DVFS]  1632000,   1150000,   1150000
Aug  3 12:58:51 odroid kernel: [    0.733657@0] [DVFS]  1728000,   1160000,   1160000
Aug  3 12:58:51 odroid kernel: [    0.733735@0] hdmitx: system: amhdmitx_init
Aug  3 12:58:51 odroid kernel: [    0.737653@0] hdmitx: system: Ver: 2014May6
Aug  3 12:58:51 odroid kernel: [    0.741881@0] hdmitx: system: amhdmitx_probe
Aug  3 12:58:51 odroid kernel: [    0.746326@0] hdmitx: system: gate/pwr cmd: 7
Aug  3 12:58:51 odroid kernel: [    0.750402@0] hdmitx: system: ALREADY init VIC = 4
Aug  3 12:58:51 odroid kernel: [    0.755143@0] hdmitx: system: gate/pwr cmd: 0
Aug  3 12:58:51 odroid kernel: [    0.759894@1] hdmitx: system: reset intr mask
Aug  3 12:58:51 odroid kernel: [    0.790597@0] bio: create slab <bio-0> at 0
Aug  3 12:58:51 odroid kernel: [    0.791290@0] SCSI subsystem initialized
Aug  3 12:58:51 odroid kernel: [    0.793225@0] usbcore: registered new interface driver usbfs
Aug  3 12:58:51 odroid kernel: [    0.798722@0] usbcore: registered new interface driver hub
Aug  3 12:58:51 odroid kernel: [    0.804255@0] usbcore: registered new device driver usb
Aug  3 12:58:51 odroid kernel: [    0.809402@0] media: Linux media interface: v0.10
Aug  3 12:58:51 odroid kernel: [    0.814063@0] Linux video capture interface: v2.00
Aug  3 12:58:51 odroid kernel: [    0.819197@0] request vpu clk holdings: vencp 159375000Hz
Aug  3 12:58:51 odroid kernel: [    0.824166@0] TV mode 1080p selected.
Aug  3 12:58:51 odroid kernel: [    0.827777@0] tvoutc_setmode[459]
Aug  3 12:58:51 odroid kernel: [    0.831077@0] aml_logo: outputmode changed(11->25), reset osd1 scaler.
Aug  3 12:58:51 odroid kernel: [    4.833270@0] get property:                  use_pwm, value:0x00000001, dec:       1
Aug  3 12:58:51 odroid kernel: [    4.835395@0] get property:              table_count, value:0x0000001d, dec:      29
Aug  3 12:58:51 odroid kernel: [    4.843125@0] meson_cs_dvfs_probe, table count:29, use_pwm:1, pwm controller:2
Aug  3 12:58:51 odroid kernel: [    4.850292@0]  0, 010f001b,  860000
Aug  3 12:58:51 odroid kernel: [    4.853734@0]  1, 01050025,  870000
Aug  3 12:58:51 odroid kernel: [    4.857198@0]  2, 00fc002e,  880000
Aug  3 12:58:51 odroid kernel: [    4.860674@0]  3, 00f30037,  890000
Aug  3 12:58:51 odroid kernel: [    4.864125@0]  4, 00ea0040,  900000
Aug  3 12:58:51 odroid kernel: [    4.867588@0]  5, 00e10049,  910000
Aug  3 12:58:51 odroid kernel: [    4.871062@0]  6, 00d60054,  920000
Aug  3 12:58:51 odroid kernel: [    4.874515@0]  7, 00cb005f,  930000
Aug  3 12:58:51 odroid kernel: [    4.877978@0]  8, 00c0006a,  940000
Aug  3 12:58:51 odroid kernel: [    4.881453@0]  9, 00b50075,  950000
Aug  3 12:58:51 odroid kernel: [    4.884906@0] 10, 00aa0080,  960000
Aug  3 12:58:51 odroid kernel: [    4.888369@0] 11, 00a0008a,  970000
Aug  3 12:58:51 odroid kernel: [    4.891844@0] 12, 00960094,  980000
Aug  3 12:58:51 odroid kernel: [    4.895296@0] 13, 008d009d,  990000
Aug  3 12:58:51 odroid kernel: [    4.898760@0] 14, 007b00af, 1000000
Aug  3 12:58:51 odroid kernel: [    4.902234@0] 15, 007200b8, 1010000
Aug  3 12:58:51 odroid kernel: [    4.905687@0] 16, 006900c1, 1020000
Aug  3 12:58:51 odroid kernel: [    4.909150@0] 17, 006000ca, 1030000
Aug  3 12:58:51 odroid kernel: [    4.912626@0] 18, 005700d3, 1040000
Aug  3 12:58:51 odroid kernel: [    4.916078@0] 19, 004e00dc, 1050000
Aug  3 12:58:51 odroid kernel: [    4.919541@0] 20, 004500e5, 1060000
Aug  3 12:58:51 odroid kernel: [    4.923015@0] 21, 003c00ee, 1070000
Aug  3 12:58:51 odroid kernel: [    4.926468@0] 22, 003300f7, 1080000
Aug  3 12:58:51 odroid kernel: [    4.929931@0] 23, 002a0100, 1090000
Aug  3 12:58:51 odroid kernel: [    4.933406@0] 24, 00180109, 1100000
Aug  3 12:58:51 odroid kernel: [    4.936859@0] 25, 000f011b, 1110000
Aug  3 12:58:51 odroid kernel: [    4.940333@0] 26, 000a0120, 1120000
Aug  3 12:58:51 odroid kernel: [    4.943786@0] 27, 00050125, 1130000
Aug  3 12:58:51 odroid kernel: [    4.947249@0] 28, 0000012a, 1140000
Aug  3 12:58:51 odroid kernel: [    4.950766@0] get pin for pwm--------
Aug  3 12:58:51 odroid kernel: [    4.954353@0] [DVFS]aml_dvfs_register_driver, driver meson-cs-dvfs regist success, mask:1, source id:1
Aug  3 12:58:51 odroid kernel: [    4.954584@0] Advanced Linux Sound Architecture Driver Initialized.
Aug  3 12:58:51 odroid kernel: [    4.961010@0] Bluetooth: Core ver 2.16
Aug  3 12:58:51 odroid kernel: [    4.964344@0] NET: Registered protocol family 31
Aug  3 12:58:51 odroid kernel: [    4.968898@0] Bluetooth: HCI device and connection manager initialized
Aug  3 12:58:51 odroid kernel: [    4.975426@0] Bluetooth: HCI socket layer initialized
Aug  3 12:58:51 odroid kernel: [    4.980433@0] Bluetooth: L2CAP socket layer initialized
Aug  3 12:58:51 odroid kernel: [    4.985629@0] Bluetooth: SCO socket layer initialized
Aug  3 12:58:51 odroid kernel: [    4.990800@0] Loading modules backported from Linux version next-20150129-0-g828f79f
Aug  3 12:58:51 odroid kernel: [    4.998346@0] Backport integrated by backports.git backports-20150129-0-gdd4a670
Aug  3 12:58:51 odroid kernel: [    5.005937@0] cfg80211: Calling CRDA to update world regulatory domain
Aug  3 12:58:51 odroid kernel: [    5.012834@0] Switching to clocksource Timer-E
Aug  3 12:58:51 odroid kernel: [    5.016920@0] AppArmor: AppArmor Filesystem Enabled
Aug  3 12:58:51 odroid kernel: [    5.029122@0] NET: Registered protocol family 2
Aug  3 12:58:51 odroid kernel: [    5.029851@0] TCP established hash table entries: 8192 (order: 4, 65536 bytes)
Aug  3 12:58:51 odroid kernel: [    5.035323@0] TCP bind hash table entries: 8192 (order: 4, 65536 bytes)
Aug  3 12:58:51 odroid kernel: [    5.041937@0] TCP: Hash tables configured (established 8192 bind 8192)
Aug  3 12:58:51 odroid kernel: [    5.048368@0] TCP: reno registered
Aug  3 12:58:51 odroid kernel: [    5.051672@0] UDP hash table entries: 512 (order: 2, 16384 bytes)
Aug  3 12:58:51 odroid kernel: [    5.057775@0] UDP-Lite hash table entries: 512 (order: 2, 16384 bytes)
Aug  3 12:58:51 odroid kernel: [    5.064452@0] NET: Registered protocol family 1
Aug  3 12:58:51 odroid kernel: [    5.068942@0] Unpacking initramfs...
Aug  3 12:58:51 odroid kernel: [    5.287261@0] Freeing initrd memory: 3552K (c4e08000 - c5180000)
Aug  3 12:58:51 odroid kernel: [    5.288268@0] hw perfevents: enabled with ARMv7 Cortex-A9 PMU driver, 3 counters available
Aug  3 12:58:51 odroid kernel: [    5.296387@0] audit: initializing netlink socket (disabled)
Aug  3 12:58:51 odroid kernel: [    5.301480@0] type=2000 audit(5.210:1): initialized
Aug  3 12:58:51 odroid kernel: [    5.307005@0] bounce pool size: 64 pages
Aug  3 12:58:51 odroid kernel: [    5.315335@0] VFS: Disk quotas dquot_6.5.2
Aug  3 12:58:51 odroid kernel: [    5.315589@0] Dquot-cache hash table entries: 1024 (order 0, 4096 bytes)
Aug  3 12:58:51 odroid kernel: [    5.322281@0] msgmni has been set to 1182
Aug  3 12:58:51 odroid kernel: [    5.326318@0] Block layer SCSI generic (bsg) driver version 0.4 loaded (major 249)
Aug  3 12:58:51 odroid kernel: [    5.332670@0] io scheduler noop registered
Aug  3 12:58:51 odroid kernel: [    5.336478@0] io scheduler deadline registered
Aug  3 12:58:51 odroid kernel: [    5.341048@0] io scheduler cfq registered (default)
Aug  3 12:58:51 odroid kernel: [    5.390308@0] [drm] Initialized drm 1.1.0 20060810
Aug  3 12:58:51 odroid kernel: [    5.390480@0] gpu cooling register okay with err=0
Aug  3 12:58:51 odroid kernel: [    5.397085@0] Mali: Mali device driver loaded
Aug  3 12:58:51 odroid kernel: [    5.398710@0] UMP: UMP device driver -jenkins-deb_kernel_c1-154 loaded
Aug  3 12:58:51 odroid kernel: [    5.407901@0] loop: module loaded
Aug  3 12:58:51 odroid kernel: [    5.408860@0] tun: Universal TUN/TAP device driver, 1.6
Aug  3 12:58:51 odroid kernel: [    5.413549@0] tun: (C) 1999-2004 Max Krasnyansky <maxk@qualcomm.com>
Aug  3 12:58:51 odroid kernel: [    5.420033@0] PPP generic driver version 2.4.2
Aug  3 12:58:51 odroid kernel: [    5.424627@0] usbcore: registered new interface driver usb-storage
Aug  3 12:58:51 odroid kernel: [    5.430562@0] usbcore: registered new interface driver usbserial
Aug  3 12:58:51 odroid kernel: [    5.436441@0] usbcore: registered new interface driver usbserial_generic
Aug  3 12:58:51 odroid kernel: [    5.443132@0] usbserial: USB Serial support registered for generic
Aug  3 12:58:51 odroid kernel: [    5.449485@0] mousedev: PS/2 mouse device common for all mice
Aug  3 12:58:51 odroid kernel: [    5.455186@0] i2c /dev entries driver
Aug  3 12:58:51 odroid kernel: [    5.458936@0] device-mapper: uevent: version 1.0.3
Aug  3 12:58:51 odroid kernel: [    5.463609@0] device-mapper: ioctl: 4.24.0-ioctl (2013-01-15) initialised: dm-devel@redhat.com
Aug  3 12:58:51 odroid kernel: [    5.472066@0] Bluetooth: HCI UART driver ver 2.2
Aug  3 12:58:51 odroid kernel: [    5.476499@0] Bluetooth: HCI H4 protocol initialized
Aug  3 12:58:51 odroid kernel: [    5.481448@0] Bluetooth: HCI BCSP protocol initialized
Aug  3 12:58:51 odroid kernel: [    5.486542@0] Bluetooth: HCILL protocol initialized
Aug  3 12:58:51 odroid kernel: [    5.491401@0] Bluetooth: HCIATH3K protocol initialized
Aug  3 12:58:51 odroid kernel: [    5.496499@0] Bluetooth: HCI Three-wire UART (H5) protocol initialized
Aug  3 12:58:51 odroid kernel: [    5.503546@0] ledtrig-cpu: registered to indicate activity on CPUs
Aug  3 12:58:51 odroid kernel: [    5.509220@0] hidraw: raw HID events driver (C) Jiri Kosina
Aug  3 12:58:51 odroid kernel: [    5.514924@0] usbcore: registered new interface driver usbhid
Aug  3 12:58:51 odroid kernel: [    5.520423@0] usbhid: USB HID core driver
Aug  3 12:58:51 odroid kernel: [    5.524596@0] efuse===========================================
Aug  3 12:58:51 odroid kernel: [    5.530351@0] efuse: device efuse created
Aug  3 12:58:51 odroid kernel: [    5.534211@0] efuse--------------------------------------------
Aug  3 12:58:51 odroid kernel: [    5.540073@0] vout_init_module
Aug  3 12:58:51 odroid kernel: [    5.543117@0] start init vout module 
Aug  3 12:58:51 odroid kernel: [    5.546854@0] create  vout attribute ok 
Aug  3 12:58:51 odroid kernel: [    5.550852@0] ge2d_init
Aug  3 12:58:51 odroid kernel: [    5.553214@0] ge2d_dev major:244
Aug  3 12:58:51 odroid kernel: [    5.556676@0] ge2d start monitor
Aug  3 12:58:51 odroid kernel: [    5.559878@0] osd_init
Aug  3 12:58:51 odroid kernel: [    5.559892@1] ge2d workqueue monitor start
Aug  3 12:58:51 odroid kernel: [    5.566328@0] osd_probe, vinfo:c06b2770
Aug  3 12:58:51 odroid kernel: [    5.570430@0] Frame buffer memory assigned at phy:0x06100000, vir:0xf1000000, size=24576K
Aug  3 12:58:51 odroid kernel: [    5.578268@0] osd_probe, mydef_var:c0997f90, vinfo:c06b2770
Aug  3 12:58:51 odroid kernel: [    5.583782@0] init fbdev bpp is :32
Aug  3 12:58:51 odroid kernel: [    5.587342@0] ---------------clear framebuffer0 memory  
Aug  3 12:58:51 odroid kernel: [    6.609998@0] Console: switching to colour frame buffer device 160x90
Aug  3 12:58:51 odroid kernel: [    6.623275@0] Frame buffer memory assigned at phy:0x07900000, vir:0xf0600000, size=1024K
Aug  3 12:58:51 odroid kernel: [    6.631245@0] osd_probe, mydef_var:c0997f90, vinfo:c06b2770
Aug  3 12:58:51 odroid kernel: [    6.636752@0] don't find to display_size_default from mesonfb-dts
Aug  3 12:58:51 odroid kernel: [    6.642804@0] init fbdev bpp is :24
Aug  3 12:58:51 odroid kernel: [    7.636665@0] osd probe ok  
Aug  3 12:58:51 odroid kernel: [    7.636733@0] hdmitx: video: get current mode: 1080p
Aug  3 12:58:51 odroid kernel: [    7.639005@0] hdmitx: video: get current mode: 1080p
Aug  3 12:58:51 odroid kernel: [    7.643940@0] hdmitx: system: gate/pwr cmd: 7
Aug  3 12:58:51 odroid kernel: [    7.648319@0] hdmitx: system: already init VIC = 0  Now VIC = 16
Aug  3 12:58:51 odroid kernel: [    7.654255@0] hdmitx: system:  16 (cd0,cs0,pm1,vd0,1) 
Aug  3 12:58:51 odroid kernel: [    7.659364@0] hdmitx: system: gate/pwr cmd: 0
Aug  3 12:58:51 odroid kernel: [    7.663671@0] hdmitx: system: hw reset
Aug  3 12:58:51 odroid kernel: [    7.668440@0] hdmitx: audio: SPDIF
Aug  3 12:58:51 odroid kernel: [    7.670810@0] reconfig packet setting done
Aug  3 12:58:51 odroid kernel: [    7.694823@0] hdmitx: system: set pll
Aug  3 12:58:51 odroid kernel: [    7.694896@0] hdmitx: system: param->VIC:16
Aug  3 12:58:51 odroid kernel: [    7.697073@0] mode is: 25
Aug  3 12:58:51 odroid kernel: [    7.699639@0] VPU_VIU_VENC_MUX_CTRL: 0xa
Aug  3 12:58:51 odroid kernel: [    7.703547@0] viu chan = 1
Aug  3 12:58:51 odroid kernel: [    7.706217@0] VPU_VIU_VENC_MUX_CTRL: 0xa
Aug  3 12:58:51 odroid kernel: [    7.710140@0] config HPLL
Aug  3 12:58:51 odroid kernel: [    7.726658@0] config HPLL done
Aug  3 12:58:51 odroid kernel: [    7.726729@0] enc_vpu_bridge_reset[314]
Aug  3 12:58:51 odroid kernel: [    7.866658@0] hdmitx: system: phy setting done
Aug  3 12:58:51 odroid kernel: [    7.866744@0] hdmi: Fixing to HDMI Mode
Aug  3 12:58:51 odroid kernel: [    7.869320@0] hdmi: Sink is HDMI device
Aug  3 12:58:51 odroid kernel: [    7.873134@0] hdmi: No sink attached
Aug  3 12:58:51 odroid kernel: [    7.876732@0] hdmitx: audio: audio channel num is 0
Aug  3 12:58:51 odroid kernel: [    7.881552@0] hdmitx: audio: SPDIF
Aug  3 12:58:51 odroid kernel: [    7.884910@0] hdmitx: audio: current VIC: 16
Aug  3 12:58:51 odroid kernel: [    7.889168@0] hdmitx: audio: audio sample rate: 0
Aug  3 12:58:51 odroid kernel: [    7.893837@0] hdmitx: audio: reset audio N para
Aug  3 12:58:51 odroid kernel: [    7.898369@0] hdmitx: audio: PCM out to HDMI
Aug  3 12:58:51 odroid kernel: [    7.915008@0] hdmitx: audio: Time out: AIU_HDMI_CLK_DATA_CTRL
Aug  3 12:58:51 odroid kernel: [    7.915183@0] hdmitx: audio: i2s_to_spdif_flag:1 
Aug  3 12:58:51 odroid kernel: [    7.919860@0] hdmitx: audio: Enable audio spdif to HDMI
Aug  3 12:58:51 odroid kernel: [    7.962859@0] amlvideo-000: V4L2 device registered as video10
Aug  3 12:58:51 odroid kernel: [    7.963275@0] ionvideo-000: V4L2 device registered as video13
Aug  3 12:58:51 odroid kernel: [    7.968778@0] Video Technology Magazine Ion Video Capture Board ver 1.0 successfully loaded.
Aug  3 12:58:51 odroid kernel: [    7.977197@0] DI: di_init
Aug  3 12:58:51 odroid kernel: [    7.977239@0] DI: di_probe
Aug  3 12:58:51 odroid kernel: [    7.977596@0] aml_wdt_driver_init,306
Aug  3 12:58:51 odroid kernel: [    7.980775@0] ** disable watchdog
Aug  3 12:58:51 odroid kernel: [    7.984139@0] one-secod=7812,min_timeout=1,max_timeout=8,default_timeout=10,reset_watchdog_method=0,reset_watchdog_time=2,shutdown_timeout=10,firmware_timeout=6,suspend_timeout=6
Aug  3 12:58:51 odroid kernel: [    8.000340@0] AML Watchdog Timer probed done 
Aug  3 12:58:51 odroid kernel: [    8.004533@0] set uart_ao pinmux use pinctrl subsystem
Aug  3 12:58:51 odroid kernel: [    8.009413@0] P_AO_RTI_PIN_MUX_REG:11801
Aug  3 12:58:51 odroid kernel: [    8.013261@0] start uart_ao_ttyS0:(irq = 122)
Aug  3 12:58:51 odroid kernel: [    8.017616@0] register uart_ao ok
Aug  3 12:58:51 odroid kernel: [    8.021067@0] set uart_b pinmux use pinctrl subsystem
Aug  3 12:58:51 odroid kernel: [    8.025893@0] P_AO_RTI_PIN_MUX_REG:11801
Aug  3 12:58:51 odroid kernel: [    8.033259@0] start uart_b_ttyS2:(irq = 107)
Aug  3 12:58:51 odroid kernel: [    8.037427@0] register uart_b ok
Aug  3 12:58:51 odroid kernel: [    8.040931@0] dwc_otg: version 3.10a 12-MAY-2014
Aug  3 12:58:51 odroid kernel: [    8.045225@0] dwc_otg lm-root: dwc_otg_driver_probe(ef367a00)
Aug  3 12:58:51 odroid kernel: [    8.045236@0] dwc_otg_driver_probe NOT match
Aug  3 12:58:51 odroid kernel: [    8.049491@0] dwc_otg lm1: dwc_otg_driver_probe(ef367c00)
Aug  3 12:58:51 odroid kernel: [    8.089496@0] usb1: type: 1, speed: 0, config: 0, dma: 0, id: 1, phy: fe108820, ctrl: fe080000
Aug  3 12:58:51 odroid kernel: [    8.096002@0] USB (1) use clock source: XTAL input
Aug  3 12:58:51 odroid kernel: [    8.101826@0] dwc_otg lm1: base=0xfe080000
Aug  3 12:58:51 odroid kernel: [    8.101837@0] dwc_otg lm1: dwc_otg_device=0xef5eb640
Aug  3 12:58:51 odroid kernel: [    8.121945@0] Core Release: 3.10a
Aug  3 12:58:51 odroid kernel: [    8.125488@0] Setting default values for core params
Aug  3 12:58:51 odroid kernel: [    8.129071@0] curmode: 1, host_only: 1
Aug  3 12:58:51 odroid kernel: [    8.132593@0] dwc_otg lm1: DMA config: BURST_DEFAULT
Aug  3 12:58:51 odroid kernel: [    8.152747@0] Using Buffer DMA mode
Aug  3 12:58:51 odroid kernel: [    8.156236@0] OTG VER PARAM: 1, OTG VER FLAG: 1
Aug  3 12:58:51 odroid kernel: [    8.159758@0] Working on port type = HOST
Aug  3 12:58:51 odroid kernel: [    8.163446@0] dwc_otg lm1: DWC OTG Controller
Aug  3 12:58:51 odroid kernel: [    8.166975@0] dwc_otg lm1: new USB bus registered, assigned bus number 1
Aug  3 12:58:51 odroid kernel: [    8.173596@0] dwc_otg lm1: irq 63, io mem 0x00000000
Aug  3 12:58:51 odroid kernel: [    8.178513@0] -------hcd->flags.d32 = 0
Aug  3 12:58:51 odroid kernel: [    8.182312@0] Init: Port Power? op_state=1
Aug  3 12:58:51 odroid kernel: [    8.186366@0] Init1: Power Port (0)
Aug  3 12:58:51 odroid kernel: [    8.190373@0] hub 1-0:1.0: USB hub found
Aug  3 12:58:51 odroid kernel: [    8.193890@0] hub 1-0:1.0: 1 port detected
Aug  3 12:58:51 odroid kernel: [    8.198029@0] dwc_otg lm0: dwc_otg_driver_probe(ef367e00)
Aug  3 12:58:51 odroid kernel: [    8.198067@0] usb0: type: 0, speed: 0, config: 0, dma: 0, id: 0, phy: fe108800, ctrl: fe040000
Aug  3 12:58:51 odroid kernel: [    8.206514@0] USB (0) use clock source: XTAL input
Aug  3 12:58:51 odroid kernel: [    8.212297@0] dwc_otg lm0: base=0xfe040000
Aug  3 12:58:51 odroid kernel: [    8.212307@0] dwc_otg lm0: dwc_otg_device=0xef5f88c0
Aug  3 12:58:51 odroid kernel: [    8.232399@0] Core Release: 3.10a
Aug  3 12:58:51 odroid kernel: [    8.235991@0] Setting default values for core params
Aug  3 12:58:51 odroid kernel: [    8.239613@0] curmode: 1, host_only: 0
Aug  3 12:58:51 odroid kernel: [    8.283124@0] dwc_otg lm0: DMA config: BURST_DEFAULT
Aug  3 12:58:51 odroid kernel: [    8.303281@0] Using Buffer DMA mode
Aug  3 12:58:51 odroid kernel: [    8.306819@0] OTG VER PARAM: 1, OTG VER FLAG: 1
Aug  3 12:58:51 odroid kernel: [    8.310323@0] Working on port type = OTG
Aug  3 12:58:51 odroid kernel: [    8.313814@0] Current port type: SLAVE
Aug  3 12:58:51 odroid kernel: [    8.317507@0] dwc_otg lm0: DWC OTG Controller
Aug  3 12:58:51 odroid kernel: [    8.321088@0] dwc_otg lm0: new USB bus registered, assigned bus number 2
Aug  3 12:58:51 odroid kernel: [    8.327784@0] dwc_otg lm0: irq 62, io mem 0x00000000
Aug  3 12:58:51 odroid kernel: [    8.333089@0] hub 2-0:1.0: USB hub found
Aug  3 12:58:51 odroid kernel: [    8.336546@0] hub 2-0:1.0: 1 port detected
Aug  3 12:58:51 odroid kernel: [    8.340755@0] Dedicated Tx FIFOs mode
Aug  3 12:58:51 odroid kernel: [    8.344567@0] using timer detect id change, ef59a400
Aug  3 12:58:51 odroid kernel: [    8.349390@0] ethernet_driver probe!
Aug  3 12:58:51 odroid kernel: [    8.352819@0] ethernetinit(dbg[c099cbac]=1)
Aug  3 12:58:51 odroid kernel: [    8.356941@0] ethernet base addr is fe0c0000
Aug  3 12:58:51 odroid kernel: [    8.361176@0] write mac add to:eea22288: 00 1e 06 c0 8e 9a |.....|
Aug  3 12:58:51 odroid kernel: [    8.371671@0] libphy: AMLMAC MII Bus: probed
Aug  3 12:58:51 odroid kernel: [    8.375167@0] eth0: PHY ID 001cc916 at 0 IRQ -1 (0:00) active
Aug  3 12:58:51 odroid kernel: [    8.379542@0] eth0: PHY ID 001cc916 at 1 IRQ -1 (0:01) active
Aug  3 12:58:51 odroid kernel: [    8.385345@0] amvideocap_init_module
Aug  3 12:58:51 odroid kernel: [    8.388953@0] amvideocap_probe,amvideocap
Aug  3 12:58:51 odroid kernel: [    8.392727@0] amvideocap_dev_register buf:0da00000,size:a00000.
Aug  3 12:58:51 odroid kernel: [    8.398724@1] Indeed it is in host mode hprt0 = 00021501
Aug  3 12:58:51 odroid kernel: [    8.398914@0] Amlogic A/V streaming port init
Aug  3 12:58:51 odroid kernel: [    8.400106@0] init vdec memsource 9a00000->d9fffff
Aug  3 12:58:51 odroid kernel: [    8.400198@0] [tsync_pcr_init]init success. 
Aug  3 12:58:51 odroid kernel: [    8.400242@0] regist mpeg12 codec profile
Aug  3 12:58:51 odroid kernel: [    8.400284@0] regist mpeg4 codec profile
Aug  3 12:58:51 odroid kernel: [    8.400286@0] amvdec_vc1 module init
Aug  3 12:58:51 odroid kernel: [    8.400327@0] regist vc1 codec profile
Aug  3 12:58:51 odroid kernel: [    8.400329@0] amvdec_h264 module init
Aug  3 12:58:51 odroid kernel: [    8.400401@0] regist h264 codec profile
Aug  3 12:58:51 odroid kernel: [    8.400403@0] amvdec_h265 module init
Aug  3 12:58:51 odroid kernel: [    8.400444@0] regist hevc codec profile
Aug  3 12:58:51 odroid kernel: [    8.400487@0] regist mjpeg codec profile
Aug  3 12:58:51 odroid kernel: [    8.400489@0] amvdec_real module init
Aug  3 12:58:51 odroid kernel: [    8.400530@0] regist real codec profile
Aug  3 12:58:51 odroid kernel: [    8.400532@0] amvdec_avs module init
Aug  3 12:58:51 odroid kernel: [    8.400697@0] regist avc codec profile
Aug  3 12:58:51 odroid kernel: [    8.400699@0] jpegenc module init
Aug  3 12:58:51 odroid kernel: [    8.400896@0] alloc_keep_buffer keep_y_addr ee600000
Aug  3 12:58:51 odroid kernel: [    8.400966@0] alloc_keep_buffer keep_u_addr eeb00000
Aug  3 12:58:51 odroid kernel: [    8.400993@0] alloc_keep_buffer keep_v_addr eec00000
Aug  3 12:58:51 odroid kernel: [    8.401012@0] yaddr=ee600000,u_addr=eeb00000,v_addr=eec00000
Aug  3 12:58:51 odroid kernel: [    8.401308@0] create_ge2d_work_queue video task ok 
Aug  3 12:58:51 odroid kernel: [    8.401533@0] SARADC Driver init.
Aug  3 12:58:51 odroid kernel: [    8.401648@0] __saradc_probe__
Aug  3 12:58:51 odroid kernel: [    8.546792@3] saradc calibration: ref_val = 510
Aug  3 12:58:51 odroid kernel: [    8.549994@3] saradc calibration: ref_nominal = 512
Aug  3 12:58:51 odroid kernel: [    8.553668@3] saradc calibration: coef = 4064
Aug  3 12:58:51 odroid kernel: [    8.558220@3] ir irblaster probe
Aug  3 12:58:51 odroid kernel: [    8.561535@3] Remote Driver
Aug  3 12:58:51 odroid kernel: [    8.564739@3] ==touch_ts_init==
Aug  3 12:58:51 odroid kernel: [    8.567968@3] ==ft5x0x_ts_init==
Aug  3 12:58:51 odroid kernel: [    8.571081@3] ==goodix_ts_init==
Aug  3 12:58:51 odroid kernel: [    8.574170@3] i2c-core: driver [gslx680_compatible] using legacy suspend method
Aug  3 12:58:51 odroid kernel: [    8.580759@3] i2c-core: driver [gslx680_compatible] using legacy resume method
Aug  3 12:58:51 odroid kernel: [    8.587970@3] !!!ntp_ts: ret = 0. 
Aug  3 12:58:51 odroid kernel: [    8.591261@3] VTL ct36x TouchScreen driver, <george.chen@vtl.com.cn>.
Aug  3 12:58:51 odroid kernel: [    8.597769@3] i2c-core: driver [ct36x] using legacy suspend method
Aug  3 12:58:51 odroid kernel: [    8.603851@3] i2c-core: driver [ct36x] using legacy resume method
Aug  3 12:58:51 odroid kernel: [    8.609865@3] VTL ct36x TouchScreen driver End.
Aug  3 12:58:51 odroid kernel: [    8.614345@3] ==gsl_ts_init==
Aug  3 12:58:51 odroid kernel: [    8.617413@3] ret=0
Aug  3 12:58:51 odroid kernel: [    8.620574@3] i2c-core: driver [mir3da] using legacy suspend method
Aug  3 12:58:51 odroid kernel: [    8.625631@3] i2c-core: driver [mir3da] using legacy resume method
Aug  3 12:58:51 odroid kernel: [    8.631802@3] i2c-core: driver [lis3dh_acc] using legacy suspend method
Aug  3 12:58:51 odroid kernel: [    8.638364@3] i2c-core: driver [lis3dh_acc] using legacy resume method
Aug  3 12:58:51 odroid kernel: [    8.644886@3] i2c-core: driver [bma222] using legacy suspend method
Aug  3 12:58:51 odroid kernel: [    8.651075@3] i2c-core: driver [bma222] using legacy resume method
Aug  3 12:58:51 odroid kernel: [    8.657248@3] i2c-core: driver [dmard06] using legacy suspend method
Aug  3 12:58:51 odroid kernel: [    8.663492@3] i2c-core: driver [dmard06] using legacy resume method
Aug  3 12:58:51 odroid kernel: [    8.669752@3] lsm303d driver: init
Aug  3 12:58:51 odroid kernel: [    8.673125@3] i2c-core: driver [dmard10] using legacy suspend method
Aug  3 12:58:51 odroid kernel: [    8.676692@1] usb 1-1: new high-speed USB device number 2 using dwc_otg
Aug  3 12:58:51 odroid kernel: [    8.686119@3] i2c-core: driver [dmard10] using legacy resume method
Aug  3 12:58:51 odroid kernel: [    8.692350@1] Indeed it is in host mode hprt0 = 00001101
Aug  3 12:58:51 odroid kernel: [    8.692382@3] stk8313_init
Aug  3 12:58:51 odroid kernel: [    8.692405@3] ======stk831x init ok======
Aug  3 12:58:51 odroid kernel: [    8.692407@3] stk831x_init
Aug  3 12:58:51 odroid kernel: [    8.692430@3] mxc622x accelerometer driver: init
Aug  3 12:58:51 odroid kernel: [    8.692452@3] i2c-core: driver [mxc622x] using legacy suspend method
Aug  3 12:58:51 odroid kernel: [    8.692454@3] i2c-core: driver [mxc622x] using legacy resume method
Aug  3 12:58:51 odroid kernel: [    8.692457@3] mxc6255xc accelerometer driver: init
Aug  3 12:58:51 odroid kernel: [    8.692486@3] i2c-core: driver [mxc6255xc] using legacy suspend method
Aug  3 12:58:51 odroid kernel: [    8.692488@3] i2c-core: driver [mxc6255xc] using legacy resume method
Aug  3 12:58:51 odroid kernel: [    8.692553@3] cm3217 v.1.0.0.1
Aug  3 12:58:51 odroid kernel: [    8.692581@3] i2c-core: driver [elan_epl6814] using legacy suspend method
Aug  3 12:58:51 odroid kernel: [    8.692583@3] i2c-core: driver [elan_epl6814] using legacy resume method
Aug  3 12:58:51 odroid kernel: [    8.692606@3] i2c-core: driver [LTR501] using legacy suspend method
Aug  3 12:58:51 odroid kernel: [    8.692608@3] i2c-core: driver [LTR501] using legacy resume method
Aug  3 12:58:51 odroid kernel: [    8.692722@3] mmc driver version: 1.07, 2014-06-30: eMMC add hw reset function
Aug  3 12:58:51 odroid kernel: [    8.778576@3] host->base fe108e00
Aug  3 12:58:51 odroid kernel: [    8.781769@3] pdata->caps 80000546
Aug  3 12:58:51 odroid kernel: [    8.784856@3] pdata->caps2 21
Aug  3 12:58:51 odroid kernel: [    8.787910@3] get property:                     port, value:0x00000005
Aug  3 12:58:51 odroid kernel: [    8.793854@3] get property:                ocr_avail, value:0x00200080
Aug  3 12:58:51 odroid kernel: [    8.800331@3] get property:                    f_min, value:0x000493e0
Aug  3 12:58:51 odroid kernel: [    8.806839@3] get property:                    f_max, value:0x05f5e100
Aug  3 12:58:51 odroid kernel: [    8.813286@3] get property:             max_req_size, value:0x00020000
Aug  3 12:58:51 odroid kernel: [    8.819798@3] get property:                  pinname, str:emmc
Aug  3 12:58:51 odroid kernel: [    8.825565@3] get property:                card_type, value:0x00000001
Aug  3 12:58:51 odroid kernel: [    8.832062@3] get property:                gpio_dat3, str:BOOT_3
Aug  3 12:58:51 odroid kernel: [    8.838017@3] [is_emmc_exist] host->storage_flag=0, POR_BOOT_VALUE=1
Aug  3 12:58:51 odroid kernel: [    8.896688@0] emmc: mmc_rescan_try_freq: trying to init card at 400000 Hz
Aug  3 12:58:51 odroid kernel: [    8.900842@0] aml_emmc_hw_reset 1379
Aug  3 12:58:51 odroid kernel: [    8.956662@3] [aml_sdhc_probe] aml_sdhc_probe() success!
Aug  3 12:58:51 odroid kernel: [    8.960374@3] host->base fe108c20
Aug  3 12:58:51 odroid kernel: [    8.963464@3] pdata->caps 107
Aug  3 12:58:51 odroid kernel: [    8.966501@3] pdata->caps2 0
Aug  3 12:58:51 odroid kernel: [    8.969541@3] get property:                     port, value:0x00000001
Aug  3 12:58:51 odroid kernel: [    8.974978@3] get property:                ocr_avail, value:0x00200000
Aug  3 12:58:51 odroid kernel: [    8.981543@3] get property:                    f_min, value:0x000493e0
Aug  3 12:58:51 odroid kernel: [    8.988067@3] get property:                    f_max, value:0x02faf080
Aug  3 12:58:51 odroid kernel: [    8.994523@3] get property:                  f_max_w, value:0x02faf080
Aug  3 12:58:51 odroid kernel: [    9.001031@3] get property:             max_req_size, value:0x00020000
Aug  3 12:58:51 odroid kernel: [    9.007518@3] get property:                   irq_in, value:0x00000003
Aug  3 12:58:51 odroid kernel: [    9.014006@3] get property:                  irq_out, value:0x00000005
Aug  3 12:58:51 odroid kernel: [    9.020638@3] get property:                  gpio_cd, str:CARD_6
Aug  3 12:58:51 odroid kernel: [    9.026515@3] hub 1-1:1.0: USB hub found
Aug  3 12:58:51 odroid kernel: [    9.030295@1] get property:                  pinname, str:sd
Aug  3 12:58:51 odroid kernel: [    9.030605@3] hub 1-1:1.0: 4 ports detected
Aug  3 12:58:51 odroid kernel: [    9.040150@1] get property:                card_type, value:0x00000005
Aug  3 12:58:51 odroid kernel: [    9.046681@1] get property:                gpio_dat3, str:CARD_4
Aug  3 12:58:51 odroid kernel: [    9.052598@1] get property:               gpio_volsw, str:GPIOAO_3
Aug  3 12:58:51 odroid kernel: [    9.125409@2] emmc: BKOPS_EN bit is not set
Aug  3 12:58:51 odroid kernel: [    9.128571@2] ###check hw reset function is already enabled here
Aug  3 12:58:51 odroid kernel: [    9.156666@1] [aml_sdio_probe] aml_sdio_probe() success!
Aug  3 12:58:51 odroid kernel: [    9.160051@1] [dsp]DSP start addr 0xc5e00000
Aug  3 12:58:51 odroid kernel: [    9.163851@1] [dsp]register dsp to char divece(257)
Aug  3 12:58:51 odroid kernel: [    9.169395@1] aml_rtc rtc.1: rtc core: registered aml_rtc as rtc0
Aug  3 12:58:51 odroid kernel: [    9.175743@1] amlogic rfkill init
Aug  3 12:58:51 odroid kernel: [    9.137274@2] [aml_sd_voltage_switch][0;40;32m switch to 1.8V for a non-uhs device.
